Archive member included because of file (symbol)

C:/Freescale/CW MCU v10.6/MCU/ARM_GCC_Support/ewl/lib/armv7e-m/fpu\libc.a(ansi_files.o)
                              ./Sources/mymalloc.o (__files)
C:/Freescale/CW MCU v10.6/MCU/ARM_GCC_Support/ewl/lib/armv7e-m/fpu\libc.a(fflush.o)
                              C:/Freescale/CW MCU v10.6/MCU/ARM_GCC_Support/ewl/lib/armv7e-m/fpu\libc.a(ansi_files.o) (fflush)
C:/Freescale/CW MCU v10.6/MCU/ARM_GCC_Support/ewl/lib/armv7e-m/fpu\libc.a(fgetc.o)
                              ./Sources/myerror.o (fgetc)
C:/Freescale/CW MCU v10.6/MCU/ARM_GCC_Support/ewl/lib/armv7e-m/fpu\libc.a(fwrite.o)
                              ./Sources/mymalloc.o (fwrite)
C:/Freescale/CW MCU v10.6/MCU/ARM_GCC_Support/ewl/lib/armv7e-m/fpu\libc.a(printf.o)
                              ./Sources/main.o (printf)
C:/Freescale/CW MCU v10.6/MCU/ARM_GCC_Support/ewl/lib/armv7e-m/fpu\libc.a(putchar.o)
                              ./Sources/SDHC_FAT32_Files.o (putchar)
C:/Freescale/CW MCU v10.6/MCU/ARM_GCC_Support/ewl/lib/armv7e-m/fpu\libc.a(puts.o)
                              ./Sources/main.o (puts)
C:/Freescale/CW MCU v10.6/MCU/ARM_GCC_Support/ewl/lib/armv7e-m/fpu\libc.a(snprintf.o)
                              ./Sources/myerror.o (snprintf)
C:/Freescale/CW MCU v10.6/MCU/ARM_GCC_Support/ewl/lib/armv7e-m/fpu\libc.a(vsnprintf.o)
                              C:/Freescale/CW MCU v10.6/MCU/ARM_GCC_Support/ewl/lib/armv7e-m/fpu\libc.a(snprintf.o) (vsnprintf)
C:/Freescale/CW MCU v10.6/MCU/ARM_GCC_Support/ewl/lib/armv7e-m/fpu\libc.a(alloc.o)
                              ./Sources/mymalloc.o (malloc)
C:/Freescale/CW MCU v10.6/MCU/ARM_GCC_Support/ewl/lib/armv7e-m/fpu\libc.a(exit.o)
                              ./Project_Settings/Startup_Code/__arm_start.o (exit)
C:/Freescale/CW MCU v10.6/MCU/ARM_GCC_Support/ewl/lib/armv7e-m/fpu\libc.a(__memrchr.o)
                              C:/Freescale/CW MCU v10.6/MCU/ARM_GCC_Support/ewl/lib/armv7e-m/fpu\libc.a(fwrite.o) (__memrchr)
C:/Freescale/CW MCU v10.6/MCU/ARM_GCC_Support/ewl/lib/armv7e-m/fpu\libc.a(memcmp.o)
                              ./Sources/bootSector.o (memcmp)
C:/Freescale/CW MCU v10.6/MCU/ARM_GCC_Support/ewl/lib/armv7e-m/fpu\libc.a(memcpy.o)
                              C:/Freescale/CW MCU v10.6/MCU/ARM_GCC_Support/ewl/lib/armv7e-m/fpu\libc.a(fwrite.o) (memcpy)
C:/Freescale/CW MCU v10.6/MCU/ARM_GCC_Support/ewl/lib/armv7e-m/fpu\libc.a(memset.o)
                              ./Project_Settings/Startup_Code/__arm_start.o (memset)
C:/Freescale/CW MCU v10.6/MCU/ARM_GCC_Support/ewl/lib/armv7e-m/fpu\libc.a(strncmp.o)
                              ./Sources/SDHC_FAT32_Files.o (strncmp)
C:/Freescale/CW MCU v10.6/MCU/ARM_GCC_Support/ewl/lib/armv7e-m/fpu\libc.a(printformat_.o)
                              (__pformatter_)
C:/Freescale/CW MCU v10.6/MCU/ARM_GCC_Support/ewl/lib/armv7e-m/fpu\libc.a(scanformat_.o)
                              (__sformatter)
C:/Freescale/CW MCU v10.6/MCU/ARM_GCC_Support/ewl/lib/armv7e-m/fpu\libc.a(ctype_aeabi.o)
                              C:/Freescale/CW MCU v10.6/MCU/ARM_GCC_Support/ewl/lib/armv7e-m/fpu\libc.a(scanformat_.o) (isspace)
C:/Freescale/CW MCU v10.6/MCU/ARM_GCC_Support/ewl/lib/armv7e-m/fpu\libc.a(__buffer_io.o)
                              C:/Freescale/CW MCU v10.6/MCU/ARM_GCC_Support/ewl/lib/armv7e-m/fpu\libc.a(fwrite.o) (__prep_buffer)
C:/Freescale/CW MCU v10.6/MCU/ARM_GCC_Support/ewl/lib/armv7e-m/fpu\libc.a(__getchar.o)
                              C:/Freescale/CW MCU v10.6/MCU/ARM_GCC_Support/ewl/lib/armv7e-m/fpu\libc.a(fgetc.o) (__get_char)
C:/Freescale/CW MCU v10.6/MCU/ARM_GCC_Support/ewl/lib/armv7e-m/fpu\libc.a(__putchar.o)
                              C:/Freescale/CW MCU v10.6/MCU/ARM_GCC_Support/ewl/lib/armv7e-m/fpu\libc.a(putchar.o) (__put_char)
C:/Freescale/CW MCU v10.6/MCU/ARM_GCC_Support/ewl/lib/armv7e-m/fpu\libc.a(__strtoul.o)
                              C:/Freescale/CW MCU v10.6/MCU/ARM_GCC_Support/ewl/lib/armv7e-m/fpu\libc.a(scanformat_.o) (__strtoul)
C:/Freescale/CW MCU v10.6/MCU/ARM_GCC_Support/ewl/lib/armv7e-m/fpu\libc.a(__filll_mem.o)
                              C:/Freescale/CW MCU v10.6/MCU/ARM_GCC_Support/ewl/lib/armv7e-m/fpu\libc.a(memset.o) (__fill_mem)
C:/Freescale/CW MCU v10.6/MCU/ARM_GCC_Support/ewl/lib/armv7e-m/fpu\libc.a(memchr.o)
                              C:/Freescale/CW MCU v10.6/MCU/ARM_GCC_Support/ewl/lib/armv7e-m/fpu\libc.a(printformat_.o) (memchr)
C:/Freescale/CW MCU v10.6/MCU/ARM_GCC_Support/ewl/lib/armv7e-m/fpu\libc.a(strchr.o)
                              C:/Freescale/CW MCU v10.6/MCU/ARM_GCC_Support/ewl/lib/armv7e-m/fpu\libc.a(printformat_.o) (strchr)
C:/Freescale/CW MCU v10.6/MCU/ARM_GCC_Support/ewl/lib/armv7e-m/fpu\libc.a(strlen.o)
                              C:/Freescale/CW MCU v10.6/MCU/ARM_GCC_Support/ewl/lib/armv7e-m/fpu\libc.a(printformat_.o) (strlen)
C:/Freescale/CW MCU v10.6/MCU/ARM_GCC_Support/ewl/lib/armv7e-m/fpu\librt.a(gcc_ctor_dtor.o)
[...]
Memory Configuration

Name             Origin             Length             Attributes
m_interrupts     0x1fff0000         0x000001e8         xr
m_text           0x1fff01e8         0x0000fe18         xr
m_data           0x20000000         0x00010000         rw
*default*        0x00000000         0xffffffff

Linker script and memory map

LOAD ./Project_Settings/Startup_Code/kinetis_sysinit.o
LOAD ./Project_Settings/Startup_Code/__arm_start.o
LOAD ./Project_Settings/Startup_Code/__arm_end.o
LOAD ./Sources/util.o
LOAD ./Sources/uartNL.o
LOAD ./Sources/uart.o
LOAD ./Sources/mymalloc.o
LOAD ./Sources/myerror.o
LOAD ./Sources/microSD.o
LOAD ./Sources/main.o
LOAD ./Sources/fsInfo.o
LOAD ./Sources/bootSector.o
LOAD ./Sources/SDHC_FAT32_Files.o
LOAD ./Sources/FAT.o
                0x1fff2814                __pformatter = __pformatter_
                [0x1fff2c0c]                __sformatter = __sformatter
START GROUP
LOAD C:/Freescale/CW MCU v10.6/MCU/ARM_GCC_Support/ewl/lib/armv7e-m/fpu\libc.a
LOAD C:/Freescale/CW MCU v10.6/MCU/ARM_GCC_Support/ewl/lib/armv7e-m/fpu\libm.a
LOAD c:/freescale/cw mcu v10.6/cross_tools/arm-none-eabi-gcc-4_7_3/bin/../lib/gcc/arm-none-eabi/4.7.3/armv7e-m/fpu\libgcc.a
LOAD C:/Freescale/CW MCU v10.6/MCU/ARM_GCC_Support/ewl/lib/armv7e-m/fpu\librt.a
LOAD C:/Freescale/CW MCU v10.6/MCU/ARM_GCC_Support/ewl/lib/armv7e-m/fpu\libhosted.a
END GROUP
                0x20010000                _estack = 0x20010000
                0x20010000                __SP_INIT = _estack
                0x00000800                __heap_size = 0x800
                0x00000800                __stack_size = 0x800

.interrupts     0x1fff0000      0x1e8
                0x1fff0000                __vector_table = .
                0x1fff0000                . = ALIGN (0x4)
 *(.vectortable)
 .vectortable   0x1fff0000      0x1e8 ./Project_Settings/Startup_Code/kinetis_sysinit.o
                0x1fff0000                InterruptVector
                0x1fff01e8                . = ALIGN (0x4)

.text           0x1fff01e8     0x3f70
                0x1fff01e8                . = ALIGN (0x4)
 *(.text)
 *(.text*)
 .text.Default_Handler
                0x1fff01e8        0xc ./Project_Settings/Startup_Code/kinetis_sysinit.o
                0x1fff01e8                HardFault_Handler
                0x1fff01e8                SysTick_Handler
                0x1fff01e8                PendSV_Handler
                0x1fff01e8                NMI_Handler
                0x1fff01e8                UsageFault_Handler
                0x1fff01e8                Default_Handler
                0x1fff01e8                MemManage_Handler
                0x1fff01e8                SVC_Handler
                0x1fff01e8                BusFault_Handler
                0x1fff01e8                DebugMonitor_Handler
 .text.__init_hardware
                0x1fff01f4       0x44 ./Project_Settings/Startup_Code/kinetis_sysinit.o
                0x1fff01f4                __init_hardware
 .text.zero_fill_bss
                0x1fff0238       0x2c ./Project_Settings/Startup_Code/__arm_start.o
 .text.__thumb_startup
                0x1fff0264       0x38 ./Project_Settings/Startup_Code/__arm_start.o
                0x1fff0264                __thumb_startup
 .text._ExitProcess
                0x1fff029c       0x10 ./Project_Settings/Startup_Code/__arm_end.o
                0x1fff029c                _ExitProcess
 .text.uartPutsNL
                0x1fff02ac       0x44 ./Sources/uartNL.o
                0x1fff02ac                uartPutsNL
 .text.uartPutchar
                0x1fff02f0       0x2c ./Sources/uart.o
                0x1fff02f0                uartPutchar
 .text.microSDCardDetectConfig
                0x1fff031c       0x50 ./Sources/microSD.o
                0x1fff031c                microSDCardDetectConfig
 .text.microSDCardDisableCardDetectARMPullDownResistor
                0x1fff036c       0x18 ./Sources/microSD.o
                0x1fff036c                microSDCardDisableCardDetectARMPullDownResistor
 .text.microSDCardDetectedUsingSwitch
                0x1fff0384       0x30 ./Sources/microSD.o
                0x1fff0384                microSDCardDetectedUsingSwitch
 .text.sdhc_initialize
                0x1fff03b4      0x14c ./Sources/microSD.o
                0x1fff03b4                sdhc_initialize
 .text.sdhc_command
                0x1fff0500      0x148 ./Sources/microSD.o
 .text.sdhc_no_response_command
                0x1fff0648       0x2c ./Sources/microSD.o
 .text.sdhc_response_48_command
                0x1fff0674       0x70 ./Sources/microSD.o
 .text.sdhc_response_136_command
                0x1fff06e4       0xa8 ./Sources/microSD.o
 .text.sdhc_command_go_idle_state
                0x1fff078c       0x18 ./Sources/microSD.o
 .text.sdhc_command_send_if_cond
                0x1fff07a4       0x54 ./Sources/microSD.o
 .text.sdhc_command_app_cmd
                0x1fff07f8       0x58 ./Sources/microSD.o
 .text.sdhc_command_send_op_cond
                0x1fff0850       0x50 ./Sources/microSD.o
 .text.sdhc_command_send_set_clr_card_detect_disconnect
                0x1fff08a0       0x44 ./Sources/microSD.o
 .text.sdhc_command_send_set_clr_card_detect_connect
                0x1fff08e4       0x44 ./Sources/microSD.o
                0x1fff08e4                sdhc_command_send_set_clr_card_detect_connect
 .text.sdhc_init
                0x1fff0928      0x15c ./Sources/microSD.o
 .text.sdhc_card_init
                0x1fff0a84       0x2c ./Sources/microSD.o
 .text.sdhc_command_all_send_cid
                0x1fff0ab0       0x2c ./Sources/microSD.o
 .text.sdhc_command_send_relative_address
                0x1fff0adc       0x80 ./Sources/microSD.o
 .text.sdhc_command_send_csd
                0x1fff0b5c       0x2c ./Sources/microSD.o
 .text.sdhc_command_select_card
                0x1fff0b88       0x2c ./Sources/microSD.o
 .text.sdhc_command_send_status
                0x1fff0bb4       0x2c ./Sources/microSD.o
 .text.sdhc_read_single_block
                0x1fff0be0       0x9c ./Sources/microSD.o
                0x1fff0be0                sdhc_read_single_block
 .text.main     0x1fff0c7c       0x70 ./Sources/main.o
                0x1fff0c7c                main
 .text.FSInfo_sector_read
                0x1fff0cec      0x38c ./Sources/fsInfo.o
                0x1fff0cec                FSInfo_sector_read
 .text.boot_sector_read
                0x1fff1078      0xa10 ./Sources/bootSector.o
                0x1fff1078                boot_sector_read
 .text.first_sector_of_cluster
                0x1fff1a88       0x34 ./Sources/bootSector.o
                0x1fff1a88                first_sector_of_cluster
 .text.file_structure_mount
                0x1fff1abc       0xbc ./Sources/SDHC_FAT32_Files.o
                0x1fff1abc                file_structure_mount
 .text.file_structure_umount
                0x1fff1b78       0x34 ./Sources/SDHC_FAT32_Files.o
                0x1fff1b78                file_structure_umount
 .text.dir_set_cwd_to_root
                0x1fff1bac       0x44 ./Sources/SDHC_FAT32_Files.o
                0x1fff1bac                dir_set_cwd_to_root
 .text.dir_entry_print_attributes
                0x1fff1bf0       0x88 ./Sources/SDHC_FAT32_Files.o
                0x1fff1bf0                dir_entry_print_attributes
 .text.read_all
                0x1fff1c78       0xc0 ./Sources/SDHC_FAT32_Files.o
                0x1fff1c78                read_all
 .text.dir_read_sector_search
                0x1fff1d38      0x188 ./Sources/SDHC_FAT32_Files.o
                0x1fff1d38                dir_read_sector_search
 .text.dir_find_file
                0x1fff1ec0       0xa8 ./Sources/SDHC_FAT32_Files.o
                0x1fff1ec0                dir_find_file
 .text.file_open
                0x1fff1f68       0x84 ./Sources/SDHC_FAT32_Files.o
                0x1fff1f68                file_open
 .text.determineEndianness
                0x1fff1fec       0x54 ./Sources/FAT.o
 .text.read_FAT_entry
                0x1fff2040       0xe8 ./Sources/FAT.o
                0x1fff2040                read_FAT_entry
 .text.read_FAT
                0x1fff2128       0xf4 ./Sources/FAT.o
 .text.__fwrite
                0x1fff221c      0x158 C:/Freescale/CW MCU v10.6/MCU/ARM_GCC_Support/ewl/lib/armv7e-m/fpu\libc.a(fwrite.o)
                0x1fff221c                __fwrite
 .text.__FileWrite
                0x1fff2374       0x1a C:/Freescale/CW MCU v10.6/MCU/ARM_GCC_Support/ewl/lib/armv7e-m/fpu\libc.a(fwrite.o)
                0x1fff2374                __FileWrite
 *fill*         0x1fff238e        0x2 00
 .text.printf   0x1fff2390       0x2c C:/Freescale/CW MCU v10.6/MCU/ARM_GCC_Support/ewl/lib/armv7e-m/fpu\libc.a(printf.o)
                0x1fff2390                printf
 .text.putchar  0x1fff23bc       0x28 C:/Freescale/CW MCU v10.6/MCU/ARM_GCC_Support/ewl/lib/armv7e-m/fpu\libc.a(putchar.o)
                0x1fff23bc                putchar
 .text.puts     0x1fff23e4       0x50 C:/Freescale/CW MCU v10.6/MCU/ARM_GCC_Support/ewl/lib/armv7e-m/fpu\libc.a(puts.o)
                0x1fff23e4                puts
 .text.snprintf
                0x1fff2434       0x18 C:/Freescale/CW MCU v10.6/MCU/ARM_GCC_Support/ewl/lib/armv7e-m/fpu\libc.a(snprintf.o)
                0x1fff2434                snprintf
 .text.__StringWrite
                0x1fff244c       0x2a C:/Freescale/CW MCU v10.6/MCU/ARM_GCC_Support/ewl/lib/armv7e-m/fpu\libc.a(vsnprintf.o)
                0x1fff244c                __StringWrite
 *fill*         0x1fff2476        0x2 00
 .text.vsnprintf
                0x1fff2478       0x34 C:/Freescale/CW MCU v10.6/MCU/ARM_GCC_Support/ewl/lib/armv7e-m/fpu\libc.a(vsnprintf.o)
                0x1fff2478                vsnprintf
 .text.sbrk     0x1fff24ac       0x28 C:/Freescale/CW MCU v10.6/MCU/ARM_GCC_Support/ewl/lib/armv7e-m/fpu\libc.a(alloc.o)
                0x1fff24ac                sbrk
 .text.malloc   0x1fff24d4      0x104 C:/Freescale/CW MCU v10.6/MCU/ARM_GCC_Support/ewl/lib/armv7e-m/fpu\libc.a(alloc.o)
                0x1fff24d4                malloc
 .text.free     0x1fff25d8       0x10 C:/Freescale/CW MCU v10.6/MCU/ARM_GCC_Support/ewl/lib/armv7e-m/fpu\libc.a(alloc.o)
                0x1fff25d8                free
 .text.exit     0x1fff25e8       0x38 C:/Freescale/CW MCU v10.6/MCU/ARM_GCC_Support/ewl/lib/armv7e-m/fpu\libc.a(exit.o)
                0x1fff25e8                exit
 .text.__memrchr
                0x1fff2620       0x1c C:/Freescale/CW MCU v10.6/MCU/ARM_GCC_Support/ewl/lib/armv7e-m/fpu\libc.a(__memrchr.o)
                0x1fff2620                __memrchr
 .text.memcpy   0x1fff263c       0x12 C:/Freescale/CW MCU v10.6/MCU/ARM_GCC_Support/ewl/lib/armv7e-m/fpu\libc.a(memcpy.o)
                0x1fff263c                memcpy
 .text.memset   0x1fff264e        0xc C:/Freescale/CW MCU v10.6/MCU/ARM_GCC_Support/ewl/lib/armv7e-m/fpu\libc.a(memset.o)
                0x1fff264e                memset
 .text.strncmp  0x1fff265a       0x22 C:/Freescale/CW MCU v10.6/MCU/ARM_GCC_Support/ewl/lib/armv7e-m/fpu\libc.a(strncmp.o)
                0x1fff265a                strncmp
 .text.long2str.isra.0
                0x1fff267c      0x196 C:/Freescale/CW MCU v10.6/MCU/ARM_GCC_Support/ewl/lib/armv7e-m/fpu\libc.a(printformat_.o)
 *fill*         0x1fff2812        0x2 00
 .text.__pformatter_
                0x1fff2814      0x3f8 C:/Freescale/CW MCU v10.6/MCU/ARM_GCC_Support/ewl/lib/armv7e-m/fpu\libc.a(printformat_.o)
                0x1fff2814                __pformatter_
 .text.__sformatter
                0x1fff2c0c      0x6f4 C:/Freescale/CW MCU v10.6/MCU/ARM_GCC_Support/ewl/lib/armv7e-m/fpu\libc.a(scanformat_.o)
                0x1fff2c0c                __sformatter
 .text.isalpha  0x1fff3300       0x1c C:/Freescale/CW MCU v10.6/MCU/ARM_GCC_Support/ewl/lib/armv7e-m/fpu\libc.a(ctype_aeabi.o)
                0x1fff3300                isalpha
 .text.isspace  0x1fff331c       0x1c C:/Freescale/CW MCU v10.6/MCU/ARM_GCC_Support/ewl/lib/armv7e-m/fpu\libc.a(ctype_aeabi.o)
                0x1fff331c                isspace
 .text.toupper  0x1fff3338        0xc C:/Freescale/CW MCU v10.6/MCU/ARM_GCC_Support/ewl/lib/armv7e-m/fpu\libc.a(ctype_aeabi.o)
                0x1fff3338                toupper
 .text.__prep_buffer
                0x1fff3344       0x16 C:/Freescale/CW MCU v10.6/MCU/ARM_GCC_Support/ewl/lib/armv7e-m/fpu\libc.a(__buffer_io.o)
                0x1fff3344                __prep_buffer
 .text.__flush_buffer
                0x1fff335a       0x36 C:/Freescale/CW MCU v10.6/MCU/ARM_GCC_Support/ewl/lib/armv7e-m/fpu\libc.a(__buffer_io.o)
                0x1fff335a                __flush_buffer
 .text.__put_char
                0x1fff3390       0x8c C:/Freescale/CW MCU v10.6/MCU/ARM_GCC_Support/ewl/lib/armv7e-m/fpu\libc.a(__putchar.o)
                0x1fff3390                __put_char
 .text.__strtoul
                0x1fff341c      0x214 C:/Freescale/CW MCU v10.6/MCU/ARM_GCC_Support/ewl/lib/armv7e-m/fpu\libc.a(__strtoul.o)
                0x1fff341c                __strtoul
 .text.__fill_mem
                0x1fff3630       0x76 C:/Freescale/CW MCU v10.6/MCU/ARM_GCC_Support/ewl/lib/armv7e-m/fpu\libc.a(__filll_mem.o)
                0x1fff3630                __fill_mem
 .text.memchr   0x1fff36a6       0x18 C:/Freescale/CW MCU v10.6/MCU/ARM_GCC_Support/ewl/lib/armv7e-m/fpu\libc.a(memchr.o)
                0x1fff36a6                memchr
 .text.strchr   0x1fff36be       0x1a C:/Freescale/CW MCU v10.6/MCU/ARM_GCC_Support/ewl/lib/armv7e-m/fpu\libc.a(strchr.o)
                0x1fff36be                strchr
 .text.strlen   0x1fff36d8       0x10 C:/Freescale/CW MCU v10.6/MCU/ARM_GCC_Support/ewl/lib/armv7e-m/fpu\libc.a(strlen.o)
                0x1fff36d8                strlen
 .text.__init_cpp
                0x1fff36e8       0x4c C:/Freescale/CW MCU v10.6/MCU/ARM_GCC_Support/ewl/lib/armv7e-m/fpu\librt.a(gcc_ctor_dtor.o)
                0x1fff36e8                __init_cpp
 .text.__fini_cpp
                0x1fff3734       0x34 C:/Freescale/CW MCU v10.6/MCU/ARM_GCC_Support/ewl/lib/armv7e-m/fpu\librt.a(gcc_ctor_dtor.o)
                0x1fff3734                __fini_cpp
 .text.__copy_rom_section
                0x1fff3768       0x44 C:/Freescale/CW MCU v10.6/MCU/ARM_GCC_Support/ewl/lib/armv7e-m/fpu\librt.a(ROMCopy.o)
                0x1fff3768                __copy_rom_section
 .text.__copy_rom_sections_to_ram
                0x1fff37ac       0x30 C:/Freescale/CW MCU v10.6/MCU/ARM_GCC_Support/ewl/lib/armv7e-m/fpu\librt.a(ROMCopy.o)
                0x1fff37ac                __copy_rom_sections_to_ram
 .text.__destroy_global_chain
                0x1fff37dc       0x18 C:/Freescale/CW MCU v10.6/MCU/ARM_GCC_Support/ewl/lib/armv7e-m/fpu\librt.a(__arm_eabi_init.o)
                0x1fff37dc                __destroy_global_chain
 .text.__init_registers
                0x1fff37f4       0x24 C:/Freescale/CW MCU v10.6/MCU/ARM_GCC_Support/ewl/lib/armv7e-m/fpu\librt.a(__arm_eabi_init.o)
                0x1fff37f4                __init_registers
 .text.__fp_init
                0x1fff3818       0x1c C:/Freescale/CW MCU v10.6/MCU/ARM_GCC_Support/ewl/lib/armv7e-m/fpu\librt.a(__arm_eabi_init.o)
                0x1fff3818                __fp_init
 .text.__init_user
                0x1fff3834        0x4 C:/Freescale/CW MCU v10.6/MCU/ARM_GCC_Support/ewl/lib/armv7e-m/fpu\librt.a(__arm_eabi_init.o)
                0x1fff3834                __init_user
 .text.sys_writec
                0x1fff3838        0xe C:/Freescale/CW MCU v10.6/MCU/ARM_GCC_Support/ewl/lib/armv7e-m/fpu\libhosted.a(semihosted_console_io.o)
                0x1fff3838                sys_writec
 .text.sys_readc
                0x1fff3846       0x10 C:/Freescale/CW MCU v10.6/MCU/ARM_GCC_Support/ewl/lib/armv7e-m/fpu\libhosted.a(semihosted_console_io.o)
                0x1fff3846                sys_readc
 *fill*         0x1fff3856        0x2 00
 .text.sys_exit
                0x1fff3858       0x20 C:/Freescale/CW MCU v10.6/MCU/ARM_GCC_Support/ewl/lib/armv7e-m/fpu\libhosted.a(semihosted_console_io.o)
                0x1fff3858                sys_exit
 .text.__read_console
                0x1fff3878       0x1a C:/Freescale/CW MCU v10.6/MCU/ARM_GCC_Support/ewl/lib/armv7e-m/fpu\libhosted.a(semihosted_console_io.o)
                0x1fff3878                __read_console
 .text.__write_console
                0x1fff3892       0x1a C:/Freescale/CW MCU v10.6/MCU/ARM_GCC_Support/ewl/lib/armv7e-m/fpu\libhosted.a(semihosted_console_io.o)
                0x1fff3892                __write_console
 .text.__close_console
                0x1fff38ac        0x4 C:/Freescale/CW MCU v10.6/MCU/ARM_GCC_Support/ewl/lib/armv7e-m/fpu\libhosted.a(semihosted_console_io.o)
                0x1fff38ac                __close_console
 .text.sys_open
                0x1fff38b0        0xe C:/Freescale/CW MCU v10.6/MCU/ARM_GCC_Support/ewl/lib/armv7e-m/fpu\libhosted.a(semihosted_file_io.o)
                0x1fff38b0                sys_open
 *fill*         0x1fff38be        0x2 00
 .text.__open_file
                0x1fff38c0       0x68 C:/Freescale/CW MCU v10.6/MCU/ARM_GCC_Support/ewl/lib/armv7e-m/fpu\libhosted.a(semihosted_file_io.o)
                0x1fff38c0                __open_file
 .text.open     0x1fff3928       0x7a C:/Freescale/CW MCU v10.6/MCU/ARM_GCC_Support/ewl/lib/armv7e-m/fpu\libhosted.a(semihosted_file_io.o)
                0x1fff3928                open
 .text.sys_write
                0x1fff39a2        0xe C:/Freescale/CW MCU v10.6/MCU/ARM_GCC_Support/ewl/lib/armv7e-m/fpu\libhosted.a(semihosted_file_io.o)
                0x1fff39a2                sys_write
 .text.__write_file
                0x1fff39b0       0x1c C:/Freescale/CW MCU v10.6/MCU/ARM_GCC_Support/ewl/lib/armv7e-m/fpu\libhosted.a(semihosted_file_io.o)
                0x1fff39b0                __write_file
 .text.sys_read
                0x1fff39cc        0xe C:/Freescale/CW MCU v10.6/MCU/ARM_GCC_Support/ewl/lib/armv7e-m/fpu\libhosted.a(semihosted_file_io.o)
                0x1fff39cc                sys_read
 .text.__read_file
                0x1fff39da       0x34 C:/Freescale/CW MCU v10.6/MCU/ARM_GCC_Support/ewl/lib/armv7e-m/fpu\libhosted.a(semihosted_file_io.o)
                0x1fff39da                __read_file
 *fill*         0x1fff3a0e        0x2 00
 .text.__init_semihost
                0x1fff3a10       0x20 C:/Freescale/CW MCU v10.6/MCU/ARM_GCC_Support/ewl/lib/armv7e-m/fpu\libhosted.a(semihosted_file_io.o)
                0x1fff3a10                __init_semihost
 *(.rodata)
 .rodata        0x1fff3a30       0x34 ./Sources/main.o
 .rodata        0x1fff3a64      0x3a8 ./Sources/fsInfo.o
 .rodata        0x1fff3e0c       0x30 ./Sources/bootSector.o
 .rodata        0x1fff3e3c      0x204 ./Sources/SDHC_FAT32_Files.o
 *(.rodata*)
 .rodata.str1.1
                0x00000000        0x0 C:/Freescale/CW MCU v10.6/MCU/ARM_GCC_Support/ewl/lib/armv7e-m/fpu\libc.a(printformat_.o)
                                  0x1 (size before relaxing)
 .rodata.CSWTCH.20
                0x1fff4040        0x5 C:/Freescale/CW MCU v10.6/MCU/ARM_GCC_Support/ewl/lib/armv7e-m/fpu\libc.a(printformat_.o)
 .rodata.CSWTCH.21
                0x1fff4045        0x5 C:/Freescale/CW MCU v10.6/MCU/ARM_GCC_Support/ewl/lib/armv7e-m/fpu\libc.a(printformat_.o)
 .rodata.__aeabi_ctype_table_C
                0x1fff404a      0x101 C:/Freescale/CW MCU v10.6/MCU/ARM_GCC_Support/ewl/lib/armv7e-m/fpu\libc.a(ctype_aeabi.o)
                0x1fff404a                __aeabi_ctype_table_C
 .rodata.str1.1
                0x1fff414b        0x4 C:/Freescale/CW MCU v10.6/MCU/ARM_GCC_Support/ewl/lib/armv7e-m/fpu\libhosted.a(semihosted_file_io.o)
 .rodata.CSWTCH.26
                0x1fff414f        0x2 C:/Freescale/CW MCU v10.6/MCU/ARM_GCC_Support/ewl/lib/armv7e-m/fpu\libhosted.a(semihosted_file_io.o)
 .rodata.CSWTCH.28
                0x1fff4151        0x5 C:/Freescale/CW MCU v10.6/MCU/ARM_GCC_Support/ewl/lib/armv7e-m/fpu\libhosted.a(semihosted_file_io.o)
 *(.glue_7)
 .glue_7        0x00000000        0x0 linker stubs
 *(.glue_7t)
 .glue_7t       0x00000000        0x0 linker stubs
 *(.eh_frame)
 *(.init)
 *(.fini)
                0x1fff4158                . = ALIGN (0x4)
 *fill*         0x1fff4156        0x2 00
                0x1fff4158                _etext = .

.vfp11_veneer   0x1fff4158        0x0
 .vfp11_veneer  0x00000000        0x0 linker stubs

.v4_bx          0x1fff4158        0x0
 .v4_bx         0x00000000        0x0 linker stubs

.iplt           0x1fff4158        0x0
 .iplt          0x00000000        0x0 ./Project_Settings/Startup_Code/kinetis_sysinit.o

.rel.dyn        0x1fff4158        0x0
 .rel.iplt      0x00000000        0x0 ./Project_Settings/Startup_Code/kinetis_sysinit.o

.ARM.extab
 *(.ARM.extab* .gnu.linkonce.armextab.*)

.ARM            0x1fff4158        0x0
                0x1fff4158                __exidx_start = .
 *(.ARM.exidx*)
                0x1fff4158                __exidx_end = .

.ctors          0x1fff4158        0x0
                0x1fff4158                __CTOR_LIST__ = .
 *crtbegin.o(.ctors)
 *(EXCLUDE_FILE(*crtend.o) .ctors)
 *(SORT(.ctors.*))
 *(.ctors)
                0x1fff4158                __CTOR_END__ = .

.dtors          0x1fff4158        0x0
                0x1fff4158                __DTOR_LIST__ = .
 *crtbegin.o(.dtors)
 *(EXCLUDE_FILE(*crtend.o) .dtors)
 *(SORT(.dtors.*))
 *(.dtors)
                0x1fff4158                __DTOR_END__ = .

.preinit_array  0x1fff4158        0x0
                0x1fff4158                PROVIDE (__preinit_array_start, .)
 *(.preinit_array*)
                0x1fff4158                PROVIDE (__preinit_array_end, .)

.init_array     0x1fff4158        0x0
                0x1fff4158                PROVIDE (__init_array_start, .)
 *(SORT(.init_array.*))
 *(.init_array*)
                0x1fff4158                PROVIDE (__init_array_end, .)

.fini_array     0x1fff4158        0x0
                0x1fff4158                PROVIDE (__fini_array_start, .)
 *(SORT(.fini_array.*))
 *(.fini_array*)
                0x1fff4158                PROVIDE (__fini_array_end, .)

.data           0x20000000       0xd0
                0x20000000                . = ALIGN (0x4)
                0x20000000                _sdata = .
 *(.data)
 *(.data*)
 .data.__files  0x20000000       0xcc C:/Freescale/CW MCU v10.6/MCU/ARM_GCC_Support/ewl/lib/armv7e-m/fpu\libc.a(ansi_files.o)
                0x20000000                __files
 .data.tail     0x200000cc        0x4 C:/Freescale/CW MCU v10.6/MCU/ARM_GCC_Support/ewl/lib/armv7e-m/fpu\libc.a(alloc.o)
                0x200000d0                . = ALIGN (0x4)
                0x200000d0                _edata = .

.igot.plt       0x200000d0        0x0
 .igot.plt      0x00000000        0x0 ./Project_Settings/Startup_Code/kinetis_sysinit.o
                0x200000d0                . = ALIGN (0x4)

.bss            0x200000d0      0x32c
                0x200000d0                __START_BSS = .
                0x200000d0                PROVIDE (__bss_start__, __START_BSS)
 *(.bss)
 *(.bss*)
 .bss.argv      0x200000d0        0x4 ./Project_Settings/Startup_Code/__arm_start.o
 .bss.FAT_endiannessDetermined
                0x200000d4        0x4 ./Sources/FAT.o
 .bss.FAT_endian
                0x200000d8        0x1 ./Sources/FAT.o
 *fill*         0x200000d9        0x3 00
 .bss.head      0x200000dc        0x4 C:/Freescale/CW MCU v10.6/MCU/ARM_GCC_Support/ewl/lib/armv7e-m/fpu\libc.a(alloc.o)
 .bss.heap_end.4347
                0x200000e0        0x4 C:/Freescale/CW MCU v10.6/MCU/ARM_GCC_Support/ewl/lib/armv7e-m/fpu\libc.a(alloc.o)
 .bss.__stdio_exit
                0x200000e4        0x4 C:/Freescale/CW MCU v10.6/MCU/ARM_GCC_Support/ewl/lib/armv7e-m/fpu\libc.a(exit.o)
                0x200000e4                __stdio_exit
 .bss.__console_exit
                0x200000e8        0x4 C:/Freescale/CW MCU v10.6/MCU/ARM_GCC_Support/ewl/lib/armv7e-m/fpu\libc.a(exit.o)
                0x200000e8                __console_exit
 .bss.__S_romp  0x200000ec        0xc C:/Freescale/CW MCU v10.6/MCU/ARM_GCC_Support/ewl/lib/armv7e-m/fpu\librt.a(ROMCopy.o)
 .bss.__global_destructor_chain
                0x200000f8        0x4 C:/Freescale/CW MCU v10.6/MCU/ARM_GCC_Support/ewl/lib/armv7e-m/fpu\librt.a(__arm_eabi_init.o)
                0x200000f8                __global_destructor_chain
 *(COMMON)
 COMMON         0x200000fc        0xc ./Sources/microSD.o
                0x200000fc                FSI_Free_Count
                0x20000100                FSI_Nxt_Free
                0x20000104                file_structure_first_sector
 COMMON         0x20000108       0x21 ./Sources/bootSector.o
                0x20000108                bytes_per_sector
                0x2000010c                root_directory_cluster
                0x20000110                first_FAT_sector
                0x20000114                total_data_clusters
                0x20000118                sectors_per_cluster
                0x2000011c                FSInfo_sector_number
                0x2000011e                BackupBootSector
                0x20000120                first_data_sector
                0x20000124                sectors_per_FAT
                0x20000128                BPB_Media
 *fill*         0x20000129        0x3 00
 COMMON         0x2000012c        0x8 ./Sources/SDHC_FAT32_Files.o
                0x2000012c                MOUNT
                0x20000130                card_status
 COMMON         0x20000134      0x208 ./Sources/FAT.o
                0x20000134                FAT_sector
                0x20000334                FAT_sector_valid
                0x20000338                FAT_in_mem_0_origin_sector
 COMMON         0x2000033c       0xc0 C:/Freescale/CW MCU v10.6/MCU/ARM_GCC_Support/ewl/lib/armv7e-m/fpu\libc.a(ansi_files.o)
                0x2000033c                stdout_buff
                0x2000037c                stdin_buff
                0x200003bc                stderr_buff
                0x200003fc                . = ALIGN (0x4)
                0x200003fc                __END_BSS = .
                0x200003fc                PROVIDE (__bss_end__, __END_BSS)

._user_heap_stack
                0x200003fc     0x1000
                0x200003fc                . = ALIGN (0x4)
                0x200003fc                PROVIDE (end, .)
                0x200003fc                PROVIDE (_end, .)
                0x200003fc                __heap_addr = .
                0x20000bfc                . = (. + __heap_size)
 *fill*         0x200003fc      0x800 00
                0x200013fc                . = (. + __stack_size)
 *fill*         0x20000bfc      0x800 00
                0x200013fc                . = ALIGN (0x4)
                0x00000000                __S_romp = 0x0

.ARM.attributes
                0x00000000       0x3b
 *(.ARM.attributes)
 .ARM.attributes
                0x00000000       0x3b ./Project_Settings/Startup_Code/kinetis_sysinit.o
 .ARM.attributes
                0x0000003b       0x3b ./Project_Settings/Startup_Code/__arm_start.o
 .ARM.attributes
                0x00000076       0x3b ./Project_Settings/Startup_Code/__arm_end.o
 .ARM.attributes
                0x000000b1       0x3b ./Sources/uartNL.o
 .ARM.attributes
                0x000000ec       0x3b ./Sources/uart.o
 .ARM.attributes
                0x00000127       0x3b ./Sources/microSD.o
 .ARM.attributes
                0x00000162       0x3b ./Sources/main.o
 .ARM.attributes
                0x0000019d       0x3b ./Sources/fsInfo.o
 .ARM.attributes
                0x000001d8       0x3b ./Sources/bootSector.o
 .ARM.attributes
                0x00000213       0x3b ./Sources/SDHC_FAT32_Files.o
 .ARM.attributes
                0x0000024e       0x3b ./Sources/FAT.o
 .ARM.attributes
                0x00000289       0x3b C:/Freescale/CW MCU v10.6/MCU/ARM_GCC_Support/ewl/lib/armv7e-m/fpu\libc.a(ansi_files.o)
 .ARM.attributes
                0x000002c4       0x3b C:/Freescale/CW MCU v10.6/MCU/ARM_GCC_Support/ewl/lib/armv7e-m/fpu\libc.a(fwrite.o)
 .ARM.attributes
                0x000002ff       0x3b C:/Freescale/CW MCU v10.6/MCU/ARM_GCC_Support/ewl/lib/armv7e-m/fpu\libc.a(printf.o)
 .ARM.attributes
                0x0000033a       0x3b C:/Freescale/CW MCU v10.6/MCU/ARM_GCC_Support/ewl/lib/armv7e-m/fpu\libc.a(putchar.o)
 .ARM.attributes
                0x00000375       0x3b C:/Freescale/CW MCU v10.6/MCU/ARM_GCC_Support/ewl/lib/armv7e-m/fpu\libc.a(puts.o)
 .ARM.attributes
                0x000003b0       0x3b C:/Freescale/CW MCU v10.6/MCU/ARM_GCC_Support/ewl/lib/armv7e-m/fpu\libc.a(snprintf.o)
 .ARM.attributes
                0x000003eb       0x3b C:/Freescale/CW MCU v10.6/MCU/ARM_GCC_Support/ewl/lib/armv7e-m/fpu\libc.a(vsnprintf.o)
 .ARM.attributes
                0x00000426       0x3b C:/Freescale/CW MCU v10.6/MCU/ARM_GCC_Support/ewl/lib/armv7e-m/fpu\libc.a(alloc.o)
 .ARM.attributes
                0x00000461       0x3b C:/Freescale/CW MCU v10.6/MCU/ARM_GCC_Support/ewl/lib/armv7e-m/fpu\libc.a(exit.o)
 .ARM.attributes
                0x0000049c       0x3b C:/Freescale/CW MCU v10.6/MCU/ARM_GCC_Support/ewl/lib/armv7e-m/fpu\libc.a(__memrchr.o)
 .ARM.attributes
                0x000004d7       0x3b C:/Freescale/CW MCU v10.6/MCU/ARM_GCC_Support/ewl/lib/armv7e-m/fpu\libc.a(memcpy.o)
 .ARM.attributes
                0x00000512       0x3b C:/Freescale/CW MCU v10.6/MCU/ARM_GCC_Support/ewl/lib/armv7e-m/fpu\libc.a(memset.o)
 .ARM.attributes
                0x0000054d       0x3b C:/Freescale/CW MCU v10.6/MCU/ARM_GCC_Support/ewl/lib/armv7e-m/fpu\libc.a(strncmp.o)
 .ARM.attributes
                0x00000588       0x3b C:/Freescale/CW MCU v10.6/MCU/ARM_GCC_Support/ewl/lib/armv7e-m/fpu\libc.a(printformat_.o)
 .ARM.attributes
                0x000005c3       0x3b C:/Freescale/CW MCU v10.6/MCU/ARM_GCC_Support/ewl/lib/armv7e-m/fpu\libc.a(scanformat_.o)
 .ARM.attributes
                0x000005fe       0x3b C:/Freescale/CW MCU v10.6/MCU/ARM_GCC_Support/ewl/lib/armv7e-m/fpu\libc.a(ctype_aeabi.o)
 .ARM.attributes
                0x00000639       0x3b C:/Freescale/CW MCU v10.6/MCU/ARM_GCC_Support/ewl/lib/armv7e-m/fpu\libc.a(__buffer_io.o)
 .ARM.attributes
                0x00000674       0x3b C:/Freescale/CW MCU v10.6/MCU/ARM_GCC_Support/ewl/lib/armv7e-m/fpu\libc.a(__putchar.o)
 .ARM.attributes
                0x000006af       0x3b C:/Freescale/CW MCU v10.6/MCU/ARM_GCC_Support/ewl/lib/armv7e-m/fpu\libc.a(__strtoul.o)
 .ARM.attributes
                0x000006ea       0x3b C:/Freescale/CW MCU v10.6/MCU/ARM_GCC_Support/ewl/lib/armv7e-m/fpu\libc.a(__filll_mem.o)
 .ARM.attributes
                0x00000725       0x3b C:/Freescale/CW MCU v10.6/MCU/ARM_GCC_Support/ewl/lib/armv7e-m/fpu\libc.a(memchr.o)
 .ARM.attributes
                0x00000760       0x3b C:/Freescale/CW MCU v10.6/MCU/ARM_GCC_Support/ewl/lib/armv7e-m/fpu\libc.a(strchr.o)
 .ARM.attributes
                0x0000079b       0x3b C:/Freescale/CW MCU v10.6/MCU/ARM_GCC_Support/ewl/lib/armv7e-m/fpu\libc.a(strlen.o)
 .ARM.attributes
                0x000007d6       0x3b C:/Freescale/CW MCU v10.6/MCU/ARM_GCC_Support/ewl/lib/armv7e-m/fpu\librt.a(gcc_ctor_dtor.o)
 .ARM.attributes
                0x00000811       0x3b C:/Freescale/CW MCU v10.6/MCU/ARM_GCC_Support/ewl/lib/armv7e-m/fpu\librt.a(ROMCopy.o)
 .ARM.attributes
                0x0000084c       0x3b C:/Freescale/CW MCU v10.6/MCU/ARM_GCC_Support/ewl/lib/armv7e-m/fpu\librt.a(__arm_eabi_init.o)
 .ARM.attributes
                0x00000887       0x3b C:/Freescale/CW MCU v10.6/MCU/ARM_GCC_Support/ewl/lib/armv7e-m/fpu\libhosted.a(semihosted_console_io.o)
 .ARM.attributes
                0x000008c2       0x3b C:/Freescale/CW MCU v10.6/MCU/ARM_GCC_Support/ewl/lib/armv7e-m/fpu\libhosted.a(semihosted_file_io.o)
OUTPUT(Fat32.elf elf32-littlearm)

.debug_info     0x00000000     0xa4be
 .debug_info    0x00000000      0x387 ./Project_Settings/Startup_Code/kinetis_sysinit.o
 .debug_info    0x00000387      0x12a ./Project_Settings/Startup_Code/__arm_start.o
 .debug_info    0x000004b1       0x54 ./Project_Settings/Startup_Code/__arm_end.o
 .debug_info    0x00000505      0x438 ./Sources/uartNL.o
 .debug_info    0x0000093d      0x7fb ./Sources/uart.o
 .debug_info    0x00001138     0x16ed ./Sources/microSD.o
 .debug_info    0x00002825       0xfd ./Sources/main.o
 .debug_info    0x00002922      0x814 ./Sources/fsInfo.o
 .debug_info    0x00003136      0xe29 ./Sources/bootSector.o
 .debug_info    0x00003f5f      0x9b0 ./Sources/SDHC_FAT32_Files.o
 .debug_info    0x0000490f      0xa78 ./Sources/FAT.o
 .debug_info    0x00005387      0x4c6 C:/Freescale/CW MCU v10.6/MCU/ARM_GCC_Support/ewl/lib/armv7e-m/fpu\libc.a(ansi_files.o)
 .debug_info    0x0000584d      0x60a C:/Freescale/CW MCU v10.6/MCU/ARM_GCC_Support/ewl/lib/armv7e-m/fpu\libc.a(fwrite.o)
 .debug_info    0x00005e57      0x399 C:/Freescale/CW MCU v10.6/MCU/ARM_GCC_Support/ewl/lib/armv7e-m/fpu\libc.a(printf.o)
 .debug_info    0x000061f0      0x359 C:/Freescale/CW MCU v10.6/MCU/ARM_GCC_Support/ewl/lib/armv7e-m/fpu\libc.a(putchar.o)
 .debug_info    0x00006549      0x38a C:/Freescale/CW MCU v10.6/MCU/ARM_GCC_Support/ewl/lib/armv7e-m/fpu\libc.a(puts.o)
 .debug_info    0x000068d3      0x136 C:/Freescale/CW MCU v10.6/MCU/ARM_GCC_Support/ewl/lib/armv7e-m/fpu\libc.a(snprintf.o)
 .debug_info    0x00006a09      0x205 C:/Freescale/CW MCU v10.6/MCU/ARM_GCC_Support/ewl/lib/armv7e-m/fpu\libc.a(vsnprintf.o)
 .debug_info    0x00006c0e      0x33e C:/Freescale/CW MCU v10.6/MCU/ARM_GCC_Support/ewl/lib/armv7e-m/fpu\libc.a(alloc.o)
 .debug_info    0x00006f4c       0xe8 C:/Freescale/CW MCU v10.6/MCU/ARM_GCC_Support/ewl/lib/armv7e-m/fpu\libc.a(exit.o)
 .debug_info    0x00007034      0x116 C:/Freescale/CW MCU v10.6/MCU/ARM_GCC_Support/ewl/lib/armv7e-m/fpu\libc.a(__memrchr.o)
 .debug_info    0x0000714a      0x10f C:/Freescale/CW MCU v10.6/MCU/ARM_GCC_Support/ewl/lib/armv7e-m/fpu\libc.a(memcpy.o)
 .debug_info    0x00007259       0xec C:/Freescale/CW MCU v10.6/MCU/ARM_GCC_Support/ewl/lib/armv7e-m/fpu\libc.a(memset.o)
 .debug_info    0x00007345      0x141 C:/Freescale/CW MCU v10.6/MCU/ARM_GCC_Support/ewl/lib/armv7e-m/fpu\libc.a(strncmp.o)
 .debug_info    0x00007486      0x50e C:/Freescale/CW MCU v10.6/MCU/ARM_GCC_Support/ewl/lib/armv7e-m/fpu\libc.a(printformat_.o)
 .debug_info    0x00007994      0x565 C:/Freescale/CW MCU v10.6/MCU/ARM_GCC_Support/ewl/lib/armv7e-m/fpu\libc.a(scanformat_.o)
 .debug_info    0x00007ef9      0x306 C:/Freescale/CW MCU v10.6/MCU/ARM_GCC_Support/ewl/lib/armv7e-m/fpu\libc.a(ctype_aeabi.o)
 .debug_info    0x000081ff      0x45d C:/Freescale/CW MCU v10.6/MCU/ARM_GCC_Support/ewl/lib/armv7e-m/fpu\libc.a(__buffer_io.o)
 .debug_info    0x0000865c      0x3fa C:/Freescale/CW MCU v10.6/MCU/ARM_GCC_Support/ewl/lib/armv7e-m/fpu\libc.a(__putchar.o)
 .debug_info    0x00008a56      0x1d6 C:/Freescale/CW MCU v10.6/MCU/ARM_GCC_Support/ewl/lib/armv7e-m/fpu\libc.a(__strtoul.o)
 .debug_info    0x00008c2c      0x135 C:/Freescale/CW MCU v10.6/MCU/ARM_GCC_Support/ewl/lib/armv7e-m/fpu\libc.a(__filll_mem.o)
 .debug_info    0x00008d61      0x120 C:/Freescale/CW MCU v10.6/MCU/ARM_GCC_Support/ewl/lib/armv7e-m/fpu\libc.a(memchr.o)
 .debug_info    0x00008e81      0x108 C:/Freescale/CW MCU v10.6/MCU/ARM_GCC_Support/ewl/lib/armv7e-m/fpu\libc.a(strchr.o)
 .debug_info    0x00008f89       0xeb C:/Freescale/CW MCU v10.6/MCU/ARM_GCC_Support/ewl/lib/armv7e-m/fpu\libc.a(strlen.o)
 .debug_info    0x00009074      0x136 C:/Freescale/CW MCU v10.6/MCU/ARM_GCC_Support/ewl/lib/armv7e-m/fpu\librt.a(gcc_ctor_dtor.o)
 .debug_info    0x000091aa      0x19a C:/Freescale/CW MCU v10.6/MCU/ARM_GCC_Support/ewl/lib/armv7e-m/fpu\librt.a(ROMCopy.o)
 .debug_info    0x00009344      0x2de C:/Freescale/CW MCU v10.6/MCU/ARM_GCC_Support/ewl/lib/armv7e-m/fpu\librt.a(__arm_eabi_init.o)
 .debug_info    0x00009622      0x232 C:/Freescale/CW MCU v10.6/MCU/ARM_GCC_Support/ewl/lib/armv7e-m/fpu\libhosted.a(semihosted_console_io.o)
 .debug_info    0x00009854      0xc6a C:/Freescale/CW MCU v10.6/MCU/ARM_GCC_Support/ewl/lib/armv7e-m/fpu\libhosted.a(semihosted_file_io.o)

.debug_abbrev   0x00000000     0x2a67
 .debug_abbrev  0x00000000       0xf6 ./Project_Settings/Startup_Code/kinetis_sysinit.o
 .debug_abbrev  0x000000f6       0x92 ./Project_Settings/Startup_Code/__arm_start.o
 .debug_abbrev  0x00000188       0x4c ./Project_Settings/Startup_Code/__arm_end.o
 .debug_abbrev  0x000001d4      0x10d ./Sources/uartNL.o
 .debug_abbrev  0x000002e1      0x138 ./Sources/uart.o
 .debug_abbrev  0x00000419      0x23c ./Sources/microSD.o
 .debug_abbrev  0x00000655       0xa4 ./Sources/main.o
 .debug_abbrev  0x000006f9      0x199 ./Sources/fsInfo.o
 .debug_abbrev  0x00000892      0x217 ./Sources/bootSector.o
 .debug_abbrev  0x00000aa9      0x19d ./Sources/SDHC_FAT32_Files.o
 .debug_abbrev  0x00000c46      0x21f ./Sources/FAT.o
 .debug_abbrev  0x00000e65       0xfa C:/Freescale/CW MCU v10.6/MCU/ARM_GCC_Support/ewl/lib/armv7e-m/fpu\libc.a(ansi_files.o)
 .debug_abbrev  0x00000f5f      0x15b C:/Freescale/CW MCU v10.6/MCU/ARM_GCC_Support/ewl/lib/armv7e-m/fpu\libc.a(fwrite.o)
 .debug_abbrev  0x000010ba      0x107 C:/Freescale/CW MCU v10.6/MCU/ARM_GCC_Support/ewl/lib/armv7e-m/fpu\libc.a(printf.o)
 .debug_abbrev  0x000011c1       0xe7 C:/Freescale/CW MCU v10.6/MCU/ARM_GCC_Support/ewl/lib/armv7e-m/fpu\libc.a(putchar.o)
 .debug_abbrev  0x000012a8      0x10a C:/Freescale/CW MCU v10.6/MCU/ARM_GCC_Support/ewl/lib/armv7e-m/fpu\libc.a(puts.o)
 .debug_abbrev  0x000013b2       0xb1 C:/Freescale/CW MCU v10.6/MCU/ARM_GCC_Support/ewl/lib/armv7e-m/fpu\libc.a(snprintf.o)
 .debug_abbrev  0x00001463       0xf0 C:/Freescale/CW MCU v10.6/MCU/ARM_GCC_Support/ewl/lib/armv7e-m/fpu\libc.a(vsnprintf.o)
 .debug_abbrev  0x00001553      0x18f C:/Freescale/CW MCU v10.6/MCU/ARM_GCC_Support/ewl/lib/armv7e-m/fpu\libc.a(alloc.o)
 .debug_abbrev  0x000016e2       0x7a C:/Freescale/CW MCU v10.6/MCU/ARM_GCC_Support/ewl/lib/armv7e-m/fpu\libc.a(exit.o)
 .debug_abbrev  0x0000175c       0x95 C:/Freescale/CW MCU v10.6/MCU/ARM_GCC_Support/ewl/lib/armv7e-m/fpu\libc.a(__memrchr.o)
 .debug_abbrev  0x000017f1       0x95 C:/Freescale/CW MCU v10.6/MCU/ARM_GCC_Support/ewl/lib/armv7e-m/fpu\libc.a(memcpy.o)
 .debug_abbrev  0x00001886       0x62 C:/Freescale/CW MCU v10.6/MCU/ARM_GCC_Support/ewl/lib/armv7e-m/fpu\libc.a(memset.o)
 .debug_abbrev  0x000018e8       0x98 C:/Freescale/CW MCU v10.6/MCU/ARM_GCC_Support/ewl/lib/armv7e-m/fpu\libc.a(strncmp.o)
 .debug_abbrev  0x00001980      0x200 C:/Freescale/CW MCU v10.6/MCU/ARM_GCC_Support/ewl/lib/armv7e-m/fpu\libc.a(printformat_.o)
 .debug_abbrev  0x00001b80      0x1f0 C:/Freescale/CW MCU v10.6/MCU/ARM_GCC_Support/ewl/lib/armv7e-m/fpu\libc.a(scanformat_.o)
 .debug_abbrev  0x00001d70       0x85 C:/Freescale/CW MCU v10.6/MCU/ARM_GCC_Support/ewl/lib/armv7e-m/fpu\libc.a(ctype_aeabi.o)
 .debug_abbrev  0x00001df5      0x142 C:/Freescale/CW MCU v10.6/MCU/ARM_GCC_Support/ewl/lib/armv7e-m/fpu\libc.a(__buffer_io.o)
 .debug_abbrev  0x00001f37       0xf8 C:/Freescale/CW MCU v10.6/MCU/ARM_GCC_Support/ewl/lib/armv7e-m/fpu\libc.a(__putchar.o)
 .debug_abbrev  0x0000202f       0xc2 C:/Freescale/CW MCU v10.6/MCU/ARM_GCC_Support/ewl/lib/armv7e-m/fpu\libc.a(__strtoul.o)
 .debug_abbrev  0x000020f1       0x87 C:/Freescale/CW MCU v10.6/MCU/ARM_GCC_Support/ewl/lib/armv7e-m/fpu\libc.a(__filll_mem.o)
 .debug_abbrev  0x00002178       0x95 C:/Freescale/CW MCU v10.6/MCU/ARM_GCC_Support/ewl/lib/armv7e-m/fpu\libc.a(memchr.o)
 .debug_abbrev  0x0000220d       0x89 C:/Freescale/CW MCU v10.6/MCU/ARM_GCC_Support/ewl/lib/armv7e-m/fpu\libc.a(strchr.o)
 .debug_abbrev  0x00002296       0x7a C:/Freescale/CW MCU v10.6/MCU/ARM_GCC_Support/ewl/lib/armv7e-m/fpu\libc.a(strlen.o)
 .debug_abbrev  0x00002310       0x99 C:/Freescale/CW MCU v10.6/MCU/ARM_GCC_Support/ewl/lib/armv7e-m/fpu\librt.a(gcc_ctor_dtor.o)
 .debug_abbrev  0x000023a9      0x137 C:/Freescale/CW MCU v10.6/MCU/ARM_GCC_Support/ewl/lib/armv7e-m/fpu\librt.a(ROMCopy.o)
 .debug_abbrev  0x000024e0      0x1db C:/Freescale/CW MCU v10.6/MCU/ARM_GCC_Support/ewl/lib/armv7e-m/fpu\librt.a(__arm_eabi_init.o)
 .debug_abbrev  0x000026bb      0x137 C:/Freescale/CW MCU v10.6/MCU/ARM_GCC_Support/ewl/lib/armv7e-m/fpu\libhosted.a(semihosted_console_io.o)
 .debug_abbrev  0x000027f2      0x275 C:/Freescale/CW MCU v10.6/MCU/ARM_GCC_Support/ewl/lib/armv7e-m/fpu\libhosted.a(semihosted_file_io.o)

.debug_loc      0x00000000     0x42d0
 .debug_loc     0x00000000       0x58 ./Project_Settings/Startup_Code/kinetis_sysinit.o
 .debug_loc     0x00000058       0x2c ./Project_Settings/Startup_Code/__arm_start.o
 .debug_loc     0x00000084       0x38 ./Project_Settings/Startup_Code/__arm_end.o
 .debug_loc     0x000000bc       0x70 ./Sources/uartNL.o
 .debug_loc     0x0000012c      0x118 ./Sources/uart.o
 .debug_loc     0x00000244      0x54a ./Sources/microSD.o
 .debug_loc     0x0000078e       0x38 ./Sources/main.o
 .debug_loc     0x000007c6       0x74 ./Sources/fsInfo.o
 .debug_loc     0x0000083a      0x154 ./Sources/bootSector.o
 .debug_loc     0x0000098e      0x40c ./Sources/SDHC_FAT32_Files.o
 .debug_loc     0x00000d9a      0x194 ./Sources/FAT.o
 .debug_loc     0x00000f2e       0xb2 C:/Freescale/CW MCU v10.6/MCU/ARM_GCC_Support/ewl/lib/armv7e-m/fpu\libc.a(ansi_files.o)
 .debug_loc     0x00000fe0      0x2e9 C:/Freescale/CW MCU v10.6/MCU/ARM_GCC_Support/ewl/lib/armv7e-m/fpu\libc.a(fwrite.o)
 .debug_loc     0x000012c9       0x2c C:/Freescale/CW MCU v10.6/MCU/ARM_GCC_Support/ewl/lib/armv7e-m/fpu\libc.a(printf.o)
 .debug_loc     0x000012f5       0x51 C:/Freescale/CW MCU v10.6/MCU/ARM_GCC_Support/ewl/lib/armv7e-m/fpu\libc.a(putchar.o)
 .debug_loc     0x00001346       0x67 C:/Freescale/CW MCU v10.6/MCU/ARM_GCC_Support/ewl/lib/armv7e-m/fpu\libc.a(puts.o)
 .debug_loc     0x000013ad       0x52 C:/Freescale/CW MCU v10.6/MCU/ARM_GCC_Support/ewl/lib/armv7e-m/fpu\libc.a(snprintf.o)
 .debug_loc     0x000013ff      0x105 C:/Freescale/CW MCU v10.6/MCU/ARM_GCC_Support/ewl/lib/armv7e-m/fpu\libc.a(vsnprintf.o)
 .debug_loc     0x00001504      0x2a8 C:/Freescale/CW MCU v10.6/MCU/ARM_GCC_Support/ewl/lib/armv7e-m/fpu\libc.a(alloc.o)
 .debug_loc     0x000017ac       0x3e C:/Freescale/CW MCU v10.6/MCU/ARM_GCC_Support/ewl/lib/armv7e-m/fpu\libc.a(exit.o)
 .debug_loc     0x000017ea       0x82 C:/Freescale/CW MCU v10.6/MCU/ARM_GCC_Support/ewl/lib/armv7e-m/fpu\libc.a(__memrchr.o)
 .debug_loc     0x0000186c       0x59 C:/Freescale/CW MCU v10.6/MCU/ARM_GCC_Support/ewl/lib/armv7e-m/fpu\libc.a(memcpy.o)
 .debug_loc     0x000018c5       0x64 C:/Freescale/CW MCU v10.6/MCU/ARM_GCC_Support/ewl/lib/armv7e-m/fpu\libc.a(memset.o)
 .debug_loc     0x00001929       0xed C:/Freescale/CW MCU v10.6/MCU/ARM_GCC_Support/ewl/lib/armv7e-m/fpu\libc.a(strncmp.o)
 .debug_loc     0x00001a16      0xbdc C:/Freescale/CW MCU v10.6/MCU/ARM_GCC_Support/ewl/lib/armv7e-m/fpu\libc.a(printformat_.o)
 .debug_loc     0x000025f2      0x8b6 C:/Freescale/CW MCU v10.6/MCU/ARM_GCC_Support/ewl/lib/armv7e-m/fpu\libc.a(scanformat_.o)
 .debug_loc     0x00002ea8      0x18e C:/Freescale/CW MCU v10.6/MCU/ARM_GCC_Support/ewl/lib/armv7e-m/fpu\libc.a(ctype_aeabi.o)
 .debug_loc     0x00003036      0x144 C:/Freescale/CW MCU v10.6/MCU/ARM_GCC_Support/ewl/lib/armv7e-m/fpu\libc.a(__buffer_io.o)
 .debug_loc     0x0000317a       0x87 C:/Freescale/CW MCU v10.6/MCU/ARM_GCC_Support/ewl/lib/armv7e-m/fpu\libc.a(__putchar.o)
 .debug_loc     0x00003201      0x2bb C:/Freescale/CW MCU v10.6/MCU/ARM_GCC_Support/ewl/lib/armv7e-m/fpu\libc.a(__strtoul.o)
 .debug_loc     0x000034bc      0x12c C:/Freescale/CW MCU v10.6/MCU/ARM_GCC_Support/ewl/lib/armv7e-m/fpu\libc.a(__filll_mem.o)
 .debug_loc     0x000035e8       0x62 C:/Freescale/CW MCU v10.6/MCU/ARM_GCC_Support/ewl/lib/armv7e-m/fpu\libc.a(memchr.o)
 .debug_loc     0x0000364a       0x7c C:/Freescale/CW MCU v10.6/MCU/ARM_GCC_Support/ewl/lib/armv7e-m/fpu\libc.a(strchr.o)
 .debug_loc     0x000036c6       0x26 C:/Freescale/CW MCU v10.6/MCU/ARM_GCC_Support/ewl/lib/armv7e-m/fpu\libc.a(strlen.o)
 .debug_loc     0x000036ec       0x9d C:/Freescale/CW MCU v10.6/MCU/ARM_GCC_Support/ewl/lib/armv7e-m/fpu\librt.a(gcc_ctor_dtor.o)
 .debug_loc     0x00003789       0xb9 C:/Freescale/CW MCU v10.6/MCU/ARM_GCC_Support/ewl/lib/armv7e-m/fpu\librt.a(ROMCopy.o)
 .debug_loc     0x00003842      0x144 C:/Freescale/CW MCU v10.6/MCU/ARM_GCC_Support/ewl/lib/armv7e-m/fpu\librt.a(__arm_eabi_init.o)
 .debug_loc     0x00003986      0x165 C:/Freescale/CW MCU v10.6/MCU/ARM_GCC_Support/ewl/lib/armv7e-m/fpu\libhosted.a(semihosted_console_io.o)
 .debug_loc     0x00003aeb      0x7e5 C:/Freescale/CW MCU v10.6/MCU/ARM_GCC_Support/ewl/lib/armv7e-m/fpu\libhosted.a(semihosted_file_io.o)

.debug_aranges  0x00000000      0x8d8
 .debug_aranges
                0x00000000       0x28 ./Project_Settings/Startup_Code/kinetis_sysinit.o
 .debug_aranges
                0x00000028       0x30 ./Project_Settings/Startup_Code/__arm_start.o
 .debug_aranges
                0x00000058       0x20 ./Project_Settings/Startup_Code/__arm_end.o
 .debug_aranges
                0x00000078       0x28 ./Sources/uartNL.o
 .debug_aranges
                0x000000a0       0x40 ./Sources/uart.o
 .debug_aranges
                0x000000e0       0xe0 ./Sources/microSD.o
 .debug_aranges
                0x000001c0       0x20 ./Sources/main.o
 .debug_aranges
                0x000001e0       0x28 ./Sources/fsInfo.o
 .debug_aranges
                0x00000208       0x48 ./Sources/bootSector.o
 .debug_aranges
                0x00000250       0xb0 ./Sources/SDHC_FAT32_Files.o
 .debug_aranges
                0x00000300       0x50 ./Sources/FAT.o
 .debug_aranges
                0x00000350       0x28 C:/Freescale/CW MCU v10.6/MCU/ARM_GCC_Support/ewl/lib/armv7e-m/fpu\libc.a(ansi_files.o)
 .debug_aranges
                0x00000378       0x30 C:/Freescale/CW MCU v10.6/MCU/ARM_GCC_Support/ewl/lib/armv7e-m/fpu\libc.a(fwrite.o)
 .debug_aranges
                0x000003a8       0x20 C:/Freescale/CW MCU v10.6/MCU/ARM_GCC_Support/ewl/lib/armv7e-m/fpu\libc.a(printf.o)
 .debug_aranges
                0x000003c8       0x20 C:/Freescale/CW MCU v10.6/MCU/ARM_GCC_Support/ewl/lib/armv7e-m/fpu\libc.a(putchar.o)
 .debug_aranges
                0x000003e8       0x20 C:/Freescale/CW MCU v10.6/MCU/ARM_GCC_Support/ewl/lib/armv7e-m/fpu\libc.a(puts.o)
 .debug_aranges
                0x00000408       0x20 C:/Freescale/CW MCU v10.6/MCU/ARM_GCC_Support/ewl/lib/armv7e-m/fpu\libc.a(snprintf.o)
 .debug_aranges
                0x00000428       0x28 C:/Freescale/CW MCU v10.6/MCU/ARM_GCC_Support/ewl/lib/armv7e-m/fpu\libc.a(vsnprintf.o)
 .debug_aranges
                0x00000450       0x40 C:/Freescale/CW MCU v10.6/MCU/ARM_GCC_Support/ewl/lib/armv7e-m/fpu\libc.a(alloc.o)
 .debug_aranges
                0x00000490       0x20 C:/Freescale/CW MCU v10.6/MCU/ARM_GCC_Support/ewl/lib/armv7e-m/fpu\libc.a(exit.o)
 .debug_aranges
                0x000004b0       0x20 C:/Freescale/CW MCU v10.6/MCU/ARM_GCC_Support/ewl/lib/armv7e-m/fpu\libc.a(__memrchr.o)
 .debug_aranges
                0x000004d0       0x20 C:/Freescale/CW MCU v10.6/MCU/ARM_GCC_Support/ewl/lib/armv7e-m/fpu\libc.a(memcpy.o)
 .debug_aranges
                0x000004f0       0x20 C:/Freescale/CW MCU v10.6/MCU/ARM_GCC_Support/ewl/lib/armv7e-m/fpu\libc.a(memset.o)
 .debug_aranges
                0x00000510       0x20 C:/Freescale/CW MCU v10.6/MCU/ARM_GCC_Support/ewl/lib/armv7e-m/fpu\libc.a(strncmp.o)
 .debug_aranges
                0x00000530       0x28 C:/Freescale/CW MCU v10.6/MCU/ARM_GCC_Support/ewl/lib/armv7e-m/fpu\libc.a(printformat_.o)
 .debug_aranges
                0x00000558       0x20 C:/Freescale/CW MCU v10.6/MCU/ARM_GCC_Support/ewl/lib/armv7e-m/fpu\libc.a(scanformat_.o)
 .debug_aranges
                0x00000578       0x88 C:/Freescale/CW MCU v10.6/MCU/ARM_GCC_Support/ewl/lib/armv7e-m/fpu\libc.a(ctype_aeabi.o)
 .debug_aranges
                0x00000600       0x30 C:/Freescale/CW MCU v10.6/MCU/ARM_GCC_Support/ewl/lib/armv7e-m/fpu\libc.a(__buffer_io.o)
 .debug_aranges
                0x00000630       0x20 C:/Freescale/CW MCU v10.6/MCU/ARM_GCC_Support/ewl/lib/armv7e-m/fpu\libc.a(__putchar.o)
 .debug_aranges
                0x00000650       0x20 C:/Freescale/CW MCU v10.6/MCU/ARM_GCC_Support/ewl/lib/armv7e-m/fpu\libc.a(__strtoul.o)
 .debug_aranges
                0x00000670       0x20 C:/Freescale/CW MCU v10.6/MCU/ARM_GCC_Support/ewl/lib/armv7e-m/fpu\libc.a(__filll_mem.o)
 .debug_aranges
                0x00000690       0x20 C:/Freescale/CW MCU v10.6/MCU/ARM_GCC_Support/ewl/lib/armv7e-m/fpu\libc.a(memchr.o)
 .debug_aranges
                0x000006b0       0x20 C:/Freescale/CW MCU v10.6/MCU/ARM_GCC_Support/ewl/lib/armv7e-m/fpu\libc.a(strchr.o)
 .debug_aranges
                0x000006d0       0x20 C:/Freescale/CW MCU v10.6/MCU/ARM_GCC_Support/ewl/lib/armv7e-m/fpu\libc.a(strlen.o)
 .debug_aranges
                0x000006f0       0x28 C:/Freescale/CW MCU v10.6/MCU/ARM_GCC_Support/ewl/lib/armv7e-m/fpu\librt.a(gcc_ctor_dtor.o)
 .debug_aranges
                0x00000718       0x30 C:/Freescale/CW MCU v10.6/MCU/ARM_GCC_Support/ewl/lib/armv7e-m/fpu\librt.a(ROMCopy.o)
 .debug_aranges
                0x00000748       0x60 C:/Freescale/CW MCU v10.6/MCU/ARM_GCC_Support/ewl/lib/armv7e-m/fpu\librt.a(__arm_eabi_init.o)
 .debug_aranges
                0x000007a8       0x50 C:/Freescale/CW MCU v10.6/MCU/ARM_GCC_Support/ewl/lib/armv7e-m/fpu\libhosted.a(semihosted_console_io.o)
 .debug_aranges
                0x000007f8       0xe0 C:/Freescale/CW MCU v10.6/MCU/ARM_GCC_Support/ewl/lib/armv7e-m/fpu\libhosted.a(semihosted_file_io.o)

.debug_macinfo  0x00000000   0x4d55a9
 .debug_macinfo
                0x00000000    0x87850 ./Project_Settings/Startup_Code/kinetis_sysinit.o
 .debug_macinfo
                0x00087850     0x3f83 ./Project_Settings/Startup_Code/__arm_start.o
 .debug_macinfo
                0x0008b7d3     0x356c ./Project_Settings/Startup_Code/__arm_end.o
 .debug_macinfo
                0x0008ed3f    0x87b14 ./Sources/uartNL.o
 .debug_macinfo
                0x00116853    0x87ae6 ./Sources/uart.o
 .debug_macinfo
                0x0019e339    0x8931a ./Sources/microSD.o
 .debug_macinfo
                0x00227653    0x8906d ./Sources/main.o
 .debug_macinfo
                0x002b06c0    0x892e5 ./Sources/fsInfo.o
 .debug_macinfo
                0x003399a5    0x89162 ./Sources/bootSector.o
 .debug_macinfo
                0x003c2b07    0x897dc ./Sources/SDHC_FAT32_Files.o
 .debug_macinfo
                0x0044c2e3    0x892c6 ./Sources/FAT.o

.debug_line     0x00000000     0x438a
 .debug_line    0x00000000      0x232 ./Project_Settings/Startup_Code/kinetis_sysinit.o
 .debug_line    0x00000232      0x2b6 ./Project_Settings/Startup_Code/__arm_start.o
 .debug_line    0x000004e8      0x267 ./Project_Settings/Startup_Code/__arm_end.o
 .debug_line    0x0000074f      0x226 ./Sources/uartNL.o
 .debug_line    0x00000975      0x275 ./Sources/uart.o
 .debug_line    0x00000bea      0x5b9 ./Sources/microSD.o
 .debug_line    0x000011a3      0x30b ./Sources/main.o
 .debug_line    0x000014ae      0x368 ./Sources/fsInfo.o
 .debug_line    0x00001816      0x4d2 ./Sources/bootSector.o
 .debug_line    0x00001ce8      0x55f ./Sources/SDHC_FAT32_Files.o
 .debug_line    0x00002247      0x42f ./Sources/FAT.o
 .debug_line    0x00002676       0xc0 C:/Freescale/CW MCU v10.6/MCU/ARM_GCC_Support/ewl/lib/armv7e-m/fpu\libc.a(ansi_files.o)
 .debug_line    0x00002736      0x155 C:/Freescale/CW MCU v10.6/MCU/ARM_GCC_Support/ewl/lib/armv7e-m/fpu\libc.a(fwrite.o)
 .debug_line    0x0000288b       0xb6 C:/Freescale/CW MCU v10.6/MCU/ARM_GCC_Support/ewl/lib/armv7e-m/fpu\libc.a(printf.o)
 .debug_line    0x00002941       0x98 C:/Freescale/CW MCU v10.6/MCU/ARM_GCC_Support/ewl/lib/armv7e-m/fpu\libc.a(putchar.o)
 .debug_line    0x000029d9       0x9c C:/Freescale/CW MCU v10.6/MCU/ARM_GCC_Support/ewl/lib/armv7e-m/fpu\libc.a(puts.o)
 .debug_line    0x00002a75       0x9f C:/Freescale/CW MCU v10.6/MCU/ARM_GCC_Support/ewl/lib/armv7e-m/fpu\libc.a(snprintf.o)
 .debug_line    0x00002b14       0xd1 C:/Freescale/CW MCU v10.6/MCU/ARM_GCC_Support/ewl/lib/armv7e-m/fpu\libc.a(vsnprintf.o)
 .debug_line    0x00002be5      0x159 C:/Freescale/CW MCU v10.6/MCU/ARM_GCC_Support/ewl/lib/armv7e-m/fpu\libc.a(alloc.o)
 .debug_line    0x00002d3e       0x94 C:/Freescale/CW MCU v10.6/MCU/ARM_GCC_Support/ewl/lib/armv7e-m/fpu\libc.a(exit.o)
 .debug_line    0x00002dd2       0x99 C:/Freescale/CW MCU v10.6/MCU/ARM_GCC_Support/ewl/lib/armv7e-m/fpu\libc.a(__memrchr.o)
 .debug_line    0x00002e6b       0x8b C:/Freescale/CW MCU v10.6/MCU/ARM_GCC_Support/ewl/lib/armv7e-m/fpu\libc.a(memcpy.o)
 .debug_line    0x00002ef6       0x8f C:/Freescale/CW MCU v10.6/MCU/ARM_GCC_Support/ewl/lib/armv7e-m/fpu\libc.a(memset.o)
 .debug_line    0x00002f85       0x8e C:/Freescale/CW MCU v10.6/MCU/ARM_GCC_Support/ewl/lib/armv7e-m/fpu\libc.a(strncmp.o)
 .debug_line    0x00003013      0x2b4 C:/Freescale/CW MCU v10.6/MCU/ARM_GCC_Support/ewl/lib/armv7e-m/fpu\libc.a(printformat_.o)
 .debug_line    0x000032c7      0x2df C:/Freescale/CW MCU v10.6/MCU/ARM_GCC_Support/ewl/lib/armv7e-m/fpu\libc.a(scanformat_.o)
 .debug_line    0x000035a6      0x1a9 C:/Freescale/CW MCU v10.6/MCU/ARM_GCC_Support/ewl/lib/armv7e-m/fpu\libc.a(ctype_aeabi.o)
 .debug_line    0x0000374f       0xfa C:/Freescale/CW MCU v10.6/MCU/ARM_GCC_Support/ewl/lib/armv7e-m/fpu\libc.a(__buffer_io.o)
 .debug_line    0x00003849       0xc2 C:/Freescale/CW MCU v10.6/MCU/ARM_GCC_Support/ewl/lib/armv7e-m/fpu\libc.a(__putchar.o)
 .debug_line    0x0000390b      0x11b C:/Freescale/CW MCU v10.6/MCU/ARM_GCC_Support/ewl/lib/armv7e-m/fpu\libc.a(__strtoul.o)
 .debug_line    0x00003a26       0xcd C:/Freescale/CW MCU v10.6/MCU/ARM_GCC_Support/ewl/lib/armv7e-m/fpu\libc.a(__filll_mem.o)
 .debug_line    0x00003af3       0x9f C:/Freescale/CW MCU v10.6/MCU/ARM_GCC_Support/ewl/lib/armv7e-m/fpu\libc.a(memchr.o)
 .debug_line    0x00003b92       0x7d C:/Freescale/CW MCU v10.6/MCU/ARM_GCC_Support/ewl/lib/armv7e-m/fpu\libc.a(strchr.o)
 .debug_line    0x00003c0f       0x83 C:/Freescale/CW MCU v10.6/MCU/ARM_GCC_Support/ewl/lib/armv7e-m/fpu\libc.a(strlen.o)
 .debug_line    0x00003c92       0x67 C:/Freescale/CW MCU v10.6/MCU/ARM_GCC_Support/ewl/lib/armv7e-m/fpu\librt.a(gcc_ctor_dtor.o)
 .debug_line    0x00003cf9       0xa9 C:/Freescale/CW MCU v10.6/MCU/ARM_GCC_Support/ewl/lib/armv7e-m/fpu\librt.a(ROMCopy.o)
 .debug_line    0x00003da2      0x125 C:/Freescale/CW MCU v10.6/MCU/ARM_GCC_Support/ewl/lib/armv7e-m/fpu\librt.a(__arm_eabi_init.o)
 .debug_line    0x00003ec7      0x14c C:/Freescale/CW MCU v10.6/MCU/ARM_GCC_Support/ewl/lib/armv7e-m/fpu\libhosted.a(semihosted_console_io.o)
 .debug_line    0x00004013      0x377 C:/Freescale/CW MCU v10.6/MCU/ARM_GCC_Support/ewl/lib/armv7e-m/fpu\libhosted.a(semihosted_file_io.o)

.debug_str      0x00000000     0x2e33
 .debug_str     0x00000000      0x288 ./Project_Settings/Startup_Code/kinetis_sysinit.o
                                0x2af (size before relaxing)
 .debug_str     0x00000288       0x85 ./Project_Settings/Startup_Code/__arm_start.o
                                0x1b0 (size before relaxing)
 .debug_str     0x0000030d       0x3a ./Project_Settings/Startup_Code/__arm_end.o
                                 0xe7 (size before relaxing)
 .debug_str     0x00000347       0xf2 ./Sources/uartNL.o
                                0x244 (size before relaxing)
 .debug_str     0x00000439      0x15b ./Sources/uart.o
                                0x381 (size before relaxing)
 .debug_str     0x00000594      0xab8 ./Sources/microSD.o
                                0xe19 (size before relaxing)
 .debug_str     0x0000104c       0x35 ./Sources/main.o
                                0x178 (size before relaxing)
 .debug_str     0x00001081       0xf7 ./Sources/fsInfo.o
                                0x730 (size before relaxing)
 .debug_str     0x00001178      0x529 ./Sources/bootSector.o
                                0xc0d (size before relaxing)
 .debug_str     0x000016a1      0x2a8 ./Sources/SDHC_FAT32_Files.o
                                0x84e (size before relaxing)
 .debug_str     0x00001949      0x1ba ./Sources/FAT.o
                                0x841 (size before relaxing)
 .debug_str     0x00001b03      0x310 C:/Freescale/CW MCU v10.6/MCU/ARM_GCC_Support/ewl/lib/armv7e-m/fpu\libc.a(ansi_files.o)
                                0x442 (size before relaxing)
 .debug_str     0x00001e13      0x19a C:/Freescale/CW MCU v10.6/MCU/ARM_GCC_Support/ewl/lib/armv7e-m/fpu\libc.a(fwrite.o)
                                0x53b (size before relaxing)
 .debug_str     0x00001fad       0x27 C:/Freescale/CW MCU v10.6/MCU/ARM_GCC_Support/ewl/lib/armv7e-m/fpu\libc.a(printf.o)
                                0x2e9 (size before relaxing)
 .debug_str     0x00001fd4       0x1c C:/Freescale/CW MCU v10.6/MCU/ARM_GCC_Support/ewl/lib/armv7e-m/fpu\libc.a(putchar.o)
                                0x2c6 (size before relaxing)
 .debug_str     0x00001ff0       0x16 C:/Freescale/CW MCU v10.6/MCU/ARM_GCC_Support/ewl/lib/armv7e-m/fpu\libc.a(puts.o)
                                0x2cc (size before relaxing)
 .debug_str     0x00002006       0x15 C:/Freescale/CW MCU v10.6/MCU/ARM_GCC_Support/ewl/lib/armv7e-m/fpu\libc.a(snprintf.o)
                                0x16c (size before relaxing)
 .debug_str     0x0000201b       0x73 C:/Freescale/CW MCU v10.6/MCU/ARM_GCC_Support/ewl/lib/armv7e-m/fpu\libc.a(vsnprintf.o)
                                0x1cc (size before relaxing)
 .debug_str     0x0000208e       0xb7 C:/Freescale/CW MCU v10.6/MCU/ARM_GCC_Support/ewl/lib/armv7e-m/fpu\libc.a(alloc.o)
                                0x200 (size before relaxing)
 .debug_str     0x00002145       0x2e C:/Freescale/CW MCU v10.6/MCU/ARM_GCC_Support/ewl/lib/armv7e-m/fpu\libc.a(exit.o)
                                0x157 (size before relaxing)
 .debug_str     0x00002173       0x22 C:/Freescale/CW MCU v10.6/MCU/ARM_GCC_Support/ewl/lib/armv7e-m/fpu\libc.a(__memrchr.o)
                                0x145 (size before relaxing)
 .debug_str     0x00002195       0x1c C:/Freescale/CW MCU v10.6/MCU/ARM_GCC_Support/ewl/lib/armv7e-m/fpu\libc.a(memcpy.o)
                                0x138 (size before relaxing)
 .debug_str     0x000021b1       0x1c C:/Freescale/CW MCU v10.6/MCU/ARM_GCC_Support/ewl/lib/armv7e-m/fpu\libc.a(memset.o)
                                0x140 (size before relaxing)
 .debug_str     0x000021cd       0x28 C:/Freescale/CW MCU v10.6/MCU/ARM_GCC_Support/ewl/lib/armv7e-m/fpu\libc.a(strncmp.o)
                                0x152 (size before relaxing)
 .debug_str     0x000021f5      0x218 C:/Freescale/CW MCU v10.6/MCU/ARM_GCC_Support/ewl/lib/armv7e-m/fpu\libc.a(printformat_.o)
                                0x3b3 (size before relaxing)
 .debug_str     0x0000240d      0x17b C:/Freescale/CW MCU v10.6/MCU/ARM_GCC_Support/ewl/lib/armv7e-m/fpu\libc.a(scanformat_.o)
                                0x3f9 (size before relaxing)
 .debug_str     0x00002588       0x9d C:/Freescale/CW MCU v10.6/MCU/ARM_GCC_Support/ewl/lib/armv7e-m/fpu\libc.a(ctype_aeabi.o)
                                0x1bc (size before relaxing)
 .debug_str     0x00002625       0x8b C:/Freescale/CW MCU v10.6/MCU/ARM_GCC_Support/ewl/lib/armv7e-m/fpu\libc.a(__buffer_io.o)
                                0x373 (size before relaxing)
 .debug_str     0x000026b0       0x21 C:/Freescale/CW MCU v10.6/MCU/ARM_GCC_Support/ewl/lib/armv7e-m/fpu\libc.a(__putchar.o)
                                0x39e (size before relaxing)
 .debug_str     0x000026d1       0x5b C:/Freescale/CW MCU v10.6/MCU/ARM_GCC_Support/ewl/lib/armv7e-m/fpu\libc.a(__strtoul.o)
                                0x1fb (size before relaxing)
 .debug_str     0x0000272c       0x25 C:/Freescale/CW MCU v10.6/MCU/ARM_GCC_Support/ewl/lib/armv7e-m/fpu\libc.a(__filll_mem.o)
                                0x152 (size before relaxing)
 .debug_str     0x00002751       0x1c C:/Freescale/CW MCU v10.6/MCU/ARM_GCC_Support/ewl/lib/armv7e-m/fpu\libc.a(memchr.o)
                                0x148 (size before relaxing)
 .debug_str     0x0000276d       0x1c C:/Freescale/CW MCU v10.6/MCU/ARM_GCC_Support/ewl/lib/armv7e-m/fpu\libc.a(strchr.o)
                                0x137 (size before relaxing)
 .debug_str     0x00002789       0x1c C:/Freescale/CW MCU v10.6/MCU/ARM_GCC_Support/ewl/lib/armv7e-m/fpu\libc.a(strlen.o)
                                0x140 (size before relaxing)
 .debug_str     0x000027a5      0x126 C:/Freescale/CW MCU v10.6/MCU/ARM_GCC_Support/ewl/lib/armv7e-m/fpu\librt.a(gcc_ctor_dtor.o)
                                0x181 (size before relaxing)
 .debug_str     0x000028cb       0x96 C:/Freescale/CW MCU v10.6/MCU/ARM_GCC_Support/ewl/lib/armv7e-m/fpu\librt.a(ROMCopy.o)
                                0x13c (size before relaxing)
 .debug_str     0x00002961       0xfd C:/Freescale/CW MCU v10.6/MCU/ARM_GCC_Support/ewl/lib/armv7e-m/fpu\librt.a(__arm_eabi_init.o)
                                0x1bf (size before relaxing)
 .debug_str     0x00002a5e       0x9b C:/Freescale/CW MCU v10.6/MCU/ARM_GCC_Support/ewl/lib/armv7e-m/fpu\libhosted.a(semihosted_console_io.o)
                                0x1ac (size before relaxing)
 .debug_str     0x00002af9      0x33a C:/Freescale/CW MCU v10.6/MCU/ARM_GCC_Support/ewl/lib/armv7e-m/fpu\libhosted.a(semihosted_file_io.o)
                                0x5f2 (size before relaxing)

.comment        0x00000000       0x79
 .comment       0x00000000       0x79 ./Project_Settings/Startup_Code/kinetis_sysinit.o
                                 0x7a (size before relaxing)
 .comment       0x00000000       0x7a ./Project_Settings/Startup_Code/__arm_start.o
 .comment       0x00000000       0x7a ./Project_Settings/Startup_Code/__arm_end.o
 .comment       0x00000000       0x7a ./Sources/uartNL.o
 .comment       0x00000000       0x7a ./Sources/uart.o
 .comment       0x00000000       0x7a ./Sources/microSD.o
 .comment       0x00000000       0x7a ./Sources/main.o
 .comment       0x00000000       0x7a ./Sources/fsInfo.o
 .comment       0x00000000       0x7a ./Sources/bootSector.o
 .comment       0x00000000       0x7a ./Sources/SDHC_FAT32_Files.o
 .comment       0x00000000       0x7a ./Sources/FAT.o
 .comment       0x00000000       0x7a C:/Freescale/CW MCU v10.6/MCU/ARM_GCC_Support/ewl/lib/armv7e-m/fpu\libc.a(ansi_files.o)
 .comment       0x00000000       0x7a C:/Freescale/CW MCU v10.6/MCU/ARM_GCC_Support/ewl/lib/armv7e-m/fpu\libc.a(fwrite.o)
 .comment       0x00000000       0x7a C:/Freescale/CW MCU v10.6/MCU/ARM_GCC_Support/ewl/lib/armv7e-m/fpu\libc.a(printf.o)
 .comment       0x00000000       0x7a C:/Freescale/CW MCU v10.6/MCU/ARM_GCC_Support/ewl/lib/armv7e-m/fpu\libc.a(putchar.o)
 .comment       0x00000000       0x7a C:/Freescale/CW MCU v10.6/MCU/ARM_GCC_Support/ewl/lib/armv7e-m/fpu\libc.a(puts.o)
 .comment       0x00000000       0x7a C:/Freescale/CW MCU v10.6/MCU/ARM_GCC_Support/ewl/lib/armv7e-m/fpu\libc.a(snprintf.o)
 .comment       0x00000000       0x7a C:/Freescale/CW MCU v10.6/MCU/ARM_GCC_Support/ewl/lib/armv7e-m/fpu\libc.a(vsnprintf.o)
 .comment       0x00000000       0x7a C:/Freescale/CW MCU v10.6/MCU/ARM_GCC_Support/ewl/lib/armv7e-m/fpu\libc.a(alloc.o)
 .comment       0x00000000       0x7a C:/Freescale/CW MCU v10.6/MCU/ARM_GCC_Support/ewl/lib/armv7e-m/fpu\libc.a(exit.o)
 .comment       0x00000000       0x7a C:/Freescale/CW MCU v10.6/MCU/ARM_GCC_Support/ewl/lib/armv7e-m/fpu\libc.a(__memrchr.o)
 .comment       0x00000000       0x7a C:/Freescale/CW MCU v10.6/MCU/ARM_GCC_Support/ewl/lib/armv7e-m/fpu\libc.a(memcpy.o)
 .comment       0x00000000       0x7a C:/Freescale/CW MCU v10.6/MCU/ARM_GCC_Support/ewl/lib/armv7e-m/fpu\libc.a(memset.o)
 .comment       0x00000000       0x7a C:/Freescale/CW MCU v10.6/MCU/ARM_GCC_Support/ewl/lib/armv7e-m/fpu\libc.a(strncmp.o)
 .comment       0x00000000       0x7a C:/Freescale/CW MCU v10.6/MCU/ARM_GCC_Support/ewl/lib/armv7e-m/fpu\libc.a(printformat_.o)
 .comment       0x00000000       0x7a C:/Freescale/CW MCU v10.6/MCU/ARM_GCC_Support/ewl/lib/armv7e-m/fpu\libc.a(scanformat_.o)
 .comment       0x00000000       0x7a C:/Freescale/CW MCU v10.6/MCU/ARM_GCC_Support/ewl/lib/armv7e-m/fpu\libc.a(ctype_aeabi.o)
 .comment       0x00000000       0x7a C:/Freescale/CW MCU v10.6/MCU/ARM_GCC_Support/ewl/lib/armv7e-m/fpu\libc.a(__buffer_io.o)
 .comment       0x00000000       0x7a C:/Freescale/CW MCU v10.6/MCU/ARM_GCC_Support/ewl/lib/armv7e-m/fpu\libc.a(__putchar.o)
 .comment       0x00000000       0x7a C:/Freescale/CW MCU v10.6/MCU/ARM_GCC_Support/ewl/lib/armv7e-m/fpu\libc.a(__strtoul.o)
 .comment       0x00000000       0x7a C:/Freescale/CW MCU v10.6/MCU/ARM_GCC_Support/ewl/lib/armv7e-m/fpu\libc.a(__filll_mem.o)
 .comment       0x00000000       0x7a C:/Freescale/CW MCU v10.6/MCU/ARM_GCC_Support/ewl/lib/armv7e-m/fpu\libc.a(memchr.o)
 .comment       0x00000000       0x7a C:/Freescale/CW MCU v10.6/MCU/ARM_GCC_Support/ewl/lib/armv7e-m/fpu\libc.a(strchr.o)
 .comment       0x00000000       0x7a C:/Freescale/CW MCU v10.6/MCU/ARM_GCC_Support/ewl/lib/armv7e-m/fpu\libc.a(strlen.o)
 .comment       0x00000000       0x7a C:/Freescale/CW MCU v10.6/MCU/ARM_GCC_Support/ewl/lib/armv7e-m/fpu\librt.a(gcc_ctor_dtor.o)
 .comment       0x00000000       0x7a C:/Freescale/CW MCU v10.6/MCU/ARM_GCC_Support/ewl/lib/armv7e-m/fpu\librt.a(ROMCopy.o)
 .comment       0x00000000       0x7a C:/Freescale/CW MCU v10.6/MCU/ARM_GCC_Support/ewl/lib/armv7e-m/fpu\librt.a(__arm_eabi_init.o)
 .comment       0x00000000       0x7a C:/Freescale/CW MCU v10.6/MCU/ARM_GCC_Support/ewl/lib/armv7e-m/fpu\libhosted.a(semihosted_console_io.o)
 .comment       0x00000000       0x7a C:/Freescale/CW MCU v10.6/MCU/ARM_GCC_Support/ewl/lib/armv7e-m/fpu\libhosted.a(semihosted_file_io.o)

.debug_frame    0x00000000     0x1354
 .debug_frame   0x00000000       0x40 ./Project_Settings/Startup_Code/kinetis_sysinit.o
 .debug_frame   0x00000040       0x4c ./Project_Settings/Startup_Code/__arm_start.o
 .debug_frame   0x0000008c       0x30 ./Project_Settings/Startup_Code/__arm_end.o
 .debug_frame   0x000000bc       0x50 ./Sources/uartNL.o
 .debug_frame   0x0000010c       0xa0 ./Sources/uart.o
 .debug_frame   0x000001ac      0x308 ./Sources/microSD.o
 .debug_frame   0x000004b4       0x30 ./Sources/main.o
 .debug_frame   0x000004e4       0x54 ./Sources/fsInfo.o
 .debug_frame   0x00000538       0xc4 ./Sources/bootSector.o
 .debug_frame   0x000005fc      0x240 ./Sources/SDHC_FAT32_Files.o
 .debug_frame   0x0000083c       0xe8 ./Sources/FAT.o
 .debug_frame   0x00000924       0x48 C:/Freescale/CW MCU v10.6/MCU/ARM_GCC_Support/ewl/lib/armv7e-m/fpu\libc.a(ansi_files.o)
 .debug_frame   0x0000096c       0x64 C:/Freescale/CW MCU v10.6/MCU/ARM_GCC_Support/ewl/lib/armv7e-m/fpu\libc.a(fwrite.o)
 .debug_frame   0x000009d0       0x3c C:/Freescale/CW MCU v10.6/MCU/ARM_GCC_Support/ewl/lib/armv7e-m/fpu\libc.a(printf.o)
 .debug_frame   0x00000a0c       0x28 C:/Freescale/CW MCU v10.6/MCU/ARM_GCC_Support/ewl/lib/armv7e-m/fpu\libc.a(putchar.o)
 .debug_frame   0x00000a34       0x28 C:/Freescale/CW MCU v10.6/MCU/ARM_GCC_Support/ewl/lib/armv7e-m/fpu\libc.a(puts.o)
 .debug_frame   0x00000a5c       0x34 C:/Freescale/CW MCU v10.6/MCU/ARM_GCC_Support/ewl/lib/armv7e-m/fpu\libc.a(snprintf.o)
 .debug_frame   0x00000a90       0x4c C:/Freescale/CW MCU v10.6/MCU/ARM_GCC_Support/ewl/lib/armv7e-m/fpu\libc.a(vsnprintf.o)
 .debug_frame   0x00000adc       0x88 C:/Freescale/CW MCU v10.6/MCU/ARM_GCC_Support/ewl/lib/armv7e-m/fpu\libc.a(alloc.o)
 .debug_frame   0x00000b64       0x28 C:/Freescale/CW MCU v10.6/MCU/ARM_GCC_Support/ewl/lib/armv7e-m/fpu\libc.a(exit.o)
 .debug_frame   0x00000b8c       0x28 C:/Freescale/CW MCU v10.6/MCU/ARM_GCC_Support/ewl/lib/armv7e-m/fpu\libc.a(__memrchr.o)
 .debug_frame   0x00000bb4       0x28 C:/Freescale/CW MCU v10.6/MCU/ARM_GCC_Support/ewl/lib/armv7e-m/fpu\libc.a(memcpy.o)
 .debug_frame   0x00000bdc       0x28 C:/Freescale/CW MCU v10.6/MCU/ARM_GCC_Support/ewl/lib/armv7e-m/fpu\libc.a(memset.o)
 .debug_frame   0x00000c04       0x2c C:/Freescale/CW MCU v10.6/MCU/ARM_GCC_Support/ewl/lib/armv7e-m/fpu\libc.a(strncmp.o)
 .debug_frame   0x00000c30       0x64 C:/Freescale/CW MCU v10.6/MCU/ARM_GCC_Support/ewl/lib/armv7e-m/fpu\libc.a(printformat_.o)
 .debug_frame   0x00000c94       0x3c C:/Freescale/CW MCU v10.6/MCU/ARM_GCC_Support/ewl/lib/armv7e-m/fpu\libc.a(scanformat_.o)
 .debug_frame   0x00000cd0       0xf0 C:/Freescale/CW MCU v10.6/MCU/ARM_GCC_Support/ewl/lib/armv7e-m/fpu\libc.a(ctype_aeabi.o)
 .debug_frame   0x00000dc0       0x58 C:/Freescale/CW MCU v10.6/MCU/ARM_GCC_Support/ewl/lib/armv7e-m/fpu\libc.a(__buffer_io.o)
 .debug_frame   0x00000e18       0x2c C:/Freescale/CW MCU v10.6/MCU/ARM_GCC_Support/ewl/lib/armv7e-m/fpu\libc.a(__putchar.o)
 .debug_frame   0x00000e44       0x3c C:/Freescale/CW MCU v10.6/MCU/ARM_GCC_Support/ewl/lib/armv7e-m/fpu\libc.a(__strtoul.o)
 .debug_frame   0x00000e80       0x2c C:/Freescale/CW MCU v10.6/MCU/ARM_GCC_Support/ewl/lib/armv7e-m/fpu\libc.a(__filll_mem.o)
 .debug_frame   0x00000eac       0x20 C:/Freescale/CW MCU v10.6/MCU/ARM_GCC_Support/ewl/lib/armv7e-m/fpu\libc.a(memchr.o)
 .debug_frame   0x00000ecc       0x20 C:/Freescale/CW MCU v10.6/MCU/ARM_GCC_Support/ewl/lib/armv7e-m/fpu\libc.a(strchr.o)
 .debug_frame   0x00000eec       0x20 C:/Freescale/CW MCU v10.6/MCU/ARM_GCC_Support/ewl/lib/armv7e-m/fpu\libc.a(strlen.o)
 .debug_frame   0x00000f0c       0x40 C:/Freescale/CW MCU v10.6/MCU/ARM_GCC_Support/ewl/lib/armv7e-m/fpu\librt.a(gcc_ctor_dtor.o)
 .debug_frame   0x00000f4c       0x48 C:/Freescale/CW MCU v10.6/MCU/ARM_GCC_Support/ewl/lib/armv7e-m/fpu\librt.a(ROMCopy.o)
 .debug_frame   0x00000f94       0xbc C:/Freescale/CW MCU v10.6/MCU/ARM_GCC_Support/ewl/lib/armv7e-m/fpu\librt.a(__arm_eabi_init.o)
 .debug_frame   0x00001050       0x90 C:/Freescale/CW MCU v10.6/MCU/ARM_GCC_Support/ewl/lib/armv7e-m/fpu\libhosted.a(semihosted_console_io.o)
 .debug_frame   0x000010e0      0x274 C:/Freescale/CW MCU v10.6/MCU/ARM_GCC_Support/ewl/lib/armv7e-m/fpu\libhosted.a(semihosted_file_io.o)
