Archive member included because of file (symbol)

C:/Freescale/CW MCU v10.6/MCU/ARM_GCC_Support/ewl/lib/armv7e-m/fpu\libc.a(ansi_files.o)
                              ./Sources/simpleshell.o (__files)
C:/Freescale/CW MCU v10.6/MCU/ARM_GCC_Support/ewl/lib/armv7e-m/fpu\libc.a(fflush.o)
                              C:/Freescale/CW MCU v10.6/MCU/ARM_GCC_Support/ewl/lib/armv7e-m/fpu\libc.a(ansi_files.o) (fflush)
C:/Freescale/CW MCU v10.6/MCU/ARM_GCC_Support/ewl/lib/armv7e-m/fpu\libc.a(fgetc.o)
                              ./Sources/simpleshell.o (fgetc)
C:/Freescale/CW MCU v10.6/MCU/ARM_GCC_Support/ewl/lib/armv7e-m/fpu\libc.a(printf.o)
                              ./Sources/simpleshell.o (printf)
C:/Freescale/CW MCU v10.6/MCU/ARM_GCC_Support/ewl/lib/armv7e-m/fpu\libc.a(puts.o)
                              ./Sources/simpleshell.o (puts)
C:/Freescale/CW MCU v10.6/MCU/ARM_GCC_Support/ewl/lib/armv7e-m/fpu\libc.a(snprintf.o)
                              ./Sources/myerror.o (snprintf)
C:/Freescale/CW MCU v10.6/MCU/ARM_GCC_Support/ewl/lib/armv7e-m/fpu\libc.a(sprintf.o)
                              ./Sources/simpleshell.o (sprintf)
C:/Freescale/CW MCU v10.6/MCU/ARM_GCC_Support/ewl/lib/armv7e-m/fpu\libc.a(vsnprintf.o)
                              C:/Freescale/CW MCU v10.6/MCU/ARM_GCC_Support/ewl/lib/armv7e-m/fpu\libc.a(snprintf.o) (vsnprintf)
C:/Freescale/CW MCU v10.6/MCU/ARM_GCC_Support/ewl/lib/armv7e-m/fpu\libc.a(alloc.o)
                              ./Sources/mymalloc.o (malloc)
C:/Freescale/CW MCU v10.6/MCU/ARM_GCC_Support/ewl/lib/armv7e-m/fpu\libc.a(exit.o)
                              ./Project_Settings/Startup_Code/__arm_start.o (exit)
C:/Freescale/CW MCU v10.6/MCU/ARM_GCC_Support/ewl/lib/armv7e-m/fpu\libc.a(strtoul.o)
                              ./Sources/simpleshell.o (strtoul)
C:/Freescale/CW MCU v10.6/MCU/ARM_GCC_Support/ewl/lib/armv7e-m/fpu\libc.a(memcpy.o)
                              C:/Freescale/CW MCU v10.6/MCU/ARM_GCC_Support/ewl/lib/armv7e-m/fpu\libc.a(vsnprintf.o) (memcpy)
C:/Freescale/CW MCU v10.6/MCU/ARM_GCC_Support/ewl/lib/armv7e-m/fpu\libc.a(memset.o)
                              ./Project_Settings/Startup_Code/__arm_start.o (memset)
C:/Freescale/CW MCU v10.6/MCU/ARM_GCC_Support/ewl/lib/armv7e-m/fpu\libc.a(strlen.o)
                              ./Sources/simpleshell.o (strlen)
C:/Freescale/CW MCU v10.6/MCU/ARM_GCC_Support/ewl/lib/armv7e-m/fpu\libc.a(strncmp.o)
                              ./Sources/simpleshell.o (strncmp)
C:/Freescale/CW MCU v10.6/MCU/ARM_GCC_Support/ewl/lib/armv7e-m/fpu\libc.a(printformat_.o)
                              (__pformatter_)
C:/Freescale/CW MCU v10.6/MCU/ARM_GCC_Support/ewl/lib/armv7e-m/fpu\libc.a(scanformat_.o)
                              (__sformatter)
C:/Freescale/CW MCU v10.6/MCU/ARM_GCC_Support/ewl/lib/armv7e-m/fpu\libc.a(ctype_aeabi.o)
                              C:/Freescale/CW MCU v10.6/MCU/ARM_GCC_Support/ewl/lib/armv7e-m/fpu\libc.a(scanformat_.o) (isspace)
C:/Freescale/CW MCU v10.6/MCU/ARM_GCC_Support/ewl/lib/armv7e-m/fpu\libc.a(errno.o)
                              C:/Freescale/CW MCU v10.6/MCU/ARM_GCC_Support/ewl/lib/armv7e-m/fpu\libc.a(strtoul.o) (errno)
C:/Freescale/CW MCU v10.6/MCU/ARM_GCC_Support/ewl/lib/armv7e-m/fpu\libc.a(__buffer_io.o)
                              C:/Freescale/CW MCU v10.6/MCU/ARM_GCC_Support/ewl/lib/armv7e-m/fpu\libc.a(fflush.o) (__flush_buffer)
C:/Freescale/CW MCU v10.6/MCU/ARM_GCC_Support/ewl/lib/armv7e-m/fpu\libc.a(__getchar.o)
                              C:/Freescale/CW MCU v10.6/MCU/ARM_GCC_Support/ewl/lib/armv7e-m/fpu\libc.a(fgetc.o) (__get_char)
C:/Freescale/CW MCU v10.6/MCU/ARM_GCC_Support/ewl/lib/armv7e-m/fpu\libc.a(__putchar.o)
                              C:/Freescale/CW MCU v10.6/MCU/ARM_GCC_Support/ewl/lib/armv7e-m/fpu\libc.a(puts.o) (__put_char)
C:/Freescale/CW MCU v10.6/MCU/ARM_GCC_Support/ewl/lib/armv7e-m/fpu\libc.a(fwrite.o)
                              C:/Freescale/CW MCU v10.6/MCU/ARM_GCC_Support/ewl/lib/armv7e-m/fpu\libc.a(printf.o) (__FileWrite)
C:/Freescale/CW MCU v10.6/MCU/ARM_GCC_Support/ewl/lib/armv7e-m/fpu\libc.a(vsscanf.o)
                              C:/Freescale/CW MCU v10.6/MCU/ARM_GCC_Support/ewl/lib/armv7e-m/fpu\libc.a(strtoul.o) (__StringRead)
C:/Freescale/CW MCU v10.6/MCU/ARM_GCC_Support/ewl/lib/armv7e-m/fpu\libc.a(__strtoul.o)
                              C:/Freescale/CW MCU v10.6/MCU/ARM_GCC_Support/ewl/lib/armv7e-m/fpu\libc.a(strtoul.o) (__strtoul)
C:/Freescale/CW MCU v10.6/MCU/ARM_GCC_Support/ewl/lib/armv7e-m/fpu\libc.a(__filll_mem.o)
                              C:/Freescale/CW MCU v10.6/MCU/ARM_GCC_Support/ewl/lib/armv7e-m/fpu\libc.a(memset.o) (__fill_mem)
C:/Freescale/CW MCU v10.6/MCU/ARM_GCC_Support/ewl/lib/armv7e-m/fpu\libc.a(__memrchr.o)
                              C:/Freescale/CW MCU v10.6/MCU/ARM_GCC_Support/ewl/lib/armv7e-m/fpu\libc.a(fwrite.o) (__memrchr)
C:/Freescale/CW MCU v10.6/MCU/ARM_GCC_Support/ewl/lib/armv7e-m/fpu\libc.a(memchr.o)
[...]
Memory Configuration

Name             Origin             Length             Attributes
m_interrupts     0x1fff0000         0x000001e8         xr
m_text           0x1fff01e8         0x0000fe18         xr
m_data           0x20000000         0x00010000         rw
*default*        0x00000000         0xffffffff

Linker script and memory map

LOAD ./Project_Settings/Startup_Code/kinetis_sysinit.o
LOAD ./Project_Settings/Startup_Code/__arm_start.o
LOAD ./Project_Settings/Startup_Code/__arm_end.o
LOAD ./Sources/simpleshell.o
LOAD ./Sources/mymalloc.o
LOAD ./Sources/myerror.o
LOAD ./Sources/main.o
LOAD ./Sources/delay.o
                0x1fff1aac                __pformatter = __pformatter_
                [0x1fff1ea4]                __sformatter = __sformatter
START GROUP
LOAD C:/Freescale/CW MCU v10.6/MCU/ARM_GCC_Support/ewl/lib/armv7e-m/fpu\libc.a
LOAD C:/Freescale/CW MCU v10.6/MCU/ARM_GCC_Support/ewl/lib/armv7e-m/fpu\libm.a
LOAD c:/freescale/cw mcu v10.6/cross_tools/arm-none-eabi-gcc-4_7_3/bin/../lib/gcc/arm-none-eabi/4.7.3/armv7e-m/fpu\libgcc.a
LOAD C:/Freescale/CW MCU v10.6/MCU/ARM_GCC_Support/ewl/lib/armv7e-m/fpu\librt.a
LOAD C:/Freescale/CW MCU v10.6/MCU/ARM_GCC_Support/ewl/lib/armv7e-m/fpu\libhosted.a
END GROUP
                0x20010000                _estack = 0x20010000
                0x20010000                __SP_INIT = _estack
                0x00000800                __heap_size = 0x800
                0x00000800                __stack_size = 0x800

.interrupts     0x1fff0000      0x1e8
                0x1fff0000                __vector_table = .
                0x1fff0000                . = ALIGN (0x4)
 *(.vectortable)
 .vectortable   0x1fff0000      0x1e8 ./Project_Settings/Startup_Code/kinetis_sysinit.o
                0x1fff0000                InterruptVector
                0x1fff01e8                . = ALIGN (0x4)

.text           0x1fff01e8     0x3430
                0x1fff01e8                . = ALIGN (0x4)
 *(.text)
 *(.text*)
 .text.Default_Handler
                0x1fff01e8        0xc ./Project_Settings/Startup_Code/kinetis_sysinit.o
                0x1fff01e8                HardFault_Handler
                0x1fff01e8                SysTick_Handler
                0x1fff01e8                PendSV_Handler
                0x1fff01e8                NMI_Handler
                0x1fff01e8                UsageFault_Handler
                0x1fff01e8                Default_Handler
                0x1fff01e8                MemManage_Handler
                0x1fff01e8                SVC_Handler
                0x1fff01e8                BusFault_Handler
                0x1fff01e8                DebugMonitor_Handler
 .text.__init_hardware
                0x1fff01f4       0x44 ./Project_Settings/Startup_Code/kinetis_sysinit.o
                0x1fff01f4                __init_hardware
 .text.zero_fill_bss
                0x1fff0238       0x2c ./Project_Settings/Startup_Code/__arm_start.o
 .text.__thumb_startup
                0x1fff0264       0x38 ./Project_Settings/Startup_Code/__arm_start.o
                0x1fff0264                __thumb_startup
 .text._ExitProcess
                0x1fff029c       0x10 ./Project_Settings/Startup_Code/__arm_end.o
                0x1fff029c                _ExitProcess
 .text.escape_char
                0x1fff02ac       0x9c ./Sources/simpleshell.o
                0x1fff02ac                escape_char
 .text.get_string
                0x1fff0348      0x1bc ./Sources/simpleshell.o
                0x1fff0348                get_string
 .text.cmd_echo
                0x1fff0504       0x78 ./Sources/simpleshell.o
                0x1fff0504                cmd_echo
 .text.cmd_exit
                0x1fff057c       0x88 ./Sources/simpleshell.o
                0x1fff057c                cmd_exit
 .text.cmd_help
                0x1fff0604       0x30 ./Sources/simpleshell.o
                0x1fff0604                cmd_help
 .text.check_overflow
                0x1fff0634       0x20 ./Sources/simpleshell.o
                0x1fff0634                check_overflow
 .text.cmd_date
                0x1fff0654       0x28 ./Sources/simpleshell.o
                0x1fff0654                cmd_date
 .text.cmd_clockdate
                0x1fff067c       0x28 ./Sources/simpleshell.o
                0x1fff067c                cmd_clockdate
 .text.check_digit_all
                0x1fff06a4       0x50 ./Sources/simpleshell.o
                0x1fff06a4                check_digit_all
 .text.check_hex_all
                0x1fff06f4       0x50 ./Sources/simpleshell.o
                0x1fff06f4                check_hex_all
 .text.hex_dec_oct
                0x1fff0744       0xb8 ./Sources/simpleshell.o
                0x1fff0744                hex_dec_oct
 .text.cmd_malloc
                0x1fff07fc       0x68 ./Sources/simpleshell.o
                0x1fff07fc                cmd_malloc
 .text.cmd_free
                0x1fff0864       0x60 ./Sources/simpleshell.o
                0x1fff0864                cmd_free
 .text.cmd_memorymap
                0x1fff08c4       0x48 ./Sources/simpleshell.o
                0x1fff08c4                cmd_memorymap
 .text.cmd_memset
                0x1fff090c       0xcc ./Sources/simpleshell.o
                0x1fff090c                cmd_memset
 .text.cmd_memchk
                0x1fff09d8       0xe4 ./Sources/simpleshell.o
                0x1fff09d8                cmd_memchk
 .text.shell    0x1fff0abc      0x2a8 ./Sources/simpleshell.o
                0x1fff0abc                shell
 .text.check_digit
                0x1fff0d64       0x2c ./Sources/simpleshell.o
                0x1fff0d64                check_digit
 .text.check_hex
                0x1fff0d90       0x50 ./Sources/simpleshell.o
                0x1fff0d90                check_hex
 .text.round_size
                0x1fff0de0       0x48 ./Sources/mymalloc.o
                0x1fff0de0                round_size
 .text.init_struct
                0x1fff0e28       0x74 ./Sources/mymalloc.o
                0x1fff0e28                init_struct
 .text.subdivide
                0x1fff0e9c       0xa4 ./Sources/mymalloc.o
                0x1fff0e9c                subdivide
 .text.first_fit
                0x1fff0f40       0x68 ./Sources/mymalloc.o
                0x1fff0f40                first_fit
 .text.compact_prev
                0x1fff0fa8       0x70 ./Sources/mymalloc.o
                0x1fff0fa8                compact_prev
 .text.compact_next
                0x1fff1018       0x88 ./Sources/mymalloc.o
                0x1fff1018                compact_next
 .text.getCurrentPid
                0x1fff10a0       0x18 ./Sources/mymalloc.o
                0x1fff10a0                getCurrentPid
 .text.walk_struct
                0x1fff10b8       0x30 ./Sources/mymalloc.o
                0x1fff10b8                walk_struct
 .text.memoryMap
                0x1fff10e8       0xec ./Sources/mymalloc.o
                0x1fff10e8                memoryMap
 .text.bounds   0x1fff11d4      0x100 ./Sources/mymalloc.o
                0x1fff11d4                bounds
 .text.free_match
                0x1fff12d4       0xb8 ./Sources/mymalloc.o
                0x1fff12d4                free_match
 .text.insert_at_tail
                0x1fff138c       0x40 ./Sources/mymalloc.o
                0x1fff138c                insert_at_tail
 .text.myMalloc
                0x1fff13cc       0x90 ./Sources/mymalloc.o
                0x1fff13cc                myMalloc
 .text.myFreeErrorCode
                0x1fff145c       0x50 ./Sources/mymalloc.o
                0x1fff145c                myFreeErrorCode
 .text.myFree   0x1fff14ac       0x18 ./Sources/mymalloc.o
                0x1fff14ac                myFree
 .text.error_checker
                0x1fff14c4       0xfc ./Sources/myerror.o
                0x1fff14c4                error_checker
 .text.main     0x1fff15c0       0x10 ./Sources/main.o
                0x1fff15c0                main
 .text.fgetc    0x1fff15d0       0x18 C:/Freescale/CW MCU v10.6/MCU/ARM_GCC_Support/ewl/lib/armv7e-m/fpu\libc.a(fgetc.o)
                0x1fff15d0                fgetc
 .text.printf   0x1fff15e8       0x2c C:/Freescale/CW MCU v10.6/MCU/ARM_GCC_Support/ewl/lib/armv7e-m/fpu\libc.a(printf.o)
                0x1fff15e8                printf
 .text.puts     0x1fff1614       0x50 C:/Freescale/CW MCU v10.6/MCU/ARM_GCC_Support/ewl/lib/armv7e-m/fpu\libc.a(puts.o)
                0x1fff1614                puts
 .text.snprintf
                0x1fff1664       0x18 C:/Freescale/CW MCU v10.6/MCU/ARM_GCC_Support/ewl/lib/armv7e-m/fpu\libc.a(snprintf.o)
                0x1fff1664                snprintf
 .text.sprintf  0x1fff167c       0x1c C:/Freescale/CW MCU v10.6/MCU/ARM_GCC_Support/ewl/lib/armv7e-m/fpu\libc.a(sprintf.o)
                0x1fff167c                sprintf
 .text.__StringWrite
                0x1fff1698       0x2a C:/Freescale/CW MCU v10.6/MCU/ARM_GCC_Support/ewl/lib/armv7e-m/fpu\libc.a(vsnprintf.o)
                0x1fff1698                __StringWrite
 *fill*         0x1fff16c2        0x2 00
 .text.vsnprintf
                0x1fff16c4       0x34 C:/Freescale/CW MCU v10.6/MCU/ARM_GCC_Support/ewl/lib/armv7e-m/fpu\libc.a(vsnprintf.o)
                0x1fff16c4                vsnprintf
 .text.sbrk     0x1fff16f8       0x28 C:/Freescale/CW MCU v10.6/MCU/ARM_GCC_Support/ewl/lib/armv7e-m/fpu\libc.a(alloc.o)
                0x1fff16f8                sbrk
 .text.malloc   0x1fff1720      0x104 C:/Freescale/CW MCU v10.6/MCU/ARM_GCC_Support/ewl/lib/armv7e-m/fpu\libc.a(alloc.o)
                0x1fff1720                malloc
 .text.free     0x1fff1824       0x10 C:/Freescale/CW MCU v10.6/MCU/ARM_GCC_Support/ewl/lib/armv7e-m/fpu\libc.a(alloc.o)
                0x1fff1824                free
 .text.exit     0x1fff1834       0x38 C:/Freescale/CW MCU v10.6/MCU/ARM_GCC_Support/ewl/lib/armv7e-m/fpu\libc.a(exit.o)
                0x1fff1834                exit
 .text.strtoul  0x1fff186c       0x58 C:/Freescale/CW MCU v10.6/MCU/ARM_GCC_Support/ewl/lib/armv7e-m/fpu\libc.a(strtoul.o)
                0x1fff186c                strtoul
 .text.memcpy   0x1fff18c4       0x12 C:/Freescale/CW MCU v10.6/MCU/ARM_GCC_Support/ewl/lib/armv7e-m/fpu\libc.a(memcpy.o)
                0x1fff18c4                memcpy
 .text.memset   0x1fff18d6        0xc C:/Freescale/CW MCU v10.6/MCU/ARM_GCC_Support/ewl/lib/armv7e-m/fpu\libc.a(memset.o)
                0x1fff18d6                memset
 .text.strlen   0x1fff18e2       0x10 C:/Freescale/CW MCU v10.6/MCU/ARM_GCC_Support/ewl/lib/armv7e-m/fpu\libc.a(strlen.o)
                0x1fff18e2                strlen
 .text.strncmp  0x1fff18f2       0x22 C:/Freescale/CW MCU v10.6/MCU/ARM_GCC_Support/ewl/lib/armv7e-m/fpu\libc.a(strncmp.o)
                0x1fff18f2                strncmp
 .text.long2str.isra.0
                0x1fff1914      0x196 C:/Freescale/CW MCU v10.6/MCU/ARM_GCC_Support/ewl/lib/armv7e-m/fpu\libc.a(printformat_.o)
 *fill*         0x1fff1aaa        0x2 00
 .text.__pformatter_
                0x1fff1aac      0x3f8 C:/Freescale/CW MCU v10.6/MCU/ARM_GCC_Support/ewl/lib/armv7e-m/fpu\libc.a(printformat_.o)
                0x1fff1aac                __pformatter_
 .text.__sformatter
                0x1fff1ea4      0x6f4 C:/Freescale/CW MCU v10.6/MCU/ARM_GCC_Support/ewl/lib/armv7e-m/fpu\libc.a(scanformat_.o)
                0x1fff1ea4                __sformatter
 .text.isalpha  0x1fff2598       0x1c C:/Freescale/CW MCU v10.6/MCU/ARM_GCC_Support/ewl/lib/armv7e-m/fpu\libc.a(ctype_aeabi.o)
                0x1fff2598                isalpha
 .text.isspace  0x1fff25b4       0x1c C:/Freescale/CW MCU v10.6/MCU/ARM_GCC_Support/ewl/lib/armv7e-m/fpu\libc.a(ctype_aeabi.o)
                0x1fff25b4                isspace
 .text.toupper  0x1fff25d0        0xc C:/Freescale/CW MCU v10.6/MCU/ARM_GCC_Support/ewl/lib/armv7e-m/fpu\libc.a(ctype_aeabi.o)
                0x1fff25d0                toupper
 .text.__prep_buffer
                0x1fff25dc       0x16 C:/Freescale/CW MCU v10.6/MCU/ARM_GCC_Support/ewl/lib/armv7e-m/fpu\libc.a(__buffer_io.o)
                0x1fff25dc                __prep_buffer
 .text.__load_buffer
                0x1fff25f2       0x44 C:/Freescale/CW MCU v10.6/MCU/ARM_GCC_Support/ewl/lib/armv7e-m/fpu\libc.a(__buffer_io.o)
                0x1fff25f2                __load_buffer
 .text.__flush_buffer
                0x1fff2636       0x36 C:/Freescale/CW MCU v10.6/MCU/ARM_GCC_Support/ewl/lib/armv7e-m/fpu\libc.a(__buffer_io.o)
                0x1fff2636                __flush_buffer
 .text.__get_char
                0x1fff266c       0x7e C:/Freescale/CW MCU v10.6/MCU/ARM_GCC_Support/ewl/lib/armv7e-m/fpu\libc.a(__getchar.o)
                0x1fff266c                __get_char
 .text.__put_char
                0x1fff26ea       0x8c C:/Freescale/CW MCU v10.6/MCU/ARM_GCC_Support/ewl/lib/armv7e-m/fpu\libc.a(__putchar.o)
                0x1fff26ea                __put_char
 .text.__fwrite
                0x1fff2776      0x158 C:/Freescale/CW MCU v10.6/MCU/ARM_GCC_Support/ewl/lib/armv7e-m/fpu\libc.a(fwrite.o)
                0x1fff2776                __fwrite
 .text.__FileWrite
                0x1fff28ce       0x1a C:/Freescale/CW MCU v10.6/MCU/ARM_GCC_Support/ewl/lib/armv7e-m/fpu\libc.a(fwrite.o)
                0x1fff28ce                __FileWrite
 .text.__StringRead
                0x1fff28e8       0x38 C:/Freescale/CW MCU v10.6/MCU/ARM_GCC_Support/ewl/lib/armv7e-m/fpu\libc.a(vsscanf.o)
                0x1fff28e8                __StringRead
 .text.__strtoul
                0x1fff2920      0x214 C:/Freescale/CW MCU v10.6/MCU/ARM_GCC_Support/ewl/lib/armv7e-m/fpu\libc.a(__strtoul.o)
                0x1fff2920                __strtoul
 .text.__fill_mem
                0x1fff2b34       0x76 C:/Freescale/CW MCU v10.6/MCU/ARM_GCC_Support/ewl/lib/armv7e-m/fpu\libc.a(__filll_mem.o)
                0x1fff2b34                __fill_mem
 .text.__memrchr
                0x1fff2baa       0x1c C:/Freescale/CW MCU v10.6/MCU/ARM_GCC_Support/ewl/lib/armv7e-m/fpu\libc.a(__memrchr.o)
                0x1fff2baa                __memrchr
 .text.memchr   0x1fff2bc6       0x18 C:/Freescale/CW MCU v10.6/MCU/ARM_GCC_Support/ewl/lib/armv7e-m/fpu\libc.a(memchr.o)
                0x1fff2bc6                memchr
 .text.strchr   0x1fff2bde       0x1a C:/Freescale/CW MCU v10.6/MCU/ARM_GCC_Support/ewl/lib/armv7e-m/fpu\libc.a(strchr.o)
                0x1fff2bde                strchr
 .text.__init_cpp
                0x1fff2bf8       0x4c C:/Freescale/CW MCU v10.6/MCU/ARM_GCC_Support/ewl/lib/armv7e-m/fpu\librt.a(gcc_ctor_dtor.o)
                0x1fff2bf8                __init_cpp
 .text.__fini_cpp
                0x1fff2c44       0x34 C:/Freescale/CW MCU v10.6/MCU/ARM_GCC_Support/ewl/lib/armv7e-m/fpu\librt.a(gcc_ctor_dtor.o)
                0x1fff2c44                __fini_cpp
 .text.__copy_rom_section
                0x1fff2c78       0x44 C:/Freescale/CW MCU v10.6/MCU/ARM_GCC_Support/ewl/lib/armv7e-m/fpu\librt.a(ROMCopy.o)
                0x1fff2c78                __copy_rom_section
 .text.__copy_rom_sections_to_ram
                0x1fff2cbc       0x30 C:/Freescale/CW MCU v10.6/MCU/ARM_GCC_Support/ewl/lib/armv7e-m/fpu\librt.a(ROMCopy.o)
                0x1fff2cbc                __copy_rom_sections_to_ram
 .text.__destroy_global_chain
                0x1fff2cec       0x18 C:/Freescale/CW MCU v10.6/MCU/ARM_GCC_Support/ewl/lib/armv7e-m/fpu\librt.a(__arm_eabi_init.o)
                0x1fff2cec                __destroy_global_chain
 .text.__init_registers
                0x1fff2d04       0x24 C:/Freescale/CW MCU v10.6/MCU/ARM_GCC_Support/ewl/lib/armv7e-m/fpu\librt.a(__arm_eabi_init.o)
                0x1fff2d04                __init_registers
 .text.__fp_init
                0x1fff2d28       0x1c C:/Freescale/CW MCU v10.6/MCU/ARM_GCC_Support/ewl/lib/armv7e-m/fpu\librt.a(__arm_eabi_init.o)
                0x1fff2d28                __fp_init
 .text.__init_user
                0x1fff2d44        0x4 C:/Freescale/CW MCU v10.6/MCU/ARM_GCC_Support/ewl/lib/armv7e-m/fpu\librt.a(__arm_eabi_init.o)
                0x1fff2d44                __init_user
 .text.sys_writec
                0x1fff2d48        0xe C:/Freescale/CW MCU v10.6/MCU/ARM_GCC_Support/ewl/lib/armv7e-m/fpu\libhosted.a(semihosted_console_io.o)
                0x1fff2d48                sys_writec
 .text.sys_readc
                0x1fff2d56       0x10 C:/Freescale/CW MCU v10.6/MCU/ARM_GCC_Support/ewl/lib/armv7e-m/fpu\libhosted.a(semihosted_console_io.o)
                0x1fff2d56                sys_readc
 *fill*         0x1fff2d66        0x2 00
 .text.sys_exit
                0x1fff2d68       0x20 C:/Freescale/CW MCU v10.6/MCU/ARM_GCC_Support/ewl/lib/armv7e-m/fpu\libhosted.a(semihosted_console_io.o)
                0x1fff2d68                sys_exit
 .text.__read_console
                0x1fff2d88       0x1a C:/Freescale/CW MCU v10.6/MCU/ARM_GCC_Support/ewl/lib/armv7e-m/fpu\libhosted.a(semihosted_console_io.o)
                0x1fff2d88                __read_console
 .text.__write_console
                0x1fff2da2       0x1a C:/Freescale/CW MCU v10.6/MCU/ARM_GCC_Support/ewl/lib/armv7e-m/fpu\libhosted.a(semihosted_console_io.o)
                0x1fff2da2                __write_console
 .text.__close_console
                0x1fff2dbc        0x4 C:/Freescale/CW MCU v10.6/MCU/ARM_GCC_Support/ewl/lib/armv7e-m/fpu\libhosted.a(semihosted_console_io.o)
                0x1fff2dbc                __close_console
 .text.sys_open
                0x1fff2dc0        0xe C:/Freescale/CW MCU v10.6/MCU/ARM_GCC_Support/ewl/lib/armv7e-m/fpu\libhosted.a(semihosted_file_io.o)
                0x1fff2dc0                sys_open
 *fill*         0x1fff2dce        0x2 00
 .text.__open_file
                0x1fff2dd0       0x68 C:/Freescale/CW MCU v10.6/MCU/ARM_GCC_Support/ewl/lib/armv7e-m/fpu\libhosted.a(semihosted_file_io.o)
                0x1fff2dd0                __open_file
 .text.open     0x1fff2e38       0x7a C:/Freescale/CW MCU v10.6/MCU/ARM_GCC_Support/ewl/lib/armv7e-m/fpu\libhosted.a(semihosted_file_io.o)
                0x1fff2e38                open
 .text.sys_write
                0x1fff2eb2        0xe C:/Freescale/CW MCU v10.6/MCU/ARM_GCC_Support/ewl/lib/armv7e-m/fpu\libhosted.a(semihosted_file_io.o)
                0x1fff2eb2                sys_write
 .text.__write_file
                0x1fff2ec0       0x1c C:/Freescale/CW MCU v10.6/MCU/ARM_GCC_Support/ewl/lib/armv7e-m/fpu\libhosted.a(semihosted_file_io.o)
                0x1fff2ec0                __write_file
 .text.sys_read
                0x1fff2edc        0xe C:/Freescale/CW MCU v10.6/MCU/ARM_GCC_Support/ewl/lib/armv7e-m/fpu\libhosted.a(semihosted_file_io.o)
                0x1fff2edc                sys_read
 .text.__read_file
                0x1fff2eea       0x34 C:/Freescale/CW MCU v10.6/MCU/ARM_GCC_Support/ewl/lib/armv7e-m/fpu\libhosted.a(semihosted_file_io.o)
                0x1fff2eea                __read_file
 *fill*         0x1fff2f1e        0x2 00
 .text.__init_semihost
                0x1fff2f20       0x20 C:/Freescale/CW MCU v10.6/MCU/ARM_GCC_Support/ewl/lib/armv7e-m/fpu\libhosted.a(semihosted_file_io.o)
                0x1fff2f20                __init_semihost
 *(.rodata)
 .rodata        0x1fff2f40      0x308 ./Sources/simpleshell.o
 .rodata        0x1fff3248       0xd4 ./Sources/mymalloc.o
 .rodata        0x1fff331c      0x1e4 ./Sources/myerror.o
 *(.rodata*)
 .rodata.str1.1
                0x00000000        0x0 C:/Freescale/CW MCU v10.6/MCU/ARM_GCC_Support/ewl/lib/armv7e-m/fpu\libc.a(printformat_.o)
                                  0x1 (size before relaxing)
 .rodata.CSWTCH.20
                0x1fff3500        0x5 C:/Freescale/CW MCU v10.6/MCU/ARM_GCC_Support/ewl/lib/armv7e-m/fpu\libc.a(printformat_.o)
 .rodata.CSWTCH.21
                0x1fff3505        0x5 C:/Freescale/CW MCU v10.6/MCU/ARM_GCC_Support/ewl/lib/armv7e-m/fpu\libc.a(printformat_.o)
 .rodata.__aeabi_ctype_table_C
                0x1fff350a      0x101 C:/Freescale/CW MCU v10.6/MCU/ARM_GCC_Support/ewl/lib/armv7e-m/fpu\libc.a(ctype_aeabi.o)
                0x1fff350a                __aeabi_ctype_table_C
 .rodata.str1.1
                0x1fff360b        0x4 C:/Freescale/CW MCU v10.6/MCU/ARM_GCC_Support/ewl/lib/armv7e-m/fpu\libhosted.a(semihosted_file_io.o)
 .rodata.CSWTCH.26
                0x1fff360f        0x2 C:/Freescale/CW MCU v10.6/MCU/ARM_GCC_Support/ewl/lib/armv7e-m/fpu\libhosted.a(semihosted_file_io.o)
 .rodata.CSWTCH.28
                0x1fff3611        0x5 C:/Freescale/CW MCU v10.6/MCU/ARM_GCC_Support/ewl/lib/armv7e-m/fpu\libhosted.a(semihosted_file_io.o)
 *(.glue_7)
 .glue_7        0x00000000        0x0 linker stubs
 *(.glue_7t)
 .glue_7t       0x00000000        0x0 linker stubs
 *(.eh_frame)
 *(.init)
 *(.fini)
                0x1fff3618                . = ALIGN (0x4)
 *fill*         0x1fff3616        0x2 00
                0x1fff3618                _etext = .

.vfp11_veneer   0x1fff3618        0x0
 .vfp11_veneer  0x00000000        0x0 linker stubs

.v4_bx          0x1fff3618        0x0
 .v4_bx         0x00000000        0x0 linker stubs

.iplt           0x1fff3618        0x0
 .iplt          0x00000000        0x0 ./Project_Settings/Startup_Code/kinetis_sysinit.o

.rel.dyn        0x1fff3618        0x0
 .rel.iplt      0x00000000        0x0 ./Project_Settings/Startup_Code/kinetis_sysinit.o

.ARM.extab
 *(.ARM.extab* .gnu.linkonce.armextab.*)

.ARM            0x1fff3618        0x0
                0x1fff3618                __exidx_start = .
 *(.ARM.exidx*)
                0x1fff3618                __exidx_end = .

.ctors          0x1fff3618        0x0
                0x1fff3618                __CTOR_LIST__ = .
 *crtbegin.o(.ctors)
 *(EXCLUDE_FILE(*crtend.o) .ctors)
 *(SORT(.ctors.*))
 *(.ctors)
                0x1fff3618                __CTOR_END__ = .

.dtors          0x1fff3618        0x0
                0x1fff3618                __DTOR_LIST__ = .
 *crtbegin.o(.dtors)
 *(EXCLUDE_FILE(*crtend.o) .dtors)
 *(SORT(.dtors.*))
 *(.dtors)
                0x1fff3618                __DTOR_END__ = .

.preinit_array  0x1fff3618        0x0
                0x1fff3618                PROVIDE (__preinit_array_start, .)
 *(.preinit_array*)
                0x1fff3618                PROVIDE (__preinit_array_end, .)

.init_array     0x1fff3618        0x0
                0x1fff3618                PROVIDE (__init_array_start, .)
 *(SORT(.init_array.*))
 *(.init_array*)
                0x1fff3618                PROVIDE (__init_array_end, .)

.fini_array     0x1fff3618        0x0
                0x1fff3618                PROVIDE (__fini_array_start, .)
 *(SORT(.fini_array.*))
 *(.fini_array*)
                0x1fff3618                PROVIDE (__fini_array_end, .)

.data           0x20000000      0x1e4
                0x20000000                . = ALIGN (0x4)
                0x20000000                _sdata = .
 *(.data)
 *(.data*)
 .data.escapechars
                0x20000000       0x50 ./Sources/simpleshell.o
                0x20000000                escapechars
 .data.commands
                0x20000050       0x50 ./Sources/simpleshell.o
                0x20000050                commands
 .data.op_sys   0x200000a0        0x8 ./Sources/mymalloc.o
                0x200000a0                op_sys
 .data.currentPCB
                0x200000a8        0x4 ./Sources/mymalloc.o
                0x200000a8                currentPCB
 .data.errordesc
                0x200000ac       0x68 ./Sources/myerror.o
                0x200000ac                errordesc
 .data.__files  0x20000114       0xcc C:/Freescale/CW MCU v10.6/MCU/ARM_GCC_Support/ewl/lib/armv7e-m/fpu\libc.a(ansi_files.o)
                0x20000114                __files
 .data.tail     0x200001e0        0x4 C:/Freescale/CW MCU v10.6/MCU/ARM_GCC_Support/ewl/lib/armv7e-m/fpu\libc.a(alloc.o)
                0x200001e4                . = ALIGN (0x4)
                0x200001e4                _edata = .

.igot.plt       0x200001e4        0x0
 .igot.plt      0x00000000        0x0 ./Project_Settings/Startup_Code/kinetis_sysinit.o
                0x200001e4                . = ALIGN (0x4)

.bss            0x200001e4       0xf0
                0x200001e4                __START_BSS = .
                0x200001e4                PROVIDE (__bss_start__, __START_BSS)
 *(.bss)
 *(.bss*)
 .bss.argv      0x200001e4        0x4 ./Project_Settings/Startup_Code/__arm_start.o
 .bss.node_count
                0x200001e8        0x4 ./Sources/mymalloc.o
 .bss.first     0x200001ec        0x4 ./Sources/mymalloc.o
                0x200001ec                first
 .bss.head      0x200001f0        0x4 C:/Freescale/CW MCU v10.6/MCU/ARM_GCC_Support/ewl/lib/armv7e-m/fpu\libc.a(alloc.o)
 .bss.heap_end.4347
                0x200001f4        0x4 C:/Freescale/CW MCU v10.6/MCU/ARM_GCC_Support/ewl/lib/armv7e-m/fpu\libc.a(alloc.o)
 .bss.__stdio_exit
                0x200001f8        0x4 C:/Freescale/CW MCU v10.6/MCU/ARM_GCC_Support/ewl/lib/armv7e-m/fpu\libc.a(exit.o)
                0x200001f8                __stdio_exit
 .bss.__console_exit
                0x200001fc        0x4 C:/Freescale/CW MCU v10.6/MCU/ARM_GCC_Support/ewl/lib/armv7e-m/fpu\libc.a(exit.o)
                0x200001fc                __console_exit
 .bss.__S_romp  0x20000200        0xc C:/Freescale/CW MCU v10.6/MCU/ARM_GCC_Support/ewl/lib/armv7e-m/fpu\librt.a(ROMCopy.o)
 .bss.__global_destructor_chain
                0x2000020c        0x4 C:/Freescale/CW MCU v10.6/MCU/ARM_GCC_Support/ewl/lib/armv7e-m/fpu\librt.a(__arm_eabi_init.o)
                0x2000020c                __global_destructor_chain
 *(COMMON)
 COMMON         0x20000210       0xc0 C:/Freescale/CW MCU v10.6/MCU/ARM_GCC_Support/ewl/lib/armv7e-m/fpu\libc.a(ansi_files.o)
                0x20000210                stdout_buff
                0x20000250                stdin_buff
                0x20000290                stderr_buff
 COMMON         0x200002d0        0x4 C:/Freescale/CW MCU v10.6/MCU/ARM_GCC_Support/ewl/lib/armv7e-m/fpu\libc.a(errno.o)
                0x200002d0                errno
                0x200002d4                . = ALIGN (0x4)
                0x200002d4                __END_BSS = .
                0x200002d4                PROVIDE (__bss_end__, __END_BSS)

._user_heap_stack
                0x200002d4     0x1000
                0x200002d4                . = ALIGN (0x4)
                0x200002d4                PROVIDE (end, .)
                0x200002d4                PROVIDE (_end, .)
                0x200002d4                __heap_addr = .
                0x20000ad4                . = (. + __heap_size)
 *fill*         0x200002d4      0x800 00
                0x200012d4                . = (. + __stack_size)
 *fill*         0x20000ad4      0x800 00
                0x200012d4                . = ALIGN (0x4)
                0x00000000                __S_romp = 0x0

.ARM.attributes
                0x00000000       0x3b
 *(.ARM.attributes)
 .ARM.attributes
                0x00000000       0x3b ./Project_Settings/Startup_Code/kinetis_sysinit.o
 .ARM.attributes
                0x0000003b       0x3b ./Project_Settings/Startup_Code/__arm_start.o
 .ARM.attributes
                0x00000076       0x3b ./Project_Settings/Startup_Code/__arm_end.o
 .ARM.attributes
                0x000000b1       0x3b ./Sources/simpleshell.o
 .ARM.attributes
                0x000000ec       0x3b ./Sources/mymalloc.o
 .ARM.attributes
                0x00000127       0x3b ./Sources/myerror.o
 .ARM.attributes
                0x00000162       0x3b ./Sources/main.o
 .ARM.attributes
                0x0000019d       0x3b C:/Freescale/CW MCU v10.6/MCU/ARM_GCC_Support/ewl/lib/armv7e-m/fpu\libc.a(ansi_files.o)
 .ARM.attributes
                0x000001d8       0x3b C:/Freescale/CW MCU v10.6/MCU/ARM_GCC_Support/ewl/lib/armv7e-m/fpu\libc.a(fgetc.o)
 .ARM.attributes
                0x00000213       0x3b C:/Freescale/CW MCU v10.6/MCU/ARM_GCC_Support/ewl/lib/armv7e-m/fpu\libc.a(printf.o)
 .ARM.attributes
                0x0000024e       0x3b C:/Freescale/CW MCU v10.6/MCU/ARM_GCC_Support/ewl/lib/armv7e-m/fpu\libc.a(puts.o)
 .ARM.attributes
                0x00000289       0x3b C:/Freescale/CW MCU v10.6/MCU/ARM_GCC_Support/ewl/lib/armv7e-m/fpu\libc.a(snprintf.o)
 .ARM.attributes
                0x000002c4       0x3b C:/Freescale/CW MCU v10.6/MCU/ARM_GCC_Support/ewl/lib/armv7e-m/fpu\libc.a(sprintf.o)
 .ARM.attributes
                0x000002ff       0x3b C:/Freescale/CW MCU v10.6/MCU/ARM_GCC_Support/ewl/lib/armv7e-m/fpu\libc.a(vsnprintf.o)
 .ARM.attributes
                0x0000033a       0x3b C:/Freescale/CW MCU v10.6/MCU/ARM_GCC_Support/ewl/lib/armv7e-m/fpu\libc.a(alloc.o)
 .ARM.attributes
                0x00000375       0x3b C:/Freescale/CW MCU v10.6/MCU/ARM_GCC_Support/ewl/lib/armv7e-m/fpu\libc.a(exit.o)
 .ARM.attributes
                0x000003b0       0x3b C:/Freescale/CW MCU v10.6/MCU/ARM_GCC_Support/ewl/lib/armv7e-m/fpu\libc.a(strtoul.o)
 .ARM.attributes
                0x000003eb       0x3b C:/Freescale/CW MCU v10.6/MCU/ARM_GCC_Support/ewl/lib/armv7e-m/fpu\libc.a(memcpy.o)
 .ARM.attributes
                0x00000426       0x3b C:/Freescale/CW MCU v10.6/MCU/ARM_GCC_Support/ewl/lib/armv7e-m/fpu\libc.a(memset.o)
 .ARM.attributes
                0x00000461       0x3b C:/Freescale/CW MCU v10.6/MCU/ARM_GCC_Support/ewl/lib/armv7e-m/fpu\libc.a(strlen.o)
 .ARM.attributes
                0x0000049c       0x3b C:/Freescale/CW MCU v10.6/MCU/ARM_GCC_Support/ewl/lib/armv7e-m/fpu\libc.a(strncmp.o)
 .ARM.attributes
                0x000004d7       0x3b C:/Freescale/CW MCU v10.6/MCU/ARM_GCC_Support/ewl/lib/armv7e-m/fpu\libc.a(printformat_.o)
 .ARM.attributes
                0x00000512       0x3b C:/Freescale/CW MCU v10.6/MCU/ARM_GCC_Support/ewl/lib/armv7e-m/fpu\libc.a(scanformat_.o)
 .ARM.attributes
                0x0000054d       0x3b C:/Freescale/CW MCU v10.6/MCU/ARM_GCC_Support/ewl/lib/armv7e-m/fpu\libc.a(ctype_aeabi.o)
 .ARM.attributes
                0x00000588       0x3b C:/Freescale/CW MCU v10.6/MCU/ARM_GCC_Support/ewl/lib/armv7e-m/fpu\libc.a(errno.o)
 .ARM.attributes
                0x000005c3       0x3b C:/Freescale/CW MCU v10.6/MCU/ARM_GCC_Support/ewl/lib/armv7e-m/fpu\libc.a(__buffer_io.o)
 .ARM.attributes
                0x000005fe       0x3b C:/Freescale/CW MCU v10.6/MCU/ARM_GCC_Support/ewl/lib/armv7e-m/fpu\libc.a(__getchar.o)
 .ARM.attributes
                0x00000639       0x3b C:/Freescale/CW MCU v10.6/MCU/ARM_GCC_Support/ewl/lib/armv7e-m/fpu\libc.a(__putchar.o)
 .ARM.attributes
                0x00000674       0x3b C:/Freescale/CW MCU v10.6/MCU/ARM_GCC_Support/ewl/lib/armv7e-m/fpu\libc.a(fwrite.o)
 .ARM.attributes
                0x000006af       0x3b C:/Freescale/CW MCU v10.6/MCU/ARM_GCC_Support/ewl/lib/armv7e-m/fpu\libc.a(vsscanf.o)
 .ARM.attributes
                0x000006ea       0x3b C:/Freescale/CW MCU v10.6/MCU/ARM_GCC_Support/ewl/lib/armv7e-m/fpu\libc.a(__strtoul.o)
 .ARM.attributes
                0x00000725       0x3b C:/Freescale/CW MCU v10.6/MCU/ARM_GCC_Support/ewl/lib/armv7e-m/fpu\libc.a(__filll_mem.o)
 .ARM.attributes
                0x00000760       0x3b C:/Freescale/CW MCU v10.6/MCU/ARM_GCC_Support/ewl/lib/armv7e-m/fpu\libc.a(__memrchr.o)
 .ARM.attributes
                0x0000079b       0x3b C:/Freescale/CW MCU v10.6/MCU/ARM_GCC_Support/ewl/lib/armv7e-m/fpu\libc.a(memchr.o)
 .ARM.attributes
                0x000007d6       0x3b C:/Freescale/CW MCU v10.6/MCU/ARM_GCC_Support/ewl/lib/armv7e-m/fpu\libc.a(strchr.o)
 .ARM.attributes
                0x00000811       0x3b C:/Freescale/CW MCU v10.6/MCU/ARM_GCC_Support/ewl/lib/armv7e-m/fpu\librt.a(gcc_ctor_dtor.o)
 .ARM.attributes
                0x0000084c       0x3b C:/Freescale/CW MCU v10.6/MCU/ARM_GCC_Support/ewl/lib/armv7e-m/fpu\librt.a(ROMCopy.o)
 .ARM.attributes
                0x00000887       0x3b C:/Freescale/CW MCU v10.6/MCU/ARM_GCC_Support/ewl/lib/armv7e-m/fpu\librt.a(__arm_eabi_init.o)
 .ARM.attributes
                0x000008c2       0x3b C:/Freescale/CW MCU v10.6/MCU/ARM_GCC_Support/ewl/lib/armv7e-m/fpu\libhosted.a(semihosted_console_io.o)
 .ARM.attributes
                0x000008fd       0x3b C:/Freescale/CW MCU v10.6/MCU/ARM_GCC_Support/ewl/lib/armv7e-m/fpu\libhosted.a(semihosted_file_io.o)
OUTPUT(os_hardware.elf elf32-littlearm)

.debug_info     0x00000000     0x78aa
 .debug_info    0x00000000      0x387 ./Project_Settings/Startup_Code/kinetis_sysinit.o
 .debug_info    0x00000387      0x12a ./Project_Settings/Startup_Code/__arm_start.o
 .debug_info    0x000004b1       0x54 ./Project_Settings/Startup_Code/__arm_end.o
 .debug_info    0x00000505      0xd4c ./Sources/simpleshell.o
 .debug_info    0x00001251      0x5f3 ./Sources/mymalloc.o
 .debug_info    0x00001844      0x41d ./Sources/myerror.o
 .debug_info    0x00001c61       0x9f ./Sources/main.o
 .debug_info    0x00001d00      0x4c6 C:/Freescale/CW MCU v10.6/MCU/ARM_GCC_Support/ewl/lib/armv7e-m/fpu\libc.a(ansi_files.o)
 .debug_info    0x000021c6      0x3d4 C:/Freescale/CW MCU v10.6/MCU/ARM_GCC_Support/ewl/lib/armv7e-m/fpu\libc.a(fgetc.o)
 .debug_info    0x0000259a      0x399 C:/Freescale/CW MCU v10.6/MCU/ARM_GCC_Support/ewl/lib/armv7e-m/fpu\libc.a(printf.o)
 .debug_info    0x00002933      0x38a C:/Freescale/CW MCU v10.6/MCU/ARM_GCC_Support/ewl/lib/armv7e-m/fpu\libc.a(puts.o)
 .debug_info    0x00002cbd      0x136 C:/Freescale/CW MCU v10.6/MCU/ARM_GCC_Support/ewl/lib/armv7e-m/fpu\libc.a(snprintf.o)
 .debug_info    0x00002df3      0x11e C:/Freescale/CW MCU v10.6/MCU/ARM_GCC_Support/ewl/lib/armv7e-m/fpu\libc.a(sprintf.o)
 .debug_info    0x00002f11      0x205 C:/Freescale/CW MCU v10.6/MCU/ARM_GCC_Support/ewl/lib/armv7e-m/fpu\libc.a(vsnprintf.o)
 .debug_info    0x00003116      0x33e C:/Freescale/CW MCU v10.6/MCU/ARM_GCC_Support/ewl/lib/armv7e-m/fpu\libc.a(alloc.o)
 .debug_info    0x00003454       0xe8 C:/Freescale/CW MCU v10.6/MCU/ARM_GCC_Support/ewl/lib/armv7e-m/fpu\libc.a(exit.o)
 .debug_info    0x0000353c      0x1b0 C:/Freescale/CW MCU v10.6/MCU/ARM_GCC_Support/ewl/lib/armv7e-m/fpu\libc.a(strtoul.o)
 .debug_info    0x000036ec      0x10f C:/Freescale/CW MCU v10.6/MCU/ARM_GCC_Support/ewl/lib/armv7e-m/fpu\libc.a(memcpy.o)
 .debug_info    0x000037fb       0xec C:/Freescale/CW MCU v10.6/MCU/ARM_GCC_Support/ewl/lib/armv7e-m/fpu\libc.a(memset.o)
 .debug_info    0x000038e7       0xeb C:/Freescale/CW MCU v10.6/MCU/ARM_GCC_Support/ewl/lib/armv7e-m/fpu\libc.a(strlen.o)
 .debug_info    0x000039d2      0x141 C:/Freescale/CW MCU v10.6/MCU/ARM_GCC_Support/ewl/lib/armv7e-m/fpu\libc.a(strncmp.o)
 .debug_info    0x00003b13      0x50e C:/Freescale/CW MCU v10.6/MCU/ARM_GCC_Support/ewl/lib/armv7e-m/fpu\libc.a(printformat_.o)
 .debug_info    0x00004021      0x565 C:/Freescale/CW MCU v10.6/MCU/ARM_GCC_Support/ewl/lib/armv7e-m/fpu\libc.a(scanformat_.o)
 .debug_info    0x00004586      0x306 C:/Freescale/CW MCU v10.6/MCU/ARM_GCC_Support/ewl/lib/armv7e-m/fpu\libc.a(ctype_aeabi.o)
 .debug_info    0x0000488c       0x9d C:/Freescale/CW MCU v10.6/MCU/ARM_GCC_Support/ewl/lib/armv7e-m/fpu\libc.a(errno.o)
 .debug_info    0x00004929      0x45d C:/Freescale/CW MCU v10.6/MCU/ARM_GCC_Support/ewl/lib/armv7e-m/fpu\libc.a(__buffer_io.o)
 .debug_info    0x00004d86      0x43b C:/Freescale/CW MCU v10.6/MCU/ARM_GCC_Support/ewl/lib/armv7e-m/fpu\libc.a(__getchar.o)
 .debug_info    0x000051c1      0x3fa C:/Freescale/CW MCU v10.6/MCU/ARM_GCC_Support/ewl/lib/armv7e-m/fpu\libc.a(__putchar.o)
 .debug_info    0x000055bb      0x60a C:/Freescale/CW MCU v10.6/MCU/ARM_GCC_Support/ewl/lib/armv7e-m/fpu\libc.a(fwrite.o)
 .debug_info    0x00005bc5      0x252 C:/Freescale/CW MCU v10.6/MCU/ARM_GCC_Support/ewl/lib/armv7e-m/fpu\libc.a(vsscanf.o)
 .debug_info    0x00005e17      0x1d6 C:/Freescale/CW MCU v10.6/MCU/ARM_GCC_Support/ewl/lib/armv7e-m/fpu\libc.a(__strtoul.o)
 .debug_info    0x00005fed      0x135 C:/Freescale/CW MCU v10.6/MCU/ARM_GCC_Support/ewl/lib/armv7e-m/fpu\libc.a(__filll_mem.o)
 .debug_info    0x00006122      0x116 C:/Freescale/CW MCU v10.6/MCU/ARM_GCC_Support/ewl/lib/armv7e-m/fpu\libc.a(__memrchr.o)
 .debug_info    0x00006238      0x120 C:/Freescale/CW MCU v10.6/MCU/ARM_GCC_Support/ewl/lib/armv7e-m/fpu\libc.a(memchr.o)
 .debug_info    0x00006358      0x108 C:/Freescale/CW MCU v10.6/MCU/ARM_GCC_Support/ewl/lib/armv7e-m/fpu\libc.a(strchr.o)
 .debug_info    0x00006460      0x136 C:/Freescale/CW MCU v10.6/MCU/ARM_GCC_Support/ewl/lib/armv7e-m/fpu\librt.a(gcc_ctor_dtor.o)
 .debug_info    0x00006596      0x19a C:/Freescale/CW MCU v10.6/MCU/ARM_GCC_Support/ewl/lib/armv7e-m/fpu\librt.a(ROMCopy.o)
 .debug_info    0x00006730      0x2de C:/Freescale/CW MCU v10.6/MCU/ARM_GCC_Support/ewl/lib/armv7e-m/fpu\librt.a(__arm_eabi_init.o)
 .debug_info    0x00006a0e      0x232 C:/Freescale/CW MCU v10.6/MCU/ARM_GCC_Support/ewl/lib/armv7e-m/fpu\libhosted.a(semihosted_console_io.o)
 .debug_info    0x00006c40      0xc6a C:/Freescale/CW MCU v10.6/MCU/ARM_GCC_Support/ewl/lib/armv7e-m/fpu\libhosted.a(semihosted_file_io.o)

.debug_abbrev   0x00000000     0x2709
 .debug_abbrev  0x00000000       0xf6 ./Project_Settings/Startup_Code/kinetis_sysinit.o
 .debug_abbrev  0x000000f6       0x92 ./Project_Settings/Startup_Code/__arm_start.o
 .debug_abbrev  0x00000188       0x4c ./Project_Settings/Startup_Code/__arm_end.o
 .debug_abbrev  0x000001d4      0x1e7 ./Sources/simpleshell.o
 .debug_abbrev  0x000003bb      0x18a ./Sources/mymalloc.o
 .debug_abbrev  0x00000545      0x12a ./Sources/myerror.o
 .debug_abbrev  0x0000066f       0x55 ./Sources/main.o
 .debug_abbrev  0x000006c4       0xfa C:/Freescale/CW MCU v10.6/MCU/ARM_GCC_Support/ewl/lib/armv7e-m/fpu\libc.a(ansi_files.o)
 .debug_abbrev  0x000007be      0x10c C:/Freescale/CW MCU v10.6/MCU/ARM_GCC_Support/ewl/lib/armv7e-m/fpu\libc.a(fgetc.o)
 .debug_abbrev  0x000008ca      0x107 C:/Freescale/CW MCU v10.6/MCU/ARM_GCC_Support/ewl/lib/armv7e-m/fpu\libc.a(printf.o)
 .debug_abbrev  0x000009d1      0x10a C:/Freescale/CW MCU v10.6/MCU/ARM_GCC_Support/ewl/lib/armv7e-m/fpu\libc.a(puts.o)
 .debug_abbrev  0x00000adb       0xb1 C:/Freescale/CW MCU v10.6/MCU/ARM_GCC_Support/ewl/lib/armv7e-m/fpu\libc.a(snprintf.o)
 .debug_abbrev  0x00000b8c       0xb1 C:/Freescale/CW MCU v10.6/MCU/ARM_GCC_Support/ewl/lib/armv7e-m/fpu\libc.a(sprintf.o)
 .debug_abbrev  0x00000c3d       0xf0 C:/Freescale/CW MCU v10.6/MCU/ARM_GCC_Support/ewl/lib/armv7e-m/fpu\libc.a(vsnprintf.o)
 .debug_abbrev  0x00000d2d      0x18f C:/Freescale/CW MCU v10.6/MCU/ARM_GCC_Support/ewl/lib/armv7e-m/fpu\libc.a(alloc.o)
 .debug_abbrev  0x00000ebc       0x7a C:/Freescale/CW MCU v10.6/MCU/ARM_GCC_Support/ewl/lib/armv7e-m/fpu\libc.a(exit.o)
 .debug_abbrev  0x00000f36       0xd4 C:/Freescale/CW MCU v10.6/MCU/ARM_GCC_Support/ewl/lib/armv7e-m/fpu\libc.a(strtoul.o)
 .debug_abbrev  0x0000100a       0x95 C:/Freescale/CW MCU v10.6/MCU/ARM_GCC_Support/ewl/lib/armv7e-m/fpu\libc.a(memcpy.o)
 .debug_abbrev  0x0000109f       0x62 C:/Freescale/CW MCU v10.6/MCU/ARM_GCC_Support/ewl/lib/armv7e-m/fpu\libc.a(memset.o)
 .debug_abbrev  0x00001101       0x7a C:/Freescale/CW MCU v10.6/MCU/ARM_GCC_Support/ewl/lib/armv7e-m/fpu\libc.a(strlen.o)
 .debug_abbrev  0x0000117b       0x98 C:/Freescale/CW MCU v10.6/MCU/ARM_GCC_Support/ewl/lib/armv7e-m/fpu\libc.a(strncmp.o)
 .debug_abbrev  0x00001213      0x200 C:/Freescale/CW MCU v10.6/MCU/ARM_GCC_Support/ewl/lib/armv7e-m/fpu\libc.a(printformat_.o)
 .debug_abbrev  0x00001413      0x1f0 C:/Freescale/CW MCU v10.6/MCU/ARM_GCC_Support/ewl/lib/armv7e-m/fpu\libc.a(scanformat_.o)
 .debug_abbrev  0x00001603       0x85 C:/Freescale/CW MCU v10.6/MCU/ARM_GCC_Support/ewl/lib/armv7e-m/fpu\libc.a(ctype_aeabi.o)
 .debug_abbrev  0x00001688       0x44 C:/Freescale/CW MCU v10.6/MCU/ARM_GCC_Support/ewl/lib/armv7e-m/fpu\libc.a(errno.o)
 .debug_abbrev  0x000016cc      0x142 C:/Freescale/CW MCU v10.6/MCU/ARM_GCC_Support/ewl/lib/armv7e-m/fpu\libc.a(__buffer_io.o)
 .debug_abbrev  0x0000180e       0xf6 C:/Freescale/CW MCU v10.6/MCU/ARM_GCC_Support/ewl/lib/armv7e-m/fpu\libc.a(__getchar.o)
 .debug_abbrev  0x00001904       0xf8 C:/Freescale/CW MCU v10.6/MCU/ARM_GCC_Support/ewl/lib/armv7e-m/fpu\libc.a(__putchar.o)
 .debug_abbrev  0x000019fc      0x15b C:/Freescale/CW MCU v10.6/MCU/ARM_GCC_Support/ewl/lib/armv7e-m/fpu\libc.a(fwrite.o)
 .debug_abbrev  0x00001b57      0x15f C:/Freescale/CW MCU v10.6/MCU/ARM_GCC_Support/ewl/lib/armv7e-m/fpu\libc.a(vsscanf.o)
 .debug_abbrev  0x00001cb6       0xc2 C:/Freescale/CW MCU v10.6/MCU/ARM_GCC_Support/ewl/lib/armv7e-m/fpu\libc.a(__strtoul.o)
 .debug_abbrev  0x00001d78       0x87 C:/Freescale/CW MCU v10.6/MCU/ARM_GCC_Support/ewl/lib/armv7e-m/fpu\libc.a(__filll_mem.o)
 .debug_abbrev  0x00001dff       0x95 C:/Freescale/CW MCU v10.6/MCU/ARM_GCC_Support/ewl/lib/armv7e-m/fpu\libc.a(__memrchr.o)
 .debug_abbrev  0x00001e94       0x95 C:/Freescale/CW MCU v10.6/MCU/ARM_GCC_Support/ewl/lib/armv7e-m/fpu\libc.a(memchr.o)
 .debug_abbrev  0x00001f29       0x89 C:/Freescale/CW MCU v10.6/MCU/ARM_GCC_Support/ewl/lib/armv7e-m/fpu\libc.a(strchr.o)
 .debug_abbrev  0x00001fb2       0x99 C:/Freescale/CW MCU v10.6/MCU/ARM_GCC_Support/ewl/lib/armv7e-m/fpu\librt.a(gcc_ctor_dtor.o)
 .debug_abbrev  0x0000204b      0x137 C:/Freescale/CW MCU v10.6/MCU/ARM_GCC_Support/ewl/lib/armv7e-m/fpu\librt.a(ROMCopy.o)
 .debug_abbrev  0x00002182      0x1db C:/Freescale/CW MCU v10.6/MCU/ARM_GCC_Support/ewl/lib/armv7e-m/fpu\librt.a(__arm_eabi_init.o)
 .debug_abbrev  0x0000235d      0x137 C:/Freescale/CW MCU v10.6/MCU/ARM_GCC_Support/ewl/lib/armv7e-m/fpu\libhosted.a(semihosted_console_io.o)
 .debug_abbrev  0x00002494      0x275 C:/Freescale/CW MCU v10.6/MCU/ARM_GCC_Support/ewl/lib/armv7e-m/fpu\libhosted.a(semihosted_file_io.o)

.debug_loc      0x00000000     0x3fa8
 .debug_loc     0x00000000       0x58 ./Project_Settings/Startup_Code/kinetis_sysinit.o
 .debug_loc     0x00000058       0x2c ./Project_Settings/Startup_Code/__arm_start.o
 .debug_loc     0x00000084       0x38 ./Project_Settings/Startup_Code/__arm_end.o
 .debug_loc     0x000000bc      0x4d2 ./Sources/simpleshell.o
 .debug_loc     0x0000058e      0x33c ./Sources/mymalloc.o
 .debug_loc     0x000008ca       0x3a ./Sources/myerror.o
 .debug_loc     0x00000904       0x2c ./Sources/main.o
 .debug_loc     0x00000930       0xb2 C:/Freescale/CW MCU v10.6/MCU/ARM_GCC_Support/ewl/lib/armv7e-m/fpu\libc.a(ansi_files.o)
 .debug_loc     0x000009e2       0x3c C:/Freescale/CW MCU v10.6/MCU/ARM_GCC_Support/ewl/lib/armv7e-m/fpu\libc.a(fgetc.o)
 .debug_loc     0x00000a1e       0x2c C:/Freescale/CW MCU v10.6/MCU/ARM_GCC_Support/ewl/lib/armv7e-m/fpu\libc.a(printf.o)
 .debug_loc     0x00000a4a       0x67 C:/Freescale/CW MCU v10.6/MCU/ARM_GCC_Support/ewl/lib/armv7e-m/fpu\libc.a(puts.o)
 .debug_loc     0x00000ab1       0x52 C:/Freescale/CW MCU v10.6/MCU/ARM_GCC_Support/ewl/lib/armv7e-m/fpu\libc.a(snprintf.o)
 .debug_loc     0x00000b03       0x3f C:/Freescale/CW MCU v10.6/MCU/ARM_GCC_Support/ewl/lib/armv7e-m/fpu\libc.a(sprintf.o)
 .debug_loc     0x00000b42      0x105 C:/Freescale/CW MCU v10.6/MCU/ARM_GCC_Support/ewl/lib/armv7e-m/fpu\libc.a(vsnprintf.o)
 .debug_loc     0x00000c47      0x2a8 C:/Freescale/CW MCU v10.6/MCU/ARM_GCC_Support/ewl/lib/armv7e-m/fpu\libc.a(alloc.o)
 .debug_loc     0x00000eef       0x3e C:/Freescale/CW MCU v10.6/MCU/ARM_GCC_Support/ewl/lib/armv7e-m/fpu\libc.a(exit.o)
 .debug_loc     0x00000f2d       0xc3 C:/Freescale/CW MCU v10.6/MCU/ARM_GCC_Support/ewl/lib/armv7e-m/fpu\libc.a(strtoul.o)
 .debug_loc     0x00000ff0       0x59 C:/Freescale/CW MCU v10.6/MCU/ARM_GCC_Support/ewl/lib/armv7e-m/fpu\libc.a(memcpy.o)
 .debug_loc     0x00001049       0x64 C:/Freescale/CW MCU v10.6/MCU/ARM_GCC_Support/ewl/lib/armv7e-m/fpu\libc.a(memset.o)
 .debug_loc     0x000010ad       0x26 C:/Freescale/CW MCU v10.6/MCU/ARM_GCC_Support/ewl/lib/armv7e-m/fpu\libc.a(strlen.o)
 .debug_loc     0x000010d3       0xed C:/Freescale/CW MCU v10.6/MCU/ARM_GCC_Support/ewl/lib/armv7e-m/fpu\libc.a(strncmp.o)
 .debug_loc     0x000011c0      0xbdc C:/Freescale/CW MCU v10.6/MCU/ARM_GCC_Support/ewl/lib/armv7e-m/fpu\libc.a(printformat_.o)
 .debug_loc     0x00001d9c      0x8b6 C:/Freescale/CW MCU v10.6/MCU/ARM_GCC_Support/ewl/lib/armv7e-m/fpu\libc.a(scanformat_.o)
 .debug_loc     0x00002652      0x18e C:/Freescale/CW MCU v10.6/MCU/ARM_GCC_Support/ewl/lib/armv7e-m/fpu\libc.a(ctype_aeabi.o)
 .debug_loc     0x000027e0      0x144 C:/Freescale/CW MCU v10.6/MCU/ARM_GCC_Support/ewl/lib/armv7e-m/fpu\libc.a(__buffer_io.o)
 .debug_loc     0x00002924       0x87 C:/Freescale/CW MCU v10.6/MCU/ARM_GCC_Support/ewl/lib/armv7e-m/fpu\libc.a(__getchar.o)
 .debug_loc     0x000029ab       0x87 C:/Freescale/CW MCU v10.6/MCU/ARM_GCC_Support/ewl/lib/armv7e-m/fpu\libc.a(__putchar.o)
 .debug_loc     0x00002a32      0x2e9 C:/Freescale/CW MCU v10.6/MCU/ARM_GCC_Support/ewl/lib/armv7e-m/fpu\libc.a(fwrite.o)
 .debug_loc     0x00002d1b      0x162 C:/Freescale/CW MCU v10.6/MCU/ARM_GCC_Support/ewl/lib/armv7e-m/fpu\libc.a(vsscanf.o)
 .debug_loc     0x00002e7d      0x2bb C:/Freescale/CW MCU v10.6/MCU/ARM_GCC_Support/ewl/lib/armv7e-m/fpu\libc.a(__strtoul.o)
 .debug_loc     0x00003138      0x12c C:/Freescale/CW MCU v10.6/MCU/ARM_GCC_Support/ewl/lib/armv7e-m/fpu\libc.a(__filll_mem.o)
 .debug_loc     0x00003264       0x82 C:/Freescale/CW MCU v10.6/MCU/ARM_GCC_Support/ewl/lib/armv7e-m/fpu\libc.a(__memrchr.o)
 .debug_loc     0x000032e6       0x62 C:/Freescale/CW MCU v10.6/MCU/ARM_GCC_Support/ewl/lib/armv7e-m/fpu\libc.a(memchr.o)
 .debug_loc     0x00003348       0x7c C:/Freescale/CW MCU v10.6/MCU/ARM_GCC_Support/ewl/lib/armv7e-m/fpu\libc.a(strchr.o)
 .debug_loc     0x000033c4       0x9d C:/Freescale/CW MCU v10.6/MCU/ARM_GCC_Support/ewl/lib/armv7e-m/fpu\librt.a(gcc_ctor_dtor.o)
 .debug_loc     0x00003461       0xb9 C:/Freescale/CW MCU v10.6/MCU/ARM_GCC_Support/ewl/lib/armv7e-m/fpu\librt.a(ROMCopy.o)
 .debug_loc     0x0000351a      0x144 C:/Freescale/CW MCU v10.6/MCU/ARM_GCC_Support/ewl/lib/armv7e-m/fpu\librt.a(__arm_eabi_init.o)
 .debug_loc     0x0000365e      0x165 C:/Freescale/CW MCU v10.6/MCU/ARM_GCC_Support/ewl/lib/armv7e-m/fpu\libhosted.a(semihosted_console_io.o)
 .debug_loc     0x000037c3      0x7e5 C:/Freescale/CW MCU v10.6/MCU/ARM_GCC_Support/ewl/lib/armv7e-m/fpu\libhosted.a(semihosted_file_io.o)

.debug_aranges  0x00000000      0x838
 .debug_aranges
                0x00000000       0x28 ./Project_Settings/Startup_Code/kinetis_sysinit.o
 .debug_aranges
                0x00000028       0x30 ./Project_Settings/Startup_Code/__arm_start.o
 .debug_aranges
                0x00000058       0x20 ./Project_Settings/Startup_Code/__arm_end.o
 .debug_aranges
                0x00000078       0xc8 ./Sources/simpleshell.o
 .debug_aranges
                0x00000140       0x90 ./Sources/mymalloc.o
 .debug_aranges
                0x000001d0       0x20 ./Sources/myerror.o
 .debug_aranges
                0x000001f0       0x20 ./Sources/main.o
 .debug_aranges
                0x00000210       0x28 C:/Freescale/CW MCU v10.6/MCU/ARM_GCC_Support/ewl/lib/armv7e-m/fpu\libc.a(ansi_files.o)
 .debug_aranges
                0x00000238       0x20 C:/Freescale/CW MCU v10.6/MCU/ARM_GCC_Support/ewl/lib/armv7e-m/fpu\libc.a(fgetc.o)
 .debug_aranges
                0x00000258       0x20 C:/Freescale/CW MCU v10.6/MCU/ARM_GCC_Support/ewl/lib/armv7e-m/fpu\libc.a(printf.o)
 .debug_aranges
                0x00000278       0x20 C:/Freescale/CW MCU v10.6/MCU/ARM_GCC_Support/ewl/lib/armv7e-m/fpu\libc.a(puts.o)
 .debug_aranges
                0x00000298       0x20 C:/Freescale/CW MCU v10.6/MCU/ARM_GCC_Support/ewl/lib/armv7e-m/fpu\libc.a(snprintf.o)
 .debug_aranges
                0x000002b8       0x20 C:/Freescale/CW MCU v10.6/MCU/ARM_GCC_Support/ewl/lib/armv7e-m/fpu\libc.a(sprintf.o)
 .debug_aranges
                0x000002d8       0x28 C:/Freescale/CW MCU v10.6/MCU/ARM_GCC_Support/ewl/lib/armv7e-m/fpu\libc.a(vsnprintf.o)
 .debug_aranges
                0x00000300       0x40 C:/Freescale/CW MCU v10.6/MCU/ARM_GCC_Support/ewl/lib/armv7e-m/fpu\libc.a(alloc.o)
 .debug_aranges
                0x00000340       0x20 C:/Freescale/CW MCU v10.6/MCU/ARM_GCC_Support/ewl/lib/armv7e-m/fpu\libc.a(exit.o)
 .debug_aranges
                0x00000360       0x20 C:/Freescale/CW MCU v10.6/MCU/ARM_GCC_Support/ewl/lib/armv7e-m/fpu\libc.a(strtoul.o)
 .debug_aranges
                0x00000380       0x20 C:/Freescale/CW MCU v10.6/MCU/ARM_GCC_Support/ewl/lib/armv7e-m/fpu\libc.a(memcpy.o)
 .debug_aranges
                0x000003a0       0x20 C:/Freescale/CW MCU v10.6/MCU/ARM_GCC_Support/ewl/lib/armv7e-m/fpu\libc.a(memset.o)
 .debug_aranges
                0x000003c0       0x20 C:/Freescale/CW MCU v10.6/MCU/ARM_GCC_Support/ewl/lib/armv7e-m/fpu\libc.a(strlen.o)
 .debug_aranges
                0x000003e0       0x20 C:/Freescale/CW MCU v10.6/MCU/ARM_GCC_Support/ewl/lib/armv7e-m/fpu\libc.a(strncmp.o)
 .debug_aranges
                0x00000400       0x28 C:/Freescale/CW MCU v10.6/MCU/ARM_GCC_Support/ewl/lib/armv7e-m/fpu\libc.a(printformat_.o)
 .debug_aranges
                0x00000428       0x20 C:/Freescale/CW MCU v10.6/MCU/ARM_GCC_Support/ewl/lib/armv7e-m/fpu\libc.a(scanformat_.o)
 .debug_aranges
                0x00000448       0x88 C:/Freescale/CW MCU v10.6/MCU/ARM_GCC_Support/ewl/lib/armv7e-m/fpu\libc.a(ctype_aeabi.o)
 .debug_aranges
                0x000004d0       0x18 C:/Freescale/CW MCU v10.6/MCU/ARM_GCC_Support/ewl/lib/armv7e-m/fpu\libc.a(errno.o)
 .debug_aranges
                0x000004e8       0x30 C:/Freescale/CW MCU v10.6/MCU/ARM_GCC_Support/ewl/lib/armv7e-m/fpu\libc.a(__buffer_io.o)
 .debug_aranges
                0x00000518       0x20 C:/Freescale/CW MCU v10.6/MCU/ARM_GCC_Support/ewl/lib/armv7e-m/fpu\libc.a(__getchar.o)
 .debug_aranges
                0x00000538       0x20 C:/Freescale/CW MCU v10.6/MCU/ARM_GCC_Support/ewl/lib/armv7e-m/fpu\libc.a(__putchar.o)
 .debug_aranges
                0x00000558       0x30 C:/Freescale/CW MCU v10.6/MCU/ARM_GCC_Support/ewl/lib/armv7e-m/fpu\libc.a(fwrite.o)
 .debug_aranges
                0x00000588       0x28 C:/Freescale/CW MCU v10.6/MCU/ARM_GCC_Support/ewl/lib/armv7e-m/fpu\libc.a(vsscanf.o)
 .debug_aranges
                0x000005b0       0x20 C:/Freescale/CW MCU v10.6/MCU/ARM_GCC_Support/ewl/lib/armv7e-m/fpu\libc.a(__strtoul.o)
 .debug_aranges
                0x000005d0       0x20 C:/Freescale/CW MCU v10.6/MCU/ARM_GCC_Support/ewl/lib/armv7e-m/fpu\libc.a(__filll_mem.o)
 .debug_aranges
                0x000005f0       0x20 C:/Freescale/CW MCU v10.6/MCU/ARM_GCC_Support/ewl/lib/armv7e-m/fpu\libc.a(__memrchr.o)
 .debug_aranges
                0x00000610       0x20 C:/Freescale/CW MCU v10.6/MCU/ARM_GCC_Support/ewl/lib/armv7e-m/fpu\libc.a(memchr.o)
 .debug_aranges
                0x00000630       0x20 C:/Freescale/CW MCU v10.6/MCU/ARM_GCC_Support/ewl/lib/armv7e-m/fpu\libc.a(strchr.o)
 .debug_aranges
                0x00000650       0x28 C:/Freescale/CW MCU v10.6/MCU/ARM_GCC_Support/ewl/lib/armv7e-m/fpu\librt.a(gcc_ctor_dtor.o)
 .debug_aranges
                0x00000678       0x30 C:/Freescale/CW MCU v10.6/MCU/ARM_GCC_Support/ewl/lib/armv7e-m/fpu\librt.a(ROMCopy.o)
 .debug_aranges
                0x000006a8       0x60 C:/Freescale/CW MCU v10.6/MCU/ARM_GCC_Support/ewl/lib/armv7e-m/fpu\librt.a(__arm_eabi_init.o)
 .debug_aranges
                0x00000708       0x50 C:/Freescale/CW MCU v10.6/MCU/ARM_GCC_Support/ewl/lib/armv7e-m/fpu\libhosted.a(semihosted_console_io.o)
 .debug_aranges
                0x00000758       0xe0 C:/Freescale/CW MCU v10.6/MCU/ARM_GCC_Support/ewl/lib/armv7e-m/fpu\libhosted.a(semihosted_file_io.o)

.debug_macinfo  0x00000000   0x1247b2
 .debug_macinfo
                0x00000000    0x87850 ./Project_Settings/Startup_Code/kinetis_sysinit.o
 .debug_macinfo
                0x00087850     0x3f83 ./Project_Settings/Startup_Code/__arm_start.o
 .debug_macinfo
                0x0008b7d3     0x356c ./Project_Settings/Startup_Code/__arm_end.o
 .debug_macinfo
                0x0008ed3f     0x4b3c ./Sources/simpleshell.o
 .debug_macinfo
                0x0009387b     0x458b ./Sources/mymalloc.o
 .debug_macinfo
                0x00097e06     0x4524 ./Sources/myerror.o
 .debug_macinfo
                0x0009c32a    0x88488 ./Sources/main.o

.debug_line     0x00000000     0x37db
 .debug_line    0x00000000      0x238 ./Project_Settings/Startup_Code/kinetis_sysinit.o
 .debug_line    0x00000238      0x2bc ./Project_Settings/Startup_Code/__arm_start.o
 .debug_line    0x000004f4      0x267 ./Project_Settings/Startup_Code/__arm_end.o
 .debug_line    0x0000075b      0x5ec ./Sources/simpleshell.o
 .debug_line    0x00000d47      0x46a ./Sources/mymalloc.o
 .debug_line    0x000011b1      0x2f9 ./Sources/myerror.o
 .debug_line    0x000014aa      0x2e6 ./Sources/main.o
 .debug_line    0x00001790       0xc0 C:/Freescale/CW MCU v10.6/MCU/ARM_GCC_Support/ewl/lib/armv7e-m/fpu\libc.a(ansi_files.o)
 .debug_line    0x00001850       0xb1 C:/Freescale/CW MCU v10.6/MCU/ARM_GCC_Support/ewl/lib/armv7e-m/fpu\libc.a(fgetc.o)
 .debug_line    0x00001901       0xb6 C:/Freescale/CW MCU v10.6/MCU/ARM_GCC_Support/ewl/lib/armv7e-m/fpu\libc.a(printf.o)
 .debug_line    0x000019b7       0x9c C:/Freescale/CW MCU v10.6/MCU/ARM_GCC_Support/ewl/lib/armv7e-m/fpu\libc.a(puts.o)
 .debug_line    0x00001a53       0x9f C:/Freescale/CW MCU v10.6/MCU/ARM_GCC_Support/ewl/lib/armv7e-m/fpu\libc.a(snprintf.o)
 .debug_line    0x00001af2       0x94 C:/Freescale/CW MCU v10.6/MCU/ARM_GCC_Support/ewl/lib/armv7e-m/fpu\libc.a(sprintf.o)
 .debug_line    0x00001b86       0xd1 C:/Freescale/CW MCU v10.6/MCU/ARM_GCC_Support/ewl/lib/armv7e-m/fpu\libc.a(vsnprintf.o)
 .debug_line    0x00001c57      0x159 C:/Freescale/CW MCU v10.6/MCU/ARM_GCC_Support/ewl/lib/armv7e-m/fpu\libc.a(alloc.o)
 .debug_line    0x00001db0       0x94 C:/Freescale/CW MCU v10.6/MCU/ARM_GCC_Support/ewl/lib/armv7e-m/fpu\libc.a(exit.o)
 .debug_line    0x00001e44       0xaa C:/Freescale/CW MCU v10.6/MCU/ARM_GCC_Support/ewl/lib/armv7e-m/fpu\libc.a(strtoul.o)
 .debug_line    0x00001eee       0x8b C:/Freescale/CW MCU v10.6/MCU/ARM_GCC_Support/ewl/lib/armv7e-m/fpu\libc.a(memcpy.o)
 .debug_line    0x00001f79       0x8f C:/Freescale/CW MCU v10.6/MCU/ARM_GCC_Support/ewl/lib/armv7e-m/fpu\libc.a(memset.o)
 .debug_line    0x00002008       0x83 C:/Freescale/CW MCU v10.6/MCU/ARM_GCC_Support/ewl/lib/armv7e-m/fpu\libc.a(strlen.o)
 .debug_line    0x0000208b       0x8e C:/Freescale/CW MCU v10.6/MCU/ARM_GCC_Support/ewl/lib/armv7e-m/fpu\libc.a(strncmp.o)
 .debug_line    0x00002119      0x2b4 C:/Freescale/CW MCU v10.6/MCU/ARM_GCC_Support/ewl/lib/armv7e-m/fpu\libc.a(printformat_.o)
 .debug_line    0x000023cd      0x2df C:/Freescale/CW MCU v10.6/MCU/ARM_GCC_Support/ewl/lib/armv7e-m/fpu\libc.a(scanformat_.o)
 .debug_line    0x000026ac      0x1a9 C:/Freescale/CW MCU v10.6/MCU/ARM_GCC_Support/ewl/lib/armv7e-m/fpu\libc.a(ctype_aeabi.o)
 .debug_line    0x00002855       0x4d C:/Freescale/CW MCU v10.6/MCU/ARM_GCC_Support/ewl/lib/armv7e-m/fpu\libc.a(errno.o)
 .debug_line    0x000028a2       0xfa C:/Freescale/CW MCU v10.6/MCU/ARM_GCC_Support/ewl/lib/armv7e-m/fpu\libc.a(__buffer_io.o)
 .debug_line    0x0000299c       0xd0 C:/Freescale/CW MCU v10.6/MCU/ARM_GCC_Support/ewl/lib/armv7e-m/fpu\libc.a(__getchar.o)
 .debug_line    0x00002a6c       0xc2 C:/Freescale/CW MCU v10.6/MCU/ARM_GCC_Support/ewl/lib/armv7e-m/fpu\libc.a(__putchar.o)
 .debug_line    0x00002b2e      0x155 C:/Freescale/CW MCU v10.6/MCU/ARM_GCC_Support/ewl/lib/armv7e-m/fpu\libc.a(fwrite.o)
 .debug_line    0x00002c83       0xc3 C:/Freescale/CW MCU v10.6/MCU/ARM_GCC_Support/ewl/lib/armv7e-m/fpu\libc.a(vsscanf.o)
 .debug_line    0x00002d46      0x11b C:/Freescale/CW MCU v10.6/MCU/ARM_GCC_Support/ewl/lib/armv7e-m/fpu\libc.a(__strtoul.o)
 .debug_line    0x00002e61       0xcd C:/Freescale/CW MCU v10.6/MCU/ARM_GCC_Support/ewl/lib/armv7e-m/fpu\libc.a(__filll_mem.o)
 .debug_line    0x00002f2e       0x99 C:/Freescale/CW MCU v10.6/MCU/ARM_GCC_Support/ewl/lib/armv7e-m/fpu\libc.a(__memrchr.o)
 .debug_line    0x00002fc7       0x9f C:/Freescale/CW MCU v10.6/MCU/ARM_GCC_Support/ewl/lib/armv7e-m/fpu\libc.a(memchr.o)
 .debug_line    0x00003066       0x7d C:/Freescale/CW MCU v10.6/MCU/ARM_GCC_Support/ewl/lib/armv7e-m/fpu\libc.a(strchr.o)
 .debug_line    0x000030e3       0x67 C:/Freescale/CW MCU v10.6/MCU/ARM_GCC_Support/ewl/lib/armv7e-m/fpu\librt.a(gcc_ctor_dtor.o)
 .debug_line    0x0000314a       0xa9 C:/Freescale/CW MCU v10.6/MCU/ARM_GCC_Support/ewl/lib/armv7e-m/fpu\librt.a(ROMCopy.o)
 .debug_line    0x000031f3      0x125 C:/Freescale/CW MCU v10.6/MCU/ARM_GCC_Support/ewl/lib/armv7e-m/fpu\librt.a(__arm_eabi_init.o)
 .debug_line    0x00003318      0x14c C:/Freescale/CW MCU v10.6/MCU/ARM_GCC_Support/ewl/lib/armv7e-m/fpu\libhosted.a(semihosted_console_io.o)
 .debug_line    0x00003464      0x377 C:/Freescale/CW MCU v10.6/MCU/ARM_GCC_Support/ewl/lib/armv7e-m/fpu\libhosted.a(semihosted_file_io.o)

.debug_str      0x00000000     0x1bd6
 .debug_str     0x00000000      0x28e ./Project_Settings/Startup_Code/kinetis_sysinit.o
                                0x2b5 (size before relaxing)
 .debug_str     0x0000028e       0x85 ./Project_Settings/Startup_Code/__arm_start.o
                                0x1b6 (size before relaxing)
 .debug_str     0x00000313       0x41 ./Project_Settings/Startup_Code/__arm_end.o
                                 0xed (size before relaxing)
 .debug_str     0x00000354      0x445 ./Sources/simpleshell.o
                                0x5ce (size before relaxing)
 .debug_str     0x00000799      0x152 ./Sources/mymalloc.o
                                0x350 (size before relaxing)
 .debug_str     0x000008eb       0x3d ./Sources/myerror.o
                                0x39d (size before relaxing)
 .debug_str     0x00000928       0x17 ./Sources/main.o
                                0x14e (size before relaxing)
 .debug_str     0x0000093f      0x1c4 C:/Freescale/CW MCU v10.6/MCU/ARM_GCC_Support/ewl/lib/armv7e-m/fpu\libc.a(ansi_files.o)
                                0x442 (size before relaxing)
 .debug_str     0x00000b03       0xd0 C:/Freescale/CW MCU v10.6/MCU/ARM_GCC_Support/ewl/lib/armv7e-m/fpu\libc.a(fgetc.o)
                                0x38f (size before relaxing)
 .debug_str     0x00000bd3       0x27 C:/Freescale/CW MCU v10.6/MCU/ARM_GCC_Support/ewl/lib/armv7e-m/fpu\libc.a(printf.o)
                                0x2e9 (size before relaxing)
 .debug_str     0x00000bfa       0x16 C:/Freescale/CW MCU v10.6/MCU/ARM_GCC_Support/ewl/lib/armv7e-m/fpu\libc.a(puts.o)
                                0x2cc (size before relaxing)
 .debug_str     0x00000c10       0x15 C:/Freescale/CW MCU v10.6/MCU/ARM_GCC_Support/ewl/lib/armv7e-m/fpu\libc.a(snprintf.o)
                                0x16c (size before relaxing)
 .debug_str     0x00000c25       0x1c C:/Freescale/CW MCU v10.6/MCU/ARM_GCC_Support/ewl/lib/armv7e-m/fpu\libc.a(sprintf.o)
                                0x163 (size before relaxing)
 .debug_str     0x00000c41       0x83 C:/Freescale/CW MCU v10.6/MCU/ARM_GCC_Support/ewl/lib/armv7e-m/fpu\libc.a(vsnprintf.o)
                                0x1cc (size before relaxing)
 .debug_str     0x00000cc4       0xa1 C:/Freescale/CW MCU v10.6/MCU/ARM_GCC_Support/ewl/lib/armv7e-m/fpu\libc.a(alloc.o)
                                0x200 (size before relaxing)
 .debug_str     0x00000d65       0x2e C:/Freescale/CW MCU v10.6/MCU/ARM_GCC_Support/ewl/lib/armv7e-m/fpu\libc.a(exit.o)
                                0x157 (size before relaxing)
 .debug_str     0x00000d93       0x58 C:/Freescale/CW MCU v10.6/MCU/ARM_GCC_Support/ewl/lib/armv7e-m/fpu\libc.a(strtoul.o)
                                0x1aa (size before relaxing)
 .debug_str     0x00000deb       0x1c C:/Freescale/CW MCU v10.6/MCU/ARM_GCC_Support/ewl/lib/armv7e-m/fpu\libc.a(memcpy.o)
                                0x138 (size before relaxing)
 .debug_str     0x00000e07       0x15 C:/Freescale/CW MCU v10.6/MCU/ARM_GCC_Support/ewl/lib/armv7e-m/fpu\libc.a(memset.o)
                                0x140 (size before relaxing)
 .debug_str     0x00000e1c       0x1c C:/Freescale/CW MCU v10.6/MCU/ARM_GCC_Support/ewl/lib/armv7e-m/fpu\libc.a(strlen.o)
                                0x140 (size before relaxing)
 .debug_str     0x00000e38       0x28 C:/Freescale/CW MCU v10.6/MCU/ARM_GCC_Support/ewl/lib/armv7e-m/fpu\libc.a(strncmp.o)
                                0x152 (size before relaxing)
 .debug_str     0x00000e60      0x213 C:/Freescale/CW MCU v10.6/MCU/ARM_GCC_Support/ewl/lib/armv7e-m/fpu\libc.a(printformat_.o)
                                0x3b3 (size before relaxing)
 .debug_str     0x00001073      0x172 C:/Freescale/CW MCU v10.6/MCU/ARM_GCC_Support/ewl/lib/armv7e-m/fpu\libc.a(scanformat_.o)
                                0x3f9 (size before relaxing)
 .debug_str     0x000011e5       0x9d C:/Freescale/CW MCU v10.6/MCU/ARM_GCC_Support/ewl/lib/armv7e-m/fpu\libc.a(ctype_aeabi.o)
                                0x1bc (size before relaxing)
 .debug_str     0x00001282       0x12 C:/Freescale/CW MCU v10.6/MCU/ARM_GCC_Support/ewl/lib/armv7e-m/fpu\libc.a(errno.o)
                                0x12c (size before relaxing)
 .debug_str     0x00001294       0xc3 C:/Freescale/CW MCU v10.6/MCU/ARM_GCC_Support/ewl/lib/armv7e-m/fpu\libc.a(__buffer_io.o)
                                0x373 (size before relaxing)
 .debug_str     0x00001357       0x21 C:/Freescale/CW MCU v10.6/MCU/ARM_GCC_Support/ewl/lib/armv7e-m/fpu\libc.a(__getchar.o)
                                0x3ed (size before relaxing)
 .debug_str     0x00001378       0x21 C:/Freescale/CW MCU v10.6/MCU/ARM_GCC_Support/ewl/lib/armv7e-m/fpu\libc.a(__putchar.o)
                                0x39e (size before relaxing)
 .debug_str     0x00001399       0x9a C:/Freescale/CW MCU v10.6/MCU/ARM_GCC_Support/ewl/lib/armv7e-m/fpu\libc.a(fwrite.o)
                                0x53b (size before relaxing)
 .debug_str     0x00001433       0x3c C:/Freescale/CW MCU v10.6/MCU/ARM_GCC_Support/ewl/lib/armv7e-m/fpu\libc.a(vsscanf.o)
                                0x1e5 (size before relaxing)
 .debug_str     0x0000146f       0x55 C:/Freescale/CW MCU v10.6/MCU/ARM_GCC_Support/ewl/lib/armv7e-m/fpu\libc.a(__strtoul.o)
                                0x1fb (size before relaxing)
 .debug_str     0x000014c4       0x25 C:/Freescale/CW MCU v10.6/MCU/ARM_GCC_Support/ewl/lib/armv7e-m/fpu\libc.a(__filll_mem.o)
                                0x152 (size before relaxing)
 .debug_str     0x000014e9       0x22 C:/Freescale/CW MCU v10.6/MCU/ARM_GCC_Support/ewl/lib/armv7e-m/fpu\libc.a(__memrchr.o)
                                0x145 (size before relaxing)
 .debug_str     0x0000150b       0x1c C:/Freescale/CW MCU v10.6/MCU/ARM_GCC_Support/ewl/lib/armv7e-m/fpu\libc.a(memchr.o)
                                0x148 (size before relaxing)
 .debug_str     0x00001527       0x1c C:/Freescale/CW MCU v10.6/MCU/ARM_GCC_Support/ewl/lib/armv7e-m/fpu\libc.a(strchr.o)
                                0x137 (size before relaxing)
 .debug_str     0x00001543      0x126 C:/Freescale/CW MCU v10.6/MCU/ARM_GCC_Support/ewl/lib/armv7e-m/fpu\librt.a(gcc_ctor_dtor.o)
                                0x181 (size before relaxing)
 .debug_str     0x00001669       0x9b C:/Freescale/CW MCU v10.6/MCU/ARM_GCC_Support/ewl/lib/armv7e-m/fpu\librt.a(ROMCopy.o)
                                0x13c (size before relaxing)
 .debug_str     0x00001704       0xfd C:/Freescale/CW MCU v10.6/MCU/ARM_GCC_Support/ewl/lib/armv7e-m/fpu\librt.a(__arm_eabi_init.o)
                                0x1bf (size before relaxing)
 .debug_str     0x00001801       0x9b C:/Freescale/CW MCU v10.6/MCU/ARM_GCC_Support/ewl/lib/armv7e-m/fpu\libhosted.a(semihosted_console_io.o)
                                0x1ac (size before relaxing)
 .debug_str     0x0000189c      0x33a C:/Freescale/CW MCU v10.6/MCU/ARM_GCC_Support/ewl/lib/armv7e-m/fpu\libhosted.a(semihosted_file_io.o)
                                0x5f2 (size before relaxing)

.comment        0x00000000       0x79
 .comment       0x00000000       0x79 ./Project_Settings/Startup_Code/kinetis_sysinit.o
                                 0x7a (size before relaxing)
 .comment       0x00000000       0x7a ./Project_Settings/Startup_Code/__arm_start.o
 .comment       0x00000000       0x7a ./Project_Settings/Startup_Code/__arm_end.o
 .comment       0x00000000       0x7a ./Sources/simpleshell.o
 .comment       0x00000000       0x7a ./Sources/mymalloc.o
 .comment       0x00000000       0x7a ./Sources/myerror.o
 .comment       0x00000000       0x7a ./Sources/main.o
 .comment       0x00000000       0x7a C:/Freescale/CW MCU v10.6/MCU/ARM_GCC_Support/ewl/lib/armv7e-m/fpu\libc.a(ansi_files.o)
 .comment       0x00000000       0x7a C:/Freescale/CW MCU v10.6/MCU/ARM_GCC_Support/ewl/lib/armv7e-m/fpu\libc.a(fgetc.o)
 .comment       0x00000000       0x7a C:/Freescale/CW MCU v10.6/MCU/ARM_GCC_Support/ewl/lib/armv7e-m/fpu\libc.a(printf.o)
 .comment       0x00000000       0x7a C:/Freescale/CW MCU v10.6/MCU/ARM_GCC_Support/ewl/lib/armv7e-m/fpu\libc.a(puts.o)
 .comment       0x00000000       0x7a C:/Freescale/CW MCU v10.6/MCU/ARM_GCC_Support/ewl/lib/armv7e-m/fpu\libc.a(snprintf.o)
 .comment       0x00000000       0x7a C:/Freescale/CW MCU v10.6/MCU/ARM_GCC_Support/ewl/lib/armv7e-m/fpu\libc.a(sprintf.o)
 .comment       0x00000000       0x7a C:/Freescale/CW MCU v10.6/MCU/ARM_GCC_Support/ewl/lib/armv7e-m/fpu\libc.a(vsnprintf.o)
 .comment       0x00000000       0x7a C:/Freescale/CW MCU v10.6/MCU/ARM_GCC_Support/ewl/lib/armv7e-m/fpu\libc.a(alloc.o)
 .comment       0x00000000       0x7a C:/Freescale/CW MCU v10.6/MCU/ARM_GCC_Support/ewl/lib/armv7e-m/fpu\libc.a(exit.o)
 .comment       0x00000000       0x7a C:/Freescale/CW MCU v10.6/MCU/ARM_GCC_Support/ewl/lib/armv7e-m/fpu\libc.a(strtoul.o)
 .comment       0x00000000       0x7a C:/Freescale/CW MCU v10.6/MCU/ARM_GCC_Support/ewl/lib/armv7e-m/fpu\libc.a(memcpy.o)
 .comment       0x00000000       0x7a C:/Freescale/CW MCU v10.6/MCU/ARM_GCC_Support/ewl/lib/armv7e-m/fpu\libc.a(memset.o)
 .comment       0x00000000       0x7a C:/Freescale/CW MCU v10.6/MCU/ARM_GCC_Support/ewl/lib/armv7e-m/fpu\libc.a(strlen.o)
 .comment       0x00000000       0x7a C:/Freescale/CW MCU v10.6/MCU/ARM_GCC_Support/ewl/lib/armv7e-m/fpu\libc.a(strncmp.o)
 .comment       0x00000000       0x7a C:/Freescale/CW MCU v10.6/MCU/ARM_GCC_Support/ewl/lib/armv7e-m/fpu\libc.a(printformat_.o)
 .comment       0x00000000       0x7a C:/Freescale/CW MCU v10.6/MCU/ARM_GCC_Support/ewl/lib/armv7e-m/fpu\libc.a(scanformat_.o)
 .comment       0x00000000       0x7a C:/Freescale/CW MCU v10.6/MCU/ARM_GCC_Support/ewl/lib/armv7e-m/fpu\libc.a(ctype_aeabi.o)
 .comment       0x00000000       0x7a C:/Freescale/CW MCU v10.6/MCU/ARM_GCC_Support/ewl/lib/armv7e-m/fpu\libc.a(errno.o)
 .comment       0x00000000       0x7a C:/Freescale/CW MCU v10.6/MCU/ARM_GCC_Support/ewl/lib/armv7e-m/fpu\libc.a(__buffer_io.o)
 .comment       0x00000000       0x7a C:/Freescale/CW MCU v10.6/MCU/ARM_GCC_Support/ewl/lib/armv7e-m/fpu\libc.a(__getchar.o)
 .comment       0x00000000       0x7a C:/Freescale/CW MCU v10.6/MCU/ARM_GCC_Support/ewl/lib/armv7e-m/fpu\libc.a(__putchar.o)
 .comment       0x00000000       0x7a C:/Freescale/CW MCU v10.6/MCU/ARM_GCC_Support/ewl/lib/armv7e-m/fpu\libc.a(fwrite.o)
 .comment       0x00000000       0x7a C:/Freescale/CW MCU v10.6/MCU/ARM_GCC_Support/ewl/lib/armv7e-m/fpu\libc.a(vsscanf.o)
 .comment       0x00000000       0x7a C:/Freescale/CW MCU v10.6/MCU/ARM_GCC_Support/ewl/lib/armv7e-m/fpu\libc.a(__strtoul.o)
 .comment       0x00000000       0x7a C:/Freescale/CW MCU v10.6/MCU/ARM_GCC_Support/ewl/lib/armv7e-m/fpu\libc.a(__filll_mem.o)
 .comment       0x00000000       0x7a C:/Freescale/CW MCU v10.6/MCU/ARM_GCC_Support/ewl/lib/armv7e-m/fpu\libc.a(__memrchr.o)
 .comment       0x00000000       0x7a C:/Freescale/CW MCU v10.6/MCU/ARM_GCC_Support/ewl/lib/armv7e-m/fpu\libc.a(memchr.o)
 .comment       0x00000000       0x7a C:/Freescale/CW MCU v10.6/MCU/ARM_GCC_Support/ewl/lib/armv7e-m/fpu\libc.a(strchr.o)
 .comment       0x00000000       0x7a C:/Freescale/CW MCU v10.6/MCU/ARM_GCC_Support/ewl/lib/armv7e-m/fpu\librt.a(gcc_ctor_dtor.o)
 .comment       0x00000000       0x7a C:/Freescale/CW MCU v10.6/MCU/ARM_GCC_Support/ewl/lib/armv7e-m/fpu\librt.a(ROMCopy.o)
 .comment       0x00000000       0x7a C:/Freescale/CW MCU v10.6/MCU/ARM_GCC_Support/ewl/lib/armv7e-m/fpu\librt.a(__arm_eabi_init.o)
 .comment       0x00000000       0x7a C:/Freescale/CW MCU v10.6/MCU/ARM_GCC_Support/ewl/lib/armv7e-m/fpu\libhosted.a(semihosted_console_io.o)
 .comment       0x00000000       0x7a C:/Freescale/CW MCU v10.6/MCU/ARM_GCC_Support/ewl/lib/armv7e-m/fpu\libhosted.a(semihosted_file_io.o)

.debug_frame    0x00000000     0x10a0
 .debug_frame   0x00000000       0x40 ./Project_Settings/Startup_Code/kinetis_sysinit.o
 .debug_frame   0x00000040       0x4c ./Project_Settings/Startup_Code/__arm_start.o
 .debug_frame   0x0000008c       0x30 ./Project_Settings/Startup_Code/__arm_end.o
 .debug_frame   0x000000bc      0x2bc ./Sources/simpleshell.o
 .debug_frame   0x00000378      0x1d8 ./Sources/mymalloc.o
 .debug_frame   0x00000550       0x30 ./Sources/myerror.o
 .debug_frame   0x00000580       0x2c ./Sources/main.o
 .debug_frame   0x000005ac       0x48 C:/Freescale/CW MCU v10.6/MCU/ARM_GCC_Support/ewl/lib/armv7e-m/fpu\libc.a(ansi_files.o)
 .debug_frame   0x000005f4       0x20 C:/Freescale/CW MCU v10.6/MCU/ARM_GCC_Support/ewl/lib/armv7e-m/fpu\libc.a(fgetc.o)
 .debug_frame   0x00000614       0x3c C:/Freescale/CW MCU v10.6/MCU/ARM_GCC_Support/ewl/lib/armv7e-m/fpu\libc.a(printf.o)
 .debug_frame   0x00000650       0x28 C:/Freescale/CW MCU v10.6/MCU/ARM_GCC_Support/ewl/lib/armv7e-m/fpu\libc.a(puts.o)
 .debug_frame   0x00000678       0x34 C:/Freescale/CW MCU v10.6/MCU/ARM_GCC_Support/ewl/lib/armv7e-m/fpu\libc.a(snprintf.o)
 .debug_frame   0x000006ac       0x34 C:/Freescale/CW MCU v10.6/MCU/ARM_GCC_Support/ewl/lib/armv7e-m/fpu\libc.a(sprintf.o)
 .debug_frame   0x000006e0       0x4c C:/Freescale/CW MCU v10.6/MCU/ARM_GCC_Support/ewl/lib/armv7e-m/fpu\libc.a(vsnprintf.o)
 .debug_frame   0x0000072c       0x88 C:/Freescale/CW MCU v10.6/MCU/ARM_GCC_Support/ewl/lib/armv7e-m/fpu\libc.a(alloc.o)
 .debug_frame   0x000007b4       0x28 C:/Freescale/CW MCU v10.6/MCU/ARM_GCC_Support/ewl/lib/armv7e-m/fpu\libc.a(exit.o)
 .debug_frame   0x000007dc       0x2c C:/Freescale/CW MCU v10.6/MCU/ARM_GCC_Support/ewl/lib/armv7e-m/fpu\libc.a(strtoul.o)
 .debug_frame   0x00000808       0x28 C:/Freescale/CW MCU v10.6/MCU/ARM_GCC_Support/ewl/lib/armv7e-m/fpu\libc.a(memcpy.o)
 .debug_frame   0x00000830       0x28 C:/Freescale/CW MCU v10.6/MCU/ARM_GCC_Support/ewl/lib/armv7e-m/fpu\libc.a(memset.o)
 .debug_frame   0x00000858       0x20 C:/Freescale/CW MCU v10.6/MCU/ARM_GCC_Support/ewl/lib/armv7e-m/fpu\libc.a(strlen.o)
 .debug_frame   0x00000878       0x2c C:/Freescale/CW MCU v10.6/MCU/ARM_GCC_Support/ewl/lib/armv7e-m/fpu\libc.a(strncmp.o)
 .debug_frame   0x000008a4       0x64 C:/Freescale/CW MCU v10.6/MCU/ARM_GCC_Support/ewl/lib/armv7e-m/fpu\libc.a(printformat_.o)
 .debug_frame   0x00000908       0x3c C:/Freescale/CW MCU v10.6/MCU/ARM_GCC_Support/ewl/lib/armv7e-m/fpu\libc.a(scanformat_.o)
 .debug_frame   0x00000944       0xf0 C:/Freescale/CW MCU v10.6/MCU/ARM_GCC_Support/ewl/lib/armv7e-m/fpu\libc.a(ctype_aeabi.o)
 .debug_frame   0x00000a34       0x58 C:/Freescale/CW MCU v10.6/MCU/ARM_GCC_Support/ewl/lib/armv7e-m/fpu\libc.a(__buffer_io.o)
 .debug_frame   0x00000a8c       0x2c C:/Freescale/CW MCU v10.6/MCU/ARM_GCC_Support/ewl/lib/armv7e-m/fpu\libc.a(__getchar.o)
 .debug_frame   0x00000ab8       0x2c C:/Freescale/CW MCU v10.6/MCU/ARM_GCC_Support/ewl/lib/armv7e-m/fpu\libc.a(__putchar.o)
 .debug_frame   0x00000ae4       0x64 C:/Freescale/CW MCU v10.6/MCU/ARM_GCC_Support/ewl/lib/armv7e-m/fpu\libc.a(fwrite.o)
 .debug_frame   0x00000b48       0x40 C:/Freescale/CW MCU v10.6/MCU/ARM_GCC_Support/ewl/lib/armv7e-m/fpu\libc.a(vsscanf.o)
 .debug_frame   0x00000b88       0x3c C:/Freescale/CW MCU v10.6/MCU/ARM_GCC_Support/ewl/lib/armv7e-m/fpu\libc.a(__strtoul.o)
 .debug_frame   0x00000bc4       0x2c C:/Freescale/CW MCU v10.6/MCU/ARM_GCC_Support/ewl/lib/armv7e-m/fpu\libc.a(__filll_mem.o)
 .debug_frame   0x00000bf0       0x28 C:/Freescale/CW MCU v10.6/MCU/ARM_GCC_Support/ewl/lib/armv7e-m/fpu\libc.a(__memrchr.o)
 .debug_frame   0x00000c18       0x20 C:/Freescale/CW MCU v10.6/MCU/ARM_GCC_Support/ewl/lib/armv7e-m/fpu\libc.a(memchr.o)
 .debug_frame   0x00000c38       0x20 C:/Freescale/CW MCU v10.6/MCU/ARM_GCC_Support/ewl/lib/armv7e-m/fpu\libc.a(strchr.o)
 .debug_frame   0x00000c58       0x40 C:/Freescale/CW MCU v10.6/MCU/ARM_GCC_Support/ewl/lib/armv7e-m/fpu\librt.a(gcc_ctor_dtor.o)
 .debug_frame   0x00000c98       0x48 C:/Freescale/CW MCU v10.6/MCU/ARM_GCC_Support/ewl/lib/armv7e-m/fpu\librt.a(ROMCopy.o)
 .debug_frame   0x00000ce0       0xbc C:/Freescale/CW MCU v10.6/MCU/ARM_GCC_Support/ewl/lib/armv7e-m/fpu\librt.a(__arm_eabi_init.o)
 .debug_frame   0x00000d9c       0x90 C:/Freescale/CW MCU v10.6/MCU/ARM_GCC_Support/ewl/lib/armv7e-m/fpu\libhosted.a(semihosted_console_io.o)
 .debug_frame   0x00000e2c      0x274 C:/Freescale/CW MCU v10.6/MCU/ARM_GCC_Support/ewl/lib/armv7e-m/fpu\libhosted.a(semihosted_file_io.o)
