Archive member included because of file (symbol)

C:/Freescale/CW MCU v10.6/MCU/ARM_GCC_Support/ewl/lib/armv7e-m/fpu\libc.a(printf.o)
                              ./Sources/SDHC_FAT32_Files.o (printf)
C:/Freescale/CW MCU v10.6/MCU/ARM_GCC_Support/ewl/lib/armv7e-m/fpu\libc.a(puts.o)
                              ./Sources/SDHC_FAT32_Files.o (puts)
C:/Freescale/CW MCU v10.6/MCU/ARM_GCC_Support/ewl/lib/armv7e-m/fpu\libc.a(snprintf.o)
                              ./Sources/myerror.o (snprintf)
C:/Freescale/CW MCU v10.6/MCU/ARM_GCC_Support/ewl/lib/armv7e-m/fpu\libc.a(sprintf.o)
                              ./Sources/simpleshell.o (sprintf)
C:/Freescale/CW MCU v10.6/MCU/ARM_GCC_Support/ewl/lib/armv7e-m/fpu\libc.a(vsnprintf.o)
                              C:/Freescale/CW MCU v10.6/MCU/ARM_GCC_Support/ewl/lib/armv7e-m/fpu\libc.a(snprintf.o) (vsnprintf)
C:/Freescale/CW MCU v10.6/MCU/ARM_GCC_Support/ewl/lib/armv7e-m/fpu\libc.a(alloc.o)
                              ./Sources/mymalloc.o (malloc)
C:/Freescale/CW MCU v10.6/MCU/ARM_GCC_Support/ewl/lib/armv7e-m/fpu\libc.a(exit.o)
                              ./Project_Settings/Startup_Code/__arm_start.o (exit)
C:/Freescale/CW MCU v10.6/MCU/ARM_GCC_Support/ewl/lib/armv7e-m/fpu\libc.a(strtoul.o)
                              ./Sources/simpleshell.o (strtoul)
C:/Freescale/CW MCU v10.6/MCU/ARM_GCC_Support/ewl/lib/armv7e-m/fpu\libc.a(memcmp.o)
                              ./Sources/bootSector.o (memcmp)
C:/Freescale/CW MCU v10.6/MCU/ARM_GCC_Support/ewl/lib/armv7e-m/fpu\libc.a(memcpy.o)
                              ./Sources/SDHC_FAT32_Files.o (memcpy)
C:/Freescale/CW MCU v10.6/MCU/ARM_GCC_Support/ewl/lib/armv7e-m/fpu\libc.a(memset.o)
                              ./Project_Settings/Startup_Code/__arm_start.o (memset)
C:/Freescale/CW MCU v10.6/MCU/ARM_GCC_Support/ewl/lib/armv7e-m/fpu\libc.a(strlen.o)
                              ./Sources/univio.o (strlen)
C:/Freescale/CW MCU v10.6/MCU/ARM_GCC_Support/ewl/lib/armv7e-m/fpu\libc.a(strncmp.o)
                              ./Sources/univio.o (strncmp)
C:/Freescale/CW MCU v10.6/MCU/ARM_GCC_Support/ewl/lib/armv7e-m/fpu\libc.a(printformat_.o)
                              (__pformatter_)
C:/Freescale/CW MCU v10.6/MCU/ARM_GCC_Support/ewl/lib/armv7e-m/fpu\libc.a(scanformat_.o)
                              (__sformatter)
C:/Freescale/CW MCU v10.6/MCU/ARM_GCC_Support/ewl/lib/armv7e-m/fpu\libc.a(ctype_aeabi.o)
                              C:/Freescale/CW MCU v10.6/MCU/ARM_GCC_Support/ewl/lib/armv7e-m/fpu\libc.a(scanformat_.o) (isspace)
C:/Freescale/CW MCU v10.6/MCU/ARM_GCC_Support/ewl/lib/armv7e-m/fpu\libc.a(errno.o)
                              C:/Freescale/CW MCU v10.6/MCU/ARM_GCC_Support/ewl/lib/armv7e-m/fpu\libc.a(strtoul.o) (errno)
C:/Freescale/CW MCU v10.6/MCU/ARM_GCC_Support/ewl/lib/armv7e-m/fpu\libc.a(__putchar.o)
                              C:/Freescale/CW MCU v10.6/MCU/ARM_GCC_Support/ewl/lib/armv7e-m/fpu\libc.a(puts.o) (__put_char)
C:/Freescale/CW MCU v10.6/MCU/ARM_GCC_Support/ewl/lib/armv7e-m/fpu\libc.a(ansi_files.o)
                              C:/Freescale/CW MCU v10.6/MCU/ARM_GCC_Support/ewl/lib/armv7e-m/fpu\libc.a(printf.o) (__files)
C:/Freescale/CW MCU v10.6/MCU/ARM_GCC_Support/ewl/lib/armv7e-m/fpu\libc.a(fflush.o)
                              C:/Freescale/CW MCU v10.6/MCU/ARM_GCC_Support/ewl/lib/armv7e-m/fpu\libc.a(ansi_files.o) (fflush)
C:/Freescale/CW MCU v10.6/MCU/ARM_GCC_Support/ewl/lib/armv7e-m/fpu\libc.a(fwrite.o)
                              C:/Freescale/CW MCU v10.6/MCU/ARM_GCC_Support/ewl/lib/armv7e-m/fpu\libc.a(printf.o) (__FileWrite)
C:/Freescale/CW MCU v10.6/MCU/ARM_GCC_Support/ewl/lib/armv7e-m/fpu\libc.a(vsscanf.o)
                              C:/Freescale/CW MCU v10.6/MCU/ARM_GCC_Support/ewl/lib/armv7e-m/fpu\libc.a(strtoul.o) (__StringRead)
C:/Freescale/CW MCU v10.6/MCU/ARM_GCC_Support/ewl/lib/armv7e-m/fpu\libc.a(__strtoul.o)
                              C:/Freescale/CW MCU v10.6/MCU/ARM_GCC_Support/ewl/lib/armv7e-m/fpu\libc.a(strtoul.o) (__strtoul)
C:/Freescale/CW MCU v10.6/MCU/ARM_GCC_Support/ewl/lib/armv7e-m/fpu\libc.a(__filll_mem.o)
                              C:/Freescale/CW MCU v10.6/MCU/ARM_GCC_Support/ewl/lib/armv7e-m/fpu\libc.a(memset.o) (__fill_mem)
C:/Freescale/CW MCU v10.6/MCU/ARM_GCC_Support/ewl/lib/armv7e-m/fpu\libc.a(__memrchr.o)
                              C:/Freescale/CW MCU v10.6/MCU/ARM_GCC_Support/ewl/lib/armv7e-m/fpu\libc.a(fwrite.o) (__memrchr)
C:/Freescale/CW MCU v10.6/MCU/ARM_GCC_Support/ewl/lib/armv7e-m/fpu\libc.a(memchr.o)
                              C:/Freescale/CW MCU v10.6/MCU/ARM_GCC_Support/ewl/lib/armv7e-m/fpu\libc.a(printformat_.o) (memchr)
C:/Freescale/CW MCU v10.6/MCU/ARM_GCC_Support/ewl/lib/armv7e-m/fpu\libc.a(strchr.o)
                              C:/Freescale/CW MCU v10.6/MCU/ARM_GCC_Support/ewl/lib/armv7e-m/fpu\libc.a(printformat_.o) (strchr)
C:/Freescale/CW MCU v10.6/MCU/ARM_GCC_Support/ewl/lib/armv7e-m/fpu\libc.a(__buffer_io.o)
[...]
Memory Configuration

Name             Origin             Length             Attributes
m_interrupts     0x1fff0000         0x000001e8         xr
m_text           0x1fff01e8         0x0000fe18         xr
m_data           0x20000000         0x00010000         rw
*default*        0x00000000         0xffffffff

Linker script and memory map

LOAD ./Project_Settings/Startup_Code/kinetis_sysinit.o
LOAD ./Project_Settings/Startup_Code/__arm_start.o
LOAD ./Project_Settings/Startup_Code/__arm_end.o
LOAD ./Sources/util.o
LOAD ./Sources/univio.o
LOAD ./Sources/uartNL.o
LOAD ./Sources/uart.o
LOAD ./Sources/simpleshell.o
LOAD ./Sources/pushbutton.o
LOAD ./Sources/mymalloc.o
LOAD ./Sources/myerror.o
LOAD ./Sources/microSD.o
LOAD ./Sources/main.o
LOAD ./Sources/led.o
LOAD ./Sources/fsInfo.o
LOAD ./Sources/devices.o
LOAD ./Sources/delay.o
LOAD ./Sources/bootSector.o
LOAD ./Sources/SDHC_FAT32_Files.o
LOAD ./Sources/FAT.o
                0x1fff4ce4                __pformatter = __pformatter_
                [0x1fff50dc]                __sformatter = __sformatter
START GROUP
LOAD C:/Freescale/CW MCU v10.6/MCU/ARM_GCC_Support/ewl/lib/armv7e-m/fpu\libc.a
LOAD C:/Freescale/CW MCU v10.6/MCU/ARM_GCC_Support/ewl/lib/armv7e-m/fpu\libm.a
LOAD c:/freescale/cw mcu v10.6/cross_tools/arm-none-eabi-gcc-4_7_3/bin/../lib/gcc/arm-none-eabi/4.7.3/armv7e-m/fpu\libgcc.a
LOAD C:/Freescale/CW MCU v10.6/MCU/ARM_GCC_Support/ewl/lib/armv7e-m/fpu\librt.a
LOAD C:/Freescale/CW MCU v10.6/MCU/ARM_GCC_Support/ewl/lib/armv7e-m/fpu\libhosted.a
END GROUP
                0x20010000                _estack = 0x20010000
                0x20010000                __SP_INIT = _estack
                0x00000800                __heap_size = 0x800
                0x00000800                __stack_size = 0x800

.interrupts     0x1fff0000      0x1e8
                0x1fff0000                __vector_table = .
                0x1fff0000                . = ALIGN (0x4)
 *(.vectortable)
 .vectortable   0x1fff0000      0x1e8 ./Project_Settings/Startup_Code/kinetis_sysinit.o
                0x1fff0000                InterruptVector
                0x1fff01e8                . = ALIGN (0x4)

.text           0x1fff01e8     0x6a0c
                0x1fff01e8                . = ALIGN (0x4)
 *(.text)
 *(.text*)
 .text.Default_Handler
                0x1fff01e8        0xc ./Project_Settings/Startup_Code/kinetis_sysinit.o
                0x1fff01e8                HardFault_Handler
                0x1fff01e8                SysTick_Handler
                0x1fff01e8                PendSV_Handler
                0x1fff01e8                NMI_Handler
                0x1fff01e8                UsageFault_Handler
                0x1fff01e8                Default_Handler
                0x1fff01e8                MemManage_Handler
                0x1fff01e8                SVC_Handler
                0x1fff01e8                BusFault_Handler
                0x1fff01e8                DebugMonitor_Handler
 .text.__init_hardware
                0x1fff01f4       0x44 ./Project_Settings/Startup_Code/kinetis_sysinit.o
                0x1fff01f4                __init_hardware
 .text.zero_fill_bss
                0x1fff0238       0x2c ./Project_Settings/Startup_Code/__arm_start.o
 .text.__thumb_startup
                0x1fff0264       0x38 ./Project_Settings/Startup_Code/__arm_start.o
                0x1fff0264                __thumb_startup
 .text._ExitProcess
                0x1fff029c       0x10 ./Project_Settings/Startup_Code/__arm_end.o
                0x1fff029c                _ExitProcess
 .text.myfopen  0x1fff02ac       0xb8 ./Sources/univio.o
                0x1fff02ac                myfopen
 .text.add_device_to_PCB
                0x1fff0364       0x88 ./Sources/univio.o
                0x1fff0364                add_device_to_PCB
 .text.check_dev_table
                0x1fff03ec       0xb0 ./Sources/univio.o
                0x1fff03ec                check_dev_table
 .text.myfclose
                0x1fff049c       0x6c ./Sources/univio.o
                0x1fff049c                myfclose
 .text.remove_device_from_PCB
                0x1fff0508       0x3c ./Sources/univio.o
                0x1fff0508                remove_device_from_PCB
 .text.myfgetc  0x1fff0544       0xa0 ./Sources/univio.o
                0x1fff0544                myfgetc
 .text.pushb_fgetc
                0x1fff05e4       0x80 ./Sources/univio.o
                0x1fff05e4                pushb_fgetc
 .text.led_fgetc
                0x1fff0664       0x64 ./Sources/univio.o
                0x1fff0664                led_fgetc
 .text.myfputc  0x1fff06c8       0x84 ./Sources/univio.o
                0x1fff06c8                myfputc
 .text.led_fputc
                0x1fff074c       0x64 ./Sources/univio.o
                0x1fff074c                led_fputc
 .text.mycreate
                0x1fff07b0       0x70 ./Sources/univio.o
                0x1fff07b0                mycreate
 .text.mydelete
                0x1fff0820       0x70 ./Sources/univio.o
                0x1fff0820                mydelete
 .text.myseek   0x1fff0890       0x60 ./Sources/univio.o
                0x1fff0890                myseek
 .text.uartPutsNL
                0x1fff08f0       0x44 ./Sources/uartNL.o
                0x1fff08f0                uartPutsNL
 .text.uartInit
                0x1fff0934      0x320 ./Sources/uart.o
                0x1fff0934                uartInit
 .text.uartGetchar
                0x1fff0c54       0x2c ./Sources/uart.o
                0x1fff0c54                uartGetchar
 .text.uartPutchar
                0x1fff0c80       0x2c ./Sources/uart.o
                0x1fff0c80                uartPutchar
 .text.uartGetcharPresent
                0x1fff0cac       0x28 ./Sources/uart.o
                0x1fff0cac                uartGetcharPresent
 .text.escape_char
                0x1fff0cd4       0x98 ./Sources/simpleshell.o
                0x1fff0cd4                escape_char
 .text.get_string
                0x1fff0d6c      0x1cc ./Sources/simpleshell.o
                0x1fff0d6c                get_string
 .text.cmd_echo
                0x1fff0f38       0x98 ./Sources/simpleshell.o
                0x1fff0f38                cmd_echo
 .text.cmd_exit
                0x1fff0fd0       0x88 ./Sources/simpleshell.o
                0x1fff0fd0                cmd_exit
 .text.cmd_help
                0x1fff1058       0x38 ./Sources/simpleshell.o
                0x1fff1058                cmd_help
 .text.cmd_date
                0x1fff1090       0x28 ./Sources/simpleshell.o
                0x1fff1090                cmd_date
 .text.cmd_clockdate
                0x1fff10b8       0x28 ./Sources/simpleshell.o
                0x1fff10b8                cmd_clockdate
 .text.cmd_malloc
                0x1fff10e0       0x88 ./Sources/simpleshell.o
                0x1fff10e0                cmd_malloc
 .text.cmd_free
                0x1fff1168       0x68 ./Sources/simpleshell.o
                0x1fff1168                cmd_free
 .text.cmd_memorymap
                0x1fff11d0       0x48 ./Sources/simpleshell.o
                0x1fff11d0                cmd_memorymap
 .text.cmd_memset
                0x1fff1218       0xcc ./Sources/simpleshell.o
                0x1fff1218                cmd_memset
 .text.cmd_memchk
                0x1fff12e4       0xec ./Sources/simpleshell.o
                0x1fff12e4                cmd_memchk
 .text.cmd_fopen
                0x1fff13d0       0x90 ./Sources/simpleshell.o
                0x1fff13d0                cmd_fopen
 .text.cmd_fclose
                0x1fff1460       0x5c ./Sources/simpleshell.o
                0x1fff1460                cmd_fclose
 .text.cmd_create
                0x1fff14bc       0x30 ./Sources/simpleshell.o
                0x1fff14bc                cmd_create
 .text.cmd_delete
                0x1fff14ec       0x30 ./Sources/simpleshell.o
                0x1fff14ec                cmd_delete
 .text.cmd_fgetc
                0x1fff151c       0x60 ./Sources/simpleshell.o
                0x1fff151c                cmd_fgetc
 .text.cmd_fgets
                0x1fff157c       0x18 ./Sources/simpleshell.o
                0x1fff157c                cmd_fgets
 .text.cmd_fputc
                0x1fff1594       0x84 ./Sources/simpleshell.o
                0x1fff1594                cmd_fputc
 .text.cmd_fputs
                0x1fff1618       0x18 ./Sources/simpleshell.o
                0x1fff1618                cmd_fputs
 .text.cmd_seek
                0x1fff1630       0x90 ./Sources/simpleshell.o
                0x1fff1630                cmd_seek
 .text.shell    0x1fff16c0      0x300 ./Sources/simpleshell.o
                0x1fff16c0                shell
 .text.check_digit
                0x1fff19c0       0x2c ./Sources/simpleshell.o
                0x1fff19c0                check_digit
 .text.check_hex
                0x1fff19ec       0x50 ./Sources/simpleshell.o
                0x1fff19ec                check_hex
 .text.check_overflow
                0x1fff1a3c       0x20 ./Sources/simpleshell.o
                0x1fff1a3c                check_overflow
 .text.check_digit_all
                0x1fff1a5c       0x50 ./Sources/simpleshell.o
                0x1fff1a5c                check_digit_all
 .text.check_hex_all
                0x1fff1aac       0x50 ./Sources/simpleshell.o
                0x1fff1aac                check_hex_all
 .text.hex_dec_oct
                0x1fff1afc       0xb8 ./Sources/simpleshell.o
                0x1fff1afc                hex_dec_oct
 .text.pushbuttonInitAll
                0x1fff1bb4       0x38 ./Sources/pushbutton.o
                0x1fff1bb4                pushbuttonInitAll
 .text.pushbuttonSW1Config
                0x1fff1bec       0x18 ./Sources/pushbutton.o
                0x1fff1bec                pushbuttonSW1Config
 .text.pushbuttonSW2Config
                0x1fff1c04       0x18 ./Sources/pushbutton.o
                0x1fff1c04                pushbuttonSW2Config
 .text.sw1In    0x1fff1c1c       0x30 ./Sources/pushbutton.o
                0x1fff1c1c                sw1In
 .text.sw2In    0x1fff1c4c       0x30 ./Sources/pushbutton.o
                0x1fff1c4c                sw2In
 .text.round_size
                0x1fff1c7c       0x48 ./Sources/mymalloc.o
                0x1fff1c7c                round_size
 .text.init_struct
                0x1fff1cc4       0x80 ./Sources/mymalloc.o
                0x1fff1cc4                init_struct
 .text.subdivide
                0x1fff1d44       0xa4 ./Sources/mymalloc.o
                0x1fff1d44                subdivide
 .text.first_fit
                0x1fff1de8       0x68 ./Sources/mymalloc.o
                0x1fff1de8                first_fit
 .text.compact_prev
                0x1fff1e50       0x70 ./Sources/mymalloc.o
                0x1fff1e50                compact_prev
 .text.compact_next
                0x1fff1ec0       0x88 ./Sources/mymalloc.o
                0x1fff1ec0                compact_next
 .text.getCurrentPid
                0x1fff1f48       0x18 ./Sources/mymalloc.o
                0x1fff1f48                getCurrentPid
 .text.walk_struct
                0x1fff1f60       0x30 ./Sources/mymalloc.o
                0x1fff1f60                walk_struct
 .text.memoryMap
                0x1fff1f90      0x160 ./Sources/mymalloc.o
                0x1fff1f90                memoryMap
 .text.bounds   0x1fff20f0      0x100 ./Sources/mymalloc.o
                0x1fff20f0                bounds
 .text.free_match
                0x1fff21f0       0xb8 ./Sources/mymalloc.o
                0x1fff21f0                free_match
 .text.insert_at_tail
                0x1fff22a8       0x40 ./Sources/mymalloc.o
                0x1fff22a8                insert_at_tail
 .text.myMalloc
                0x1fff22e8       0x90 ./Sources/mymalloc.o
                0x1fff22e8                myMalloc
 .text.myFreeErrorCode
                0x1fff2378       0x50 ./Sources/mymalloc.o
                0x1fff2378                myFreeErrorCode
 .text.myFree   0x1fff23c8       0x18 ./Sources/mymalloc.o
                0x1fff23c8                myFree
 .text.error_checker
                0x1fff23e0      0x110 ./Sources/myerror.o
                0x1fff23e0                error_checker
 .text.sdhc_command
                0x1fff24f0      0x148 ./Sources/microSD.o
 .text.sdhc_read_single_block
                0x1fff2638       0x9c ./Sources/microSD.o
                0x1fff2638                sdhc_read_single_block
 .text.sdhc_write_single_block
                0x1fff26d4       0x9c ./Sources/microSD.o
                0x1fff26d4                sdhc_write_single_block
 .text.main     0x1fff2770       0x10 ./Sources/main.o
                0x1fff2770                main
 .text.ledInitAll
                0x1fff2780       0x50 ./Sources/led.o
                0x1fff2780                ledInitAll
 .text.ledOrangeConfig
                0x1fff27d0       0x30 ./Sources/led.o
                0x1fff27d0                ledOrangeConfig
 .text.ledYellowConfig
                0x1fff2800       0x30 ./Sources/led.o
                0x1fff2800                ledYellowConfig
 .text.ledGreenConfig
                0x1fff2830       0x30 ./Sources/led.o
                0x1fff2830                ledGreenConfig
 .text.ledBlueConfig
                0x1fff2860       0x30 ./Sources/led.o
                0x1fff2860                ledBlueConfig
 .text.ledOrangeOff
                0x1fff2890       0x18 ./Sources/led.o
                0x1fff2890                ledOrangeOff
 .text.ledYellowOff
                0x1fff28a8       0x18 ./Sources/led.o
                0x1fff28a8                ledYellowOff
 .text.ledGreenOff
                0x1fff28c0       0x18 ./Sources/led.o
                0x1fff28c0                ledGreenOff
 .text.ledBlueOff
                0x1fff28d8       0x18 ./Sources/led.o
                0x1fff28d8                ledBlueOff
 .text.ledOrangeOn
                0x1fff28f0       0x18 ./Sources/led.o
                0x1fff28f0                ledOrangeOn
 .text.ledYellowOn
                0x1fff2908       0x18 ./Sources/led.o
                0x1fff2908                ledYellowOn
 .text.ledBlueOn
                0x1fff2920       0x18 ./Sources/led.o
                0x1fff2920                ledBlueOn
 .text.uart_init
                0x1fff2938       0x4c ./Sources/devices.o
                0x1fff2938                uart_init
 .text.delay    0x1fff2984       0x34 ./Sources/delay.o
                0x1fff2984                delay
                0x1fff29ae                asmDelay
 .text.first_sector_of_cluster
                0x1fff29b8       0x34 ./Sources/bootSector.o
                0x1fff29b8                first_sector_of_cluster
 .text.write_cache
                0x1fff29ec       0x74 ./Sources/SDHC_FAT32_Files.o
                0x1fff29ec                write_cache
 .text.dir_get_cwd
                0x1fff2a60       0x60 ./Sources/SDHC_FAT32_Files.o
                0x1fff2a60                dir_get_cwd
 .text.dir_ls   0x1fff2ac0       0x84 ./Sources/SDHC_FAT32_Files.o
                0x1fff2ac0                dir_ls
 .text.read_all
                0x1fff2b44      0x144 ./Sources/SDHC_FAT32_Files.o
                0x1fff2b44                read_all
 .text.dir_read_sector_search
                0x1fff2c88      0x298 ./Sources/SDHC_FAT32_Files.o
                0x1fff2c88                dir_read_sector_search
 .text.load_cache
                0x1fff2f20       0x80 ./Sources/SDHC_FAT32_Files.o
                0x1fff2f20                load_cache
 .text.dir_find_file
                0x1fff2fa0       0xb4 ./Sources/SDHC_FAT32_Files.o
                0x1fff2fa0                dir_find_file
 .text.dir_create_file
                0x1fff3054       0xd8 ./Sources/SDHC_FAT32_Files.o
                0x1fff3054                dir_create_file
 .text.dir_extend_dir
                0x1fff312c      0x2b0 ./Sources/SDHC_FAT32_Files.o
                0x1fff312c                dir_extend_dir
 .text.dir_set_attr_newfile
                0x1fff33dc       0xf8 ./Sources/SDHC_FAT32_Files.o
                0x1fff33dc                dir_set_attr_newfile
 .text.dir_set_attr_firstwrite
                0x1fff34d4       0x38 ./Sources/SDHC_FAT32_Files.o
                0x1fff34d4                dir_set_attr_firstwrite
 .text.dir_set_attr_postwrite
                0x1fff350c       0x20 ./Sources/SDHC_FAT32_Files.o
                0x1fff350c                dir_set_attr_postwrite
 .text.filename_verify
                0x1fff352c       0xa8 ./Sources/SDHC_FAT32_Files.o
                0x1fff352c                filename_verify
 .text.find_free_cluster
                0x1fff35d4       0xb4 ./Sources/SDHC_FAT32_Files.o
                0x1fff35d4                find_free_cluster
 .text.dir_delete_file
                0x1fff3688       0xdc ./Sources/SDHC_FAT32_Files.o
                0x1fff3688                dir_delete_file
 .text.file_open
                0x1fff3764       0x80 ./Sources/SDHC_FAT32_Files.o
                0x1fff3764                file_open
 .text.find_open_stream
                0x1fff37e4       0x64 ./Sources/SDHC_FAT32_Files.o
                0x1fff37e4                find_open_stream
 .text.find_curr_stream
                0x1fff3848       0x50 ./Sources/SDHC_FAT32_Files.o
                0x1fff3848                find_curr_stream
 .text.file_close
                0x1fff3898       0x6c ./Sources/SDHC_FAT32_Files.o
                0x1fff3898                file_close
 .text.file_getbuf
                0x1fff3904      0x2b8 ./Sources/SDHC_FAT32_Files.o
                0x1fff3904                file_getbuf
 .text.curr_sector_from_offset
                0x1fff3bbc       0xa4 ./Sources/SDHC_FAT32_Files.o
                0x1fff3bbc                curr_sector_from_offset
 .text.file_putbuf
                0x1fff3c60      0x614 ./Sources/SDHC_FAT32_Files.o
                0x1fff3c60                file_putbuf
 .text.find_and_assign_clusters
                0x1fff4274       0x58 ./Sources/SDHC_FAT32_Files.o
                0x1fff4274                find_and_assign_clusters
 .text.file_set_cursor
                0x1fff42cc       0x54 ./Sources/SDHC_FAT32_Files.o
                0x1fff42cc                file_set_cursor
 .text.determineEndianness
                0x1fff4320       0x54 ./Sources/FAT.o
 .text.read_FAT_entry
                0x1fff4374       0xe8 ./Sources/FAT.o
                0x1fff4374                read_FAT_entry
 .text.write_FAT_entry
                0x1fff445c      0x134 ./Sources/FAT.o
                0x1fff445c                write_FAT_entry
 .text.read_FAT
                0x1fff4590       0xf4 ./Sources/FAT.o
 .text.write_FAT
                0x1fff4684      0x19c ./Sources/FAT.o
 .text.printf   0x1fff4820       0x2c C:/Freescale/CW MCU v10.6/MCU/ARM_GCC_Support/ewl/lib/armv7e-m/fpu\libc.a(printf.o)
                0x1fff4820                printf
 .text.puts     0x1fff484c       0x50 C:/Freescale/CW MCU v10.6/MCU/ARM_GCC_Support/ewl/lib/armv7e-m/fpu\libc.a(puts.o)
                0x1fff484c                puts
 .text.snprintf
                0x1fff489c       0x18 C:/Freescale/CW MCU v10.6/MCU/ARM_GCC_Support/ewl/lib/armv7e-m/fpu\libc.a(snprintf.o)
                0x1fff489c                snprintf
 .text.sprintf  0x1fff48b4       0x1c C:/Freescale/CW MCU v10.6/MCU/ARM_GCC_Support/ewl/lib/armv7e-m/fpu\libc.a(sprintf.o)
                0x1fff48b4                sprintf
 .text.__StringWrite
                0x1fff48d0       0x2a C:/Freescale/CW MCU v10.6/MCU/ARM_GCC_Support/ewl/lib/armv7e-m/fpu\libc.a(vsnprintf.o)
                0x1fff48d0                __StringWrite
 *fill*         0x1fff48fa        0x2 00
 .text.vsnprintf
                0x1fff48fc       0x34 C:/Freescale/CW MCU v10.6/MCU/ARM_GCC_Support/ewl/lib/armv7e-m/fpu\libc.a(vsnprintf.o)
                0x1fff48fc                vsnprintf
 .text.sbrk     0x1fff4930       0x28 C:/Freescale/CW MCU v10.6/MCU/ARM_GCC_Support/ewl/lib/armv7e-m/fpu\libc.a(alloc.o)
                0x1fff4930                sbrk
 .text.malloc   0x1fff4958      0x104 C:/Freescale/CW MCU v10.6/MCU/ARM_GCC_Support/ewl/lib/armv7e-m/fpu\libc.a(alloc.o)
                0x1fff4958                malloc
 .text.free     0x1fff4a5c       0x10 C:/Freescale/CW MCU v10.6/MCU/ARM_GCC_Support/ewl/lib/armv7e-m/fpu\libc.a(alloc.o)
                0x1fff4a5c                free
 .text.exit     0x1fff4a6c       0x38 C:/Freescale/CW MCU v10.6/MCU/ARM_GCC_Support/ewl/lib/armv7e-m/fpu\libc.a(exit.o)
                0x1fff4a6c                exit
 .text.strtoul  0x1fff4aa4       0x58 C:/Freescale/CW MCU v10.6/MCU/ARM_GCC_Support/ewl/lib/armv7e-m/fpu\libc.a(strtoul.o)
                0x1fff4aa4                strtoul
 .text.memcpy   0x1fff4afc       0x12 C:/Freescale/CW MCU v10.6/MCU/ARM_GCC_Support/ewl/lib/armv7e-m/fpu\libc.a(memcpy.o)
                0x1fff4afc                memcpy
 .text.memset   0x1fff4b0e        0xc C:/Freescale/CW MCU v10.6/MCU/ARM_GCC_Support/ewl/lib/armv7e-m/fpu\libc.a(memset.o)
                0x1fff4b0e                memset
 .text.strlen   0x1fff4b1a       0x10 C:/Freescale/CW MCU v10.6/MCU/ARM_GCC_Support/ewl/lib/armv7e-m/fpu\libc.a(strlen.o)
                0x1fff4b1a                strlen
 .text.strncmp  0x1fff4b2a       0x22 C:/Freescale/CW MCU v10.6/MCU/ARM_GCC_Support/ewl/lib/armv7e-m/fpu\libc.a(strncmp.o)
                0x1fff4b2a                strncmp
 .text.long2str.isra.0
                0x1fff4b4c      0x196 C:/Freescale/CW MCU v10.6/MCU/ARM_GCC_Support/ewl/lib/armv7e-m/fpu\libc.a(printformat_.o)
 *fill*         0x1fff4ce2        0x2 00
 .text.__pformatter_
                0x1fff4ce4      0x3f8 C:/Freescale/CW MCU v10.6/MCU/ARM_GCC_Support/ewl/lib/armv7e-m/fpu\libc.a(printformat_.o)
                0x1fff4ce4                __pformatter_
 .text.__sformatter
                0x1fff50dc      0x6f4 C:/Freescale/CW MCU v10.6/MCU/ARM_GCC_Support/ewl/lib/armv7e-m/fpu\libc.a(scanformat_.o)
                0x1fff50dc                __sformatter
 .text.isalpha  0x1fff57d0       0x1c C:/Freescale/CW MCU v10.6/MCU/ARM_GCC_Support/ewl/lib/armv7e-m/fpu\libc.a(ctype_aeabi.o)
                0x1fff57d0                isalpha
 .text.isspace  0x1fff57ec       0x1c C:/Freescale/CW MCU v10.6/MCU/ARM_GCC_Support/ewl/lib/armv7e-m/fpu\libc.a(ctype_aeabi.o)
                0x1fff57ec                isspace
 .text.toupper  0x1fff5808        0xc C:/Freescale/CW MCU v10.6/MCU/ARM_GCC_Support/ewl/lib/armv7e-m/fpu\libc.a(ctype_aeabi.o)
                0x1fff5808                toupper
 .text.__put_char
                0x1fff5814       0x8c C:/Freescale/CW MCU v10.6/MCU/ARM_GCC_Support/ewl/lib/armv7e-m/fpu\libc.a(__putchar.o)
                0x1fff5814                __put_char
 .text.__fwrite
                0x1fff58a0      0x158 C:/Freescale/CW MCU v10.6/MCU/ARM_GCC_Support/ewl/lib/armv7e-m/fpu\libc.a(fwrite.o)
                0x1fff58a0                __fwrite
 .text.__FileWrite
                0x1fff59f8       0x1a C:/Freescale/CW MCU v10.6/MCU/ARM_GCC_Support/ewl/lib/armv7e-m/fpu\libc.a(fwrite.o)
                0x1fff59f8                __FileWrite
 .text.__StringRead
                0x1fff5a12       0x38 C:/Freescale/CW MCU v10.6/MCU/ARM_GCC_Support/ewl/lib/armv7e-m/fpu\libc.a(vsscanf.o)
                0x1fff5a12                __StringRead
 *fill*         0x1fff5a4a        0x2 00
 .text.__strtoul
                0x1fff5a4c      0x214 C:/Freescale/CW MCU v10.6/MCU/ARM_GCC_Support/ewl/lib/armv7e-m/fpu\libc.a(__strtoul.o)
                0x1fff5a4c                __strtoul
 .text.__fill_mem
                0x1fff5c60       0x76 C:/Freescale/CW MCU v10.6/MCU/ARM_GCC_Support/ewl/lib/armv7e-m/fpu\libc.a(__filll_mem.o)
                0x1fff5c60                __fill_mem
 .text.__memrchr
                0x1fff5cd6       0x1c C:/Freescale/CW MCU v10.6/MCU/ARM_GCC_Support/ewl/lib/armv7e-m/fpu\libc.a(__memrchr.o)
                0x1fff5cd6                __memrchr
 .text.memchr   0x1fff5cf2       0x18 C:/Freescale/CW MCU v10.6/MCU/ARM_GCC_Support/ewl/lib/armv7e-m/fpu\libc.a(memchr.o)
                0x1fff5cf2                memchr
 .text.strchr   0x1fff5d0a       0x1a C:/Freescale/CW MCU v10.6/MCU/ARM_GCC_Support/ewl/lib/armv7e-m/fpu\libc.a(strchr.o)
                0x1fff5d0a                strchr
 .text.__prep_buffer
                0x1fff5d24       0x16 C:/Freescale/CW MCU v10.6/MCU/ARM_GCC_Support/ewl/lib/armv7e-m/fpu\libc.a(__buffer_io.o)
                0x1fff5d24                __prep_buffer
 .text.__flush_buffer
                0x1fff5d3a       0x36 C:/Freescale/CW MCU v10.6/MCU/ARM_GCC_Support/ewl/lib/armv7e-m/fpu\libc.a(__buffer_io.o)
                0x1fff5d3a                __flush_buffer
 .text.__init_cpp
                0x1fff5d70       0x4c C:/Freescale/CW MCU v10.6/MCU/ARM_GCC_Support/ewl/lib/armv7e-m/fpu\librt.a(gcc_ctor_dtor.o)
                0x1fff5d70                __init_cpp
 .text.__fini_cpp
                0x1fff5dbc       0x34 C:/Freescale/CW MCU v10.6/MCU/ARM_GCC_Support/ewl/lib/armv7e-m/fpu\librt.a(gcc_ctor_dtor.o)
                0x1fff5dbc                __fini_cpp
 .text.__copy_rom_section
                0x1fff5df0       0x44 C:/Freescale/CW MCU v10.6/MCU/ARM_GCC_Support/ewl/lib/armv7e-m/fpu\librt.a(ROMCopy.o)
                0x1fff5df0                __copy_rom_section
 .text.__copy_rom_sections_to_ram
                0x1fff5e34       0x30 C:/Freescale/CW MCU v10.6/MCU/ARM_GCC_Support/ewl/lib/armv7e-m/fpu\librt.a(ROMCopy.o)
                0x1fff5e34                __copy_rom_sections_to_ram
 .text.__destroy_global_chain
                0x1fff5e64       0x18 C:/Freescale/CW MCU v10.6/MCU/ARM_GCC_Support/ewl/lib/armv7e-m/fpu\librt.a(__arm_eabi_init.o)
                0x1fff5e64                __destroy_global_chain
 .text.__init_registers
                0x1fff5e7c       0x24 C:/Freescale/CW MCU v10.6/MCU/ARM_GCC_Support/ewl/lib/armv7e-m/fpu\librt.a(__arm_eabi_init.o)
                0x1fff5e7c                __init_registers
 .text.__fp_init
                0x1fff5ea0       0x1c C:/Freescale/CW MCU v10.6/MCU/ARM_GCC_Support/ewl/lib/armv7e-m/fpu\librt.a(__arm_eabi_init.o)
                0x1fff5ea0                __fp_init
 .text.__init_user
                0x1fff5ebc        0x4 C:/Freescale/CW MCU v10.6/MCU/ARM_GCC_Support/ewl/lib/armv7e-m/fpu\librt.a(__arm_eabi_init.o)
                0x1fff5ebc                __init_user
 .text.sys_writec
                0x1fff5ec0        0xe C:/Freescale/CW MCU v10.6/MCU/ARM_GCC_Support/ewl/lib/armv7e-m/fpu\libhosted.a(semihosted_console_io.o)
                0x1fff5ec0                sys_writec
 .text.sys_readc
                0x1fff5ece       0x10 C:/Freescale/CW MCU v10.6/MCU/ARM_GCC_Support/ewl/lib/armv7e-m/fpu\libhosted.a(semihosted_console_io.o)
                0x1fff5ece                sys_readc
 *fill*         0x1fff5ede        0x2 00
 .text.sys_exit
                0x1fff5ee0       0x20 C:/Freescale/CW MCU v10.6/MCU/ARM_GCC_Support/ewl/lib/armv7e-m/fpu\libhosted.a(semihosted_console_io.o)
                0x1fff5ee0                sys_exit
 .text.__read_console
                0x1fff5f00       0x1a C:/Freescale/CW MCU v10.6/MCU/ARM_GCC_Support/ewl/lib/armv7e-m/fpu\libhosted.a(semihosted_console_io.o)
                0x1fff5f00                __read_console
 .text.__write_console
                0x1fff5f1a       0x1a C:/Freescale/CW MCU v10.6/MCU/ARM_GCC_Support/ewl/lib/armv7e-m/fpu\libhosted.a(semihosted_console_io.o)
                0x1fff5f1a                __write_console
 .text.__close_console
                0x1fff5f34        0x4 C:/Freescale/CW MCU v10.6/MCU/ARM_GCC_Support/ewl/lib/armv7e-m/fpu\libhosted.a(semihosted_console_io.o)
                0x1fff5f34                __close_console
 .text.sys_open
                0x1fff5f38        0xe C:/Freescale/CW MCU v10.6/MCU/ARM_GCC_Support/ewl/lib/armv7e-m/fpu\libhosted.a(semihosted_file_io.o)
                0x1fff5f38                sys_open
 *fill*         0x1fff5f46        0x2 00
 .text.__open_file
                0x1fff5f48       0x68 C:/Freescale/CW MCU v10.6/MCU/ARM_GCC_Support/ewl/lib/armv7e-m/fpu\libhosted.a(semihosted_file_io.o)
                0x1fff5f48                __open_file
 .text.open     0x1fff5fb0       0x7a C:/Freescale/CW MCU v10.6/MCU/ARM_GCC_Support/ewl/lib/armv7e-m/fpu\libhosted.a(semihosted_file_io.o)
                0x1fff5fb0                open
 .text.sys_write
                0x1fff602a        0xe C:/Freescale/CW MCU v10.6/MCU/ARM_GCC_Support/ewl/lib/armv7e-m/fpu\libhosted.a(semihosted_file_io.o)
                0x1fff602a                sys_write
 .text.__write_file
                0x1fff6038       0x1c C:/Freescale/CW MCU v10.6/MCU/ARM_GCC_Support/ewl/lib/armv7e-m/fpu\libhosted.a(semihosted_file_io.o)
                0x1fff6038                __write_file
 .text.sys_read
                0x1fff6054        0xe C:/Freescale/CW MCU v10.6/MCU/ARM_GCC_Support/ewl/lib/armv7e-m/fpu\libhosted.a(semihosted_file_io.o)
                0x1fff6054                sys_read
 .text.__read_file
                0x1fff6062       0x34 C:/Freescale/CW MCU v10.6/MCU/ARM_GCC_Support/ewl/lib/armv7e-m/fpu\libhosted.a(semihosted_file_io.o)
                0x1fff6062                __read_file
 *fill*         0x1fff6096        0x2 00
 .text.__init_semihost
                0x1fff6098       0x20 C:/Freescale/CW MCU v10.6/MCU/ARM_GCC_Support/ewl/lib/armv7e-m/fpu\libhosted.a(semihosted_file_io.o)
                0x1fff6098                __init_semihost
 *(.rodata)
 .rodata        0x1fff60b8       0x84 ./Sources/univio.o
 .rodata        0x1fff613c      0x470 ./Sources/simpleshell.o
 .rodata        0x1fff65ac       0xd0 ./Sources/mymalloc.o
 .rodata        0x1fff667c      0x228 ./Sources/myerror.o
 .rodata        0x1fff68a4       0x10 ./Sources/devices.o
 .rodata        0x1fff68b4      0x228 ./Sources/SDHC_FAT32_Files.o
 *(.rodata*)
 .rodata.str1.1
                0x00000000        0x0 C:/Freescale/CW MCU v10.6/MCU/ARM_GCC_Support/ewl/lib/armv7e-m/fpu\libc.a(printformat_.o)
                                  0x1 (size before relaxing)
 .rodata.CSWTCH.20
                0x1fff6adc        0x5 C:/Freescale/CW MCU v10.6/MCU/ARM_GCC_Support/ewl/lib/armv7e-m/fpu\libc.a(printformat_.o)
 .rodata.CSWTCH.21
                0x1fff6ae1        0x5 C:/Freescale/CW MCU v10.6/MCU/ARM_GCC_Support/ewl/lib/armv7e-m/fpu\libc.a(printformat_.o)
 .rodata.__aeabi_ctype_table_C
                0x1fff6ae6      0x101 C:/Freescale/CW MCU v10.6/MCU/ARM_GCC_Support/ewl/lib/armv7e-m/fpu\libc.a(ctype_aeabi.o)
                0x1fff6ae6                __aeabi_ctype_table_C
 .rodata.str1.1
                0x1fff6be7        0x4 C:/Freescale/CW MCU v10.6/MCU/ARM_GCC_Support/ewl/lib/armv7e-m/fpu\libhosted.a(semihosted_file_io.o)
 .rodata.CSWTCH.26
                0x1fff6beb        0x2 C:/Freescale/CW MCU v10.6/MCU/ARM_GCC_Support/ewl/lib/armv7e-m/fpu\libhosted.a(semihosted_file_io.o)
 .rodata.CSWTCH.28
                0x1fff6bed        0x5 C:/Freescale/CW MCU v10.6/MCU/ARM_GCC_Support/ewl/lib/armv7e-m/fpu\libhosted.a(semihosted_file_io.o)
 *(.glue_7)
 .glue_7        0x00000000        0x0 linker stubs
 *(.glue_7t)
 .glue_7t       0x00000000        0x0 linker stubs
 *(.eh_frame)
 *(.init)
 *(.fini)
                0x1fff6bf4                . = ALIGN (0x4)
 *fill*         0x1fff6bf2        0x2 00
                0x1fff6bf4                _etext = .

.vfp11_veneer   0x1fff6bf4        0x0
 .vfp11_veneer  0x00000000        0x0 linker stubs

.v4_bx          0x1fff6bf4        0x0
 .v4_bx         0x00000000        0x0 linker stubs

.iplt           0x1fff6bf4        0x0
 .iplt          0x00000000        0x0 ./Project_Settings/Startup_Code/kinetis_sysinit.o

.rel.dyn        0x1fff6bf4        0x0
 .rel.iplt      0x00000000        0x0 ./Project_Settings/Startup_Code/kinetis_sysinit.o

.ARM.extab
 *(.ARM.extab* .gnu.linkonce.armextab.*)

.ARM            0x1fff6bf4        0x0
                0x1fff6bf4                __exidx_start = .
 *(.ARM.exidx*)
                0x1fff6bf4                __exidx_end = .

.ctors          0x1fff6bf4        0x0
                0x1fff6bf4                __CTOR_LIST__ = .
 *crtbegin.o(.ctors)
 *(EXCLUDE_FILE(*crtend.o) .ctors)
 *(SORT(.ctors.*))
 *(.ctors)
                0x1fff6bf4                __CTOR_END__ = .

.dtors          0x1fff6bf4        0x0
                0x1fff6bf4                __DTOR_LIST__ = .
 *crtbegin.o(.dtors)
 *(EXCLUDE_FILE(*crtend.o) .dtors)
 *(SORT(.dtors.*))
 *(.dtors)
                0x1fff6bf4                __DTOR_END__ = .

.preinit_array  0x1fff6bf4        0x0
                0x1fff6bf4                PROVIDE (__preinit_array_start, .)
 *(.preinit_array*)
                0x1fff6bf4                PROVIDE (__preinit_array_end, .)

.init_array     0x1fff6bf4        0x0
                0x1fff6bf4                PROVIDE (__init_array_start, .)
 *(SORT(.init_array.*))
 *(.init_array*)
                0x1fff6bf4                PROVIDE (__init_array_end, .)

.fini_array     0x1fff6bf4        0x0
                0x1fff6bf4                PROVIDE (__fini_array_start, .)
 *(SORT(.fini_array.*))
 *(.fini_array*)
                0x1fff6bf4                PROVIDE (__fini_array_end, .)

.data           0x20000000      0x640
                0x20000000                . = ALIGN (0x4)
                0x20000000                _sdata = .
 *(.data)
 *(.data*)
 .data.escapechars
                0x20000000       0x50 ./Sources/simpleshell.o
                0x20000000                escapechars
 .data.commands
                0x20000050       0x98 ./Sources/simpleshell.o
                0x20000050                commands
 .data.errordesc
                0x200000e8       0x78 ./Sources/myerror.o
                0x200000e8                errordesc
 .data.op_sys   0x20000160      0x408 ./Sources/devices.o
                0x20000160                op_sys
 .data.devTable
                0x20000568        0x4 ./Sources/devices.o
                0x20000568                devTable
 .data.currentPCB
                0x2000056c        0x4 ./Sources/SDHC_FAT32_Files.o
                0x2000056c                currentPCB
 .data.tail     0x20000570        0x4 C:/Freescale/CW MCU v10.6/MCU/ARM_GCC_Support/ewl/lib/armv7e-m/fpu\libc.a(alloc.o)
 .data.__files  0x20000574       0xcc C:/Freescale/CW MCU v10.6/MCU/ARM_GCC_Support/ewl/lib/armv7e-m/fpu\libc.a(ansi_files.o)
                0x20000574                __files
                0x20000640                . = ALIGN (0x4)
                0x20000640                _edata = .

.igot.plt       0x20000640        0x0
 .igot.plt      0x00000000        0x0 ./Project_Settings/Startup_Code/kinetis_sysinit.o
                0x20000640                . = ALIGN (0x4)

.bss            0x20000640      0x354
                0x20000640                __START_BSS = .
                0x20000640                PROVIDE (__bss_start__, __START_BSS)
 *(.bss)
 *(.bss*)
 .bss.argv      0x20000640        0x4 ./Project_Settings/Startup_Code/__arm_start.o
 .bss.pid       0x20000644        0x4 ./Sources/univio.o
 .bss.node_count
                0x20000648        0x4 ./Sources/mymalloc.o
 .bss.first     0x2000064c        0x4 ./Sources/mymalloc.o
                0x2000064c                first
 .bss.latest    0x20000650        0x4 ./Sources/SDHC_FAT32_Files.o
                0x20000650                latest
 .bss.unused    0x20000654        0x4 ./Sources/SDHC_FAT32_Files.o
                0x20000654                unused
 .bss.g_unusedSeek
                0x20000658        0x4 ./Sources/SDHC_FAT32_Files.o
 .bss.g_deleteFlag
                0x2000065c        0x4 ./Sources/SDHC_FAT32_Files.o
 .bss.g_numSector
                0x20000660        0x4 ./Sources/SDHC_FAT32_Files.o
 .bss.FAT_endiannessDetermined
                0x20000664        0x4 ./Sources/FAT.o
 .bss.FAT_endian
                0x20000668        0x1 ./Sources/FAT.o
 *fill*         0x20000669        0x3 00
 .bss.head      0x2000066c        0x4 C:/Freescale/CW MCU v10.6/MCU/ARM_GCC_Support/ewl/lib/armv7e-m/fpu\libc.a(alloc.o)
 .bss.heap_end.4347
                0x20000670        0x4 C:/Freescale/CW MCU v10.6/MCU/ARM_GCC_Support/ewl/lib/armv7e-m/fpu\libc.a(alloc.o)
 .bss.__stdio_exit
                0x20000674        0x4 C:/Freescale/CW MCU v10.6/MCU/ARM_GCC_Support/ewl/lib/armv7e-m/fpu\libc.a(exit.o)
                0x20000674                __stdio_exit
 .bss.__console_exit
                0x20000678        0x4 C:/Freescale/CW MCU v10.6/MCU/ARM_GCC_Support/ewl/lib/armv7e-m/fpu\libc.a(exit.o)
                0x20000678                __console_exit
 .bss.__S_romp  0x2000067c        0xc C:/Freescale/CW MCU v10.6/MCU/ARM_GCC_Support/ewl/lib/armv7e-m/fpu\librt.a(ROMCopy.o)
 .bss.__global_destructor_chain
                0x20000688        0x4 C:/Freescale/CW MCU v10.6/MCU/ARM_GCC_Support/ewl/lib/armv7e-m/fpu\librt.a(__arm_eabi_init.o)
                0x20000688                __global_destructor_chain
 *(COMMON)
 COMMON         0x2000068c        0xc ./Sources/microSD.o
                0x2000068c                FSI_Free_Count
                0x20000690                FSI_Nxt_Free
                0x20000694                file_structure_first_sector
 COMMON         0x20000698       0x21 ./Sources/bootSector.o
                0x20000698                bytes_per_sector
                0x2000069a                number_of_FATs
                0x2000069c                root_directory_cluster
                0x200006a0                first_FAT_sector
                0x200006a4                total_data_clusters
                0x200006a8                sectors_per_cluster
                0x200006ac                FSInfo_sector_number
                0x200006ae                BackupBootSector
                0x200006b0                first_data_sector
                0x200006b4                sectors_per_FAT
                0x200006b8                BPB_Media
 *fill*         0x200006b9        0x3 00
 COMMON         0x200006bc        0xc ./Sources/SDHC_FAT32_Files.o
                0x200006bc                MOUNT
                0x200006c0                card_status
                0x200006c4                latestSector
 COMMON         0x200006c8      0x208 ./Sources/FAT.o
                0x200006c8                FAT_sector
                0x200008c8                FAT_sector_valid
                0x200008cc                FAT_in_mem_0_origin_sector
 COMMON         0x200008d0        0x4 C:/Freescale/CW MCU v10.6/MCU/ARM_GCC_Support/ewl/lib/armv7e-m/fpu\libc.a(errno.o)
                0x200008d0                errno
 COMMON         0x200008d4       0xc0 C:/Freescale/CW MCU v10.6/MCU/ARM_GCC_Support/ewl/lib/armv7e-m/fpu\libc.a(ansi_files.o)
                0x200008d4                stdout_buff
                0x20000914                stdin_buff
                0x20000954                stderr_buff
                0x20000994                . = ALIGN (0x4)
                0x20000994                __END_BSS = .
                0x20000994                PROVIDE (__bss_end__, __END_BSS)

._user_heap_stack
                0x20000994     0x1000
                0x20000994                . = ALIGN (0x4)
                0x20000994                PROVIDE (end, .)
                0x20000994                PROVIDE (_end, .)
                0x20000994                __heap_addr = .
                0x20001194                . = (. + __heap_size)
 *fill*         0x20000994      0x800 00
                0x20001994                . = (. + __stack_size)
 *fill*         0x20001194      0x800 00
                0x20001994                . = ALIGN (0x4)
                0x00000000                __S_romp = 0x0

.ARM.attributes
                0x00000000       0x3b
 *(.ARM.attributes)
 .ARM.attributes
                0x00000000       0x3b ./Project_Settings/Startup_Code/kinetis_sysinit.o
 .ARM.attributes
                0x0000003b       0x3b ./Project_Settings/Startup_Code/__arm_start.o
 .ARM.attributes
                0x00000076       0x3b ./Project_Settings/Startup_Code/__arm_end.o
 .ARM.attributes
                0x000000b1       0x3b ./Sources/univio.o
 .ARM.attributes
                0x000000ec       0x3b ./Sources/uartNL.o
 .ARM.attributes
                0x00000127       0x3b ./Sources/uart.o
 .ARM.attributes
                0x00000162       0x3b ./Sources/simpleshell.o
 .ARM.attributes
                0x0000019d       0x3b ./Sources/pushbutton.o
 .ARM.attributes
                0x000001d8       0x3b ./Sources/mymalloc.o
 .ARM.attributes
                0x00000213       0x3b ./Sources/myerror.o
 .ARM.attributes
                0x0000024e       0x3b ./Sources/microSD.o
 .ARM.attributes
                0x00000289       0x3b ./Sources/main.o
 .ARM.attributes
                0x000002c4       0x3b ./Sources/led.o
 .ARM.attributes
                0x000002ff       0x3b ./Sources/devices.o
 .ARM.attributes
                0x0000033a       0x3b ./Sources/delay.o
 .ARM.attributes
                0x00000375       0x3b ./Sources/bootSector.o
 .ARM.attributes
                0x000003b0       0x3b ./Sources/SDHC_FAT32_Files.o
 .ARM.attributes
                0x000003eb       0x3b ./Sources/FAT.o
 .ARM.attributes
                0x00000426       0x3b C:/Freescale/CW MCU v10.6/MCU/ARM_GCC_Support/ewl/lib/armv7e-m/fpu\libc.a(printf.o)
 .ARM.attributes
                0x00000461       0x3b C:/Freescale/CW MCU v10.6/MCU/ARM_GCC_Support/ewl/lib/armv7e-m/fpu\libc.a(puts.o)
 .ARM.attributes
                0x0000049c       0x3b C:/Freescale/CW MCU v10.6/MCU/ARM_GCC_Support/ewl/lib/armv7e-m/fpu\libc.a(snprintf.o)
 .ARM.attributes
                0x000004d7       0x3b C:/Freescale/CW MCU v10.6/MCU/ARM_GCC_Support/ewl/lib/armv7e-m/fpu\libc.a(sprintf.o)
 .ARM.attributes
                0x00000512       0x3b C:/Freescale/CW MCU v10.6/MCU/ARM_GCC_Support/ewl/lib/armv7e-m/fpu\libc.a(vsnprintf.o)
 .ARM.attributes
                0x0000054d       0x3b C:/Freescale/CW MCU v10.6/MCU/ARM_GCC_Support/ewl/lib/armv7e-m/fpu\libc.a(alloc.o)
 .ARM.attributes
                0x00000588       0x3b C:/Freescale/CW MCU v10.6/MCU/ARM_GCC_Support/ewl/lib/armv7e-m/fpu\libc.a(exit.o)
 .ARM.attributes
                0x000005c3       0x3b C:/Freescale/CW MCU v10.6/MCU/ARM_GCC_Support/ewl/lib/armv7e-m/fpu\libc.a(strtoul.o)
 .ARM.attributes
                0x000005fe       0x3b C:/Freescale/CW MCU v10.6/MCU/ARM_GCC_Support/ewl/lib/armv7e-m/fpu\libc.a(memcpy.o)
 .ARM.attributes
                0x00000639       0x3b C:/Freescale/CW MCU v10.6/MCU/ARM_GCC_Support/ewl/lib/armv7e-m/fpu\libc.a(memset.o)
 .ARM.attributes
                0x00000674       0x3b C:/Freescale/CW MCU v10.6/MCU/ARM_GCC_Support/ewl/lib/armv7e-m/fpu\libc.a(strlen.o)
 .ARM.attributes
                0x000006af       0x3b C:/Freescale/CW MCU v10.6/MCU/ARM_GCC_Support/ewl/lib/armv7e-m/fpu\libc.a(strncmp.o)
 .ARM.attributes
                0x000006ea       0x3b C:/Freescale/CW MCU v10.6/MCU/ARM_GCC_Support/ewl/lib/armv7e-m/fpu\libc.a(printformat_.o)
 .ARM.attributes
                0x00000725       0x3b C:/Freescale/CW MCU v10.6/MCU/ARM_GCC_Support/ewl/lib/armv7e-m/fpu\libc.a(scanformat_.o)
 .ARM.attributes
                0x00000760       0x3b C:/Freescale/CW MCU v10.6/MCU/ARM_GCC_Support/ewl/lib/armv7e-m/fpu\libc.a(ctype_aeabi.o)
 .ARM.attributes
                0x0000079b       0x3b C:/Freescale/CW MCU v10.6/MCU/ARM_GCC_Support/ewl/lib/armv7e-m/fpu\libc.a(errno.o)
 .ARM.attributes
                0x000007d6       0x3b C:/Freescale/CW MCU v10.6/MCU/ARM_GCC_Support/ewl/lib/armv7e-m/fpu\libc.a(__putchar.o)
 .ARM.attributes
                0x00000811       0x3b C:/Freescale/CW MCU v10.6/MCU/ARM_GCC_Support/ewl/lib/armv7e-m/fpu\libc.a(ansi_files.o)
 .ARM.attributes
                0x0000084c       0x3b C:/Freescale/CW MCU v10.6/MCU/ARM_GCC_Support/ewl/lib/armv7e-m/fpu\libc.a(fwrite.o)
 .ARM.attributes
                0x00000887       0x3b C:/Freescale/CW MCU v10.6/MCU/ARM_GCC_Support/ewl/lib/armv7e-m/fpu\libc.a(vsscanf.o)
 .ARM.attributes
                0x000008c2       0x3b C:/Freescale/CW MCU v10.6/MCU/ARM_GCC_Support/ewl/lib/armv7e-m/fpu\libc.a(__strtoul.o)
 .ARM.attributes
                0x000008fd       0x3b C:/Freescale/CW MCU v10.6/MCU/ARM_GCC_Support/ewl/lib/armv7e-m/fpu\libc.a(__filll_mem.o)
 .ARM.attributes
                0x00000938       0x3b C:/Freescale/CW MCU v10.6/MCU/ARM_GCC_Support/ewl/lib/armv7e-m/fpu\libc.a(__memrchr.o)
 .ARM.attributes
                0x00000973       0x3b C:/Freescale/CW MCU v10.6/MCU/ARM_GCC_Support/ewl/lib/armv7e-m/fpu\libc.a(memchr.o)
 .ARM.attributes
                0x000009ae       0x3b C:/Freescale/CW MCU v10.6/MCU/ARM_GCC_Support/ewl/lib/armv7e-m/fpu\libc.a(strchr.o)
 .ARM.attributes
                0x000009e9       0x3b C:/Freescale/CW MCU v10.6/MCU/ARM_GCC_Support/ewl/lib/armv7e-m/fpu\libc.a(__buffer_io.o)
 .ARM.attributes
                0x00000a24       0x3b C:/Freescale/CW MCU v10.6/MCU/ARM_GCC_Support/ewl/lib/armv7e-m/fpu\librt.a(gcc_ctor_dtor.o)
 .ARM.attributes
                0x00000a5f       0x3b C:/Freescale/CW MCU v10.6/MCU/ARM_GCC_Support/ewl/lib/armv7e-m/fpu\librt.a(ROMCopy.o)
 .ARM.attributes
                0x00000a9a       0x3b C:/Freescale/CW MCU v10.6/MCU/ARM_GCC_Support/ewl/lib/armv7e-m/fpu\librt.a(__arm_eabi_init.o)
 .ARM.attributes
                0x00000ad5       0x3b C:/Freescale/CW MCU v10.6/MCU/ARM_GCC_Support/ewl/lib/armv7e-m/fpu\libhosted.a(semihosted_console_io.o)
 .ARM.attributes
                0x00000b10       0x3b C:/Freescale/CW MCU v10.6/MCU/ARM_GCC_Support/ewl/lib/armv7e-m/fpu\libhosted.a(semihosted_file_io.o)
OUTPUT(os_hardware.elf elf32-littlearm)

.debug_info     0x00000000     0xe607
 .debug_info    0x00000000      0x387 ./Project_Settings/Startup_Code/kinetis_sysinit.o
 .debug_info    0x00000387      0x12a ./Project_Settings/Startup_Code/__arm_start.o
 .debug_info    0x000004b1       0x54 ./Project_Settings/Startup_Code/__arm_end.o
 .debug_info    0x00000505      0xc4a ./Sources/univio.o
 .debug_info    0x0000114f      0x446 ./Sources/uartNL.o
 .debug_info    0x00001595      0x7fb ./Sources/uart.o
 .debug_info    0x00001d90     0x110a ./Sources/simpleshell.o
 .debug_info    0x00002e9a      0x498 ./Sources/pushbutton.o
 .debug_info    0x00003332      0xaa7 ./Sources/mymalloc.o
 .debug_info    0x00003dd9      0x539 ./Sources/myerror.o
 .debug_info    0x00004312     0x16ed ./Sources/microSD.o
 .debug_info    0x000059ff       0x8f ./Sources/main.o
 .debug_info    0x00005a8e      0x516 ./Sources/led.o
 .debug_info    0x00005fa4      0x5cd ./Sources/devices.o
 .debug_info    0x00006571       0x5d ./Sources/delay.o
 .debug_info    0x000065ce      0xe3a ./Sources/bootSector.o
 .debug_info    0x00007408     0x13e9 ./Sources/SDHC_FAT32_Files.o
 .debug_info    0x000087f1      0xa7b ./Sources/FAT.o
 .debug_info    0x0000926c      0x399 C:/Freescale/CW MCU v10.6/MCU/ARM_GCC_Support/ewl/lib/armv7e-m/fpu\libc.a(printf.o)
 .debug_info    0x00009605      0x38a C:/Freescale/CW MCU v10.6/MCU/ARM_GCC_Support/ewl/lib/armv7e-m/fpu\libc.a(puts.o)
 .debug_info    0x0000998f      0x136 C:/Freescale/CW MCU v10.6/MCU/ARM_GCC_Support/ewl/lib/armv7e-m/fpu\libc.a(snprintf.o)
 .debug_info    0x00009ac5      0x11e C:/Freescale/CW MCU v10.6/MCU/ARM_GCC_Support/ewl/lib/armv7e-m/fpu\libc.a(sprintf.o)
 .debug_info    0x00009be3      0x205 C:/Freescale/CW MCU v10.6/MCU/ARM_GCC_Support/ewl/lib/armv7e-m/fpu\libc.a(vsnprintf.o)
 .debug_info    0x00009de8      0x33e C:/Freescale/CW MCU v10.6/MCU/ARM_GCC_Support/ewl/lib/armv7e-m/fpu\libc.a(alloc.o)
 .debug_info    0x0000a126       0xe8 C:/Freescale/CW MCU v10.6/MCU/ARM_GCC_Support/ewl/lib/armv7e-m/fpu\libc.a(exit.o)
 .debug_info    0x0000a20e      0x1b0 C:/Freescale/CW MCU v10.6/MCU/ARM_GCC_Support/ewl/lib/armv7e-m/fpu\libc.a(strtoul.o)
 .debug_info    0x0000a3be      0x10f C:/Freescale/CW MCU v10.6/MCU/ARM_GCC_Support/ewl/lib/armv7e-m/fpu\libc.a(memcpy.o)
 .debug_info    0x0000a4cd       0xec C:/Freescale/CW MCU v10.6/MCU/ARM_GCC_Support/ewl/lib/armv7e-m/fpu\libc.a(memset.o)
 .debug_info    0x0000a5b9       0xeb C:/Freescale/CW MCU v10.6/MCU/ARM_GCC_Support/ewl/lib/armv7e-m/fpu\libc.a(strlen.o)
 .debug_info    0x0000a6a4      0x141 C:/Freescale/CW MCU v10.6/MCU/ARM_GCC_Support/ewl/lib/armv7e-m/fpu\libc.a(strncmp.o)
 .debug_info    0x0000a7e5      0x50e C:/Freescale/CW MCU v10.6/MCU/ARM_GCC_Support/ewl/lib/armv7e-m/fpu\libc.a(printformat_.o)
 .debug_info    0x0000acf3      0x565 C:/Freescale/CW MCU v10.6/MCU/ARM_GCC_Support/ewl/lib/armv7e-m/fpu\libc.a(scanformat_.o)
 .debug_info    0x0000b258      0x306 C:/Freescale/CW MCU v10.6/MCU/ARM_GCC_Support/ewl/lib/armv7e-m/fpu\libc.a(ctype_aeabi.o)
 .debug_info    0x0000b55e       0x9d C:/Freescale/CW MCU v10.6/MCU/ARM_GCC_Support/ewl/lib/armv7e-m/fpu\libc.a(errno.o)
 .debug_info    0x0000b5fb      0x3fa C:/Freescale/CW MCU v10.6/MCU/ARM_GCC_Support/ewl/lib/armv7e-m/fpu\libc.a(__putchar.o)
 .debug_info    0x0000b9f5      0x4c6 C:/Freescale/CW MCU v10.6/MCU/ARM_GCC_Support/ewl/lib/armv7e-m/fpu\libc.a(ansi_files.o)
 .debug_info    0x0000bebb      0x60a C:/Freescale/CW MCU v10.6/MCU/ARM_GCC_Support/ewl/lib/armv7e-m/fpu\libc.a(fwrite.o)
 .debug_info    0x0000c4c5      0x252 C:/Freescale/CW MCU v10.6/MCU/ARM_GCC_Support/ewl/lib/armv7e-m/fpu\libc.a(vsscanf.o)
 .debug_info    0x0000c717      0x1d6 C:/Freescale/CW MCU v10.6/MCU/ARM_GCC_Support/ewl/lib/armv7e-m/fpu\libc.a(__strtoul.o)
 .debug_info    0x0000c8ed      0x135 C:/Freescale/CW MCU v10.6/MCU/ARM_GCC_Support/ewl/lib/armv7e-m/fpu\libc.a(__filll_mem.o)
 .debug_info    0x0000ca22      0x116 C:/Freescale/CW MCU v10.6/MCU/ARM_GCC_Support/ewl/lib/armv7e-m/fpu\libc.a(__memrchr.o)
 .debug_info    0x0000cb38      0x120 C:/Freescale/CW MCU v10.6/MCU/ARM_GCC_Support/ewl/lib/armv7e-m/fpu\libc.a(memchr.o)
 .debug_info    0x0000cc58      0x108 C:/Freescale/CW MCU v10.6/MCU/ARM_GCC_Support/ewl/lib/armv7e-m/fpu\libc.a(strchr.o)
 .debug_info    0x0000cd60      0x45d C:/Freescale/CW MCU v10.6/MCU/ARM_GCC_Support/ewl/lib/armv7e-m/fpu\libc.a(__buffer_io.o)
 .debug_info    0x0000d1bd      0x136 C:/Freescale/CW MCU v10.6/MCU/ARM_GCC_Support/ewl/lib/armv7e-m/fpu\librt.a(gcc_ctor_dtor.o)
 .debug_info    0x0000d2f3      0x19a C:/Freescale/CW MCU v10.6/MCU/ARM_GCC_Support/ewl/lib/armv7e-m/fpu\librt.a(ROMCopy.o)
 .debug_info    0x0000d48d      0x2de C:/Freescale/CW MCU v10.6/MCU/ARM_GCC_Support/ewl/lib/armv7e-m/fpu\librt.a(__arm_eabi_init.o)
 .debug_info    0x0000d76b      0x232 C:/Freescale/CW MCU v10.6/MCU/ARM_GCC_Support/ewl/lib/armv7e-m/fpu\libhosted.a(semihosted_console_io.o)
 .debug_info    0x0000d99d      0xc6a C:/Freescale/CW MCU v10.6/MCU/ARM_GCC_Support/ewl/lib/armv7e-m/fpu\libhosted.a(semihosted_file_io.o)

.debug_abbrev   0x00000000     0x36b5
 .debug_abbrev  0x00000000       0xf6 ./Project_Settings/Startup_Code/kinetis_sysinit.o
 .debug_abbrev  0x000000f6       0x92 ./Project_Settings/Startup_Code/__arm_start.o
 .debug_abbrev  0x00000188       0x4c ./Project_Settings/Startup_Code/__arm_end.o
 .debug_abbrev  0x000001d4      0x21d ./Sources/univio.o
 .debug_abbrev  0x000003f1      0x11c ./Sources/uartNL.o
 .debug_abbrev  0x0000050d      0x138 ./Sources/uart.o
 .debug_abbrev  0x00000645      0x240 ./Sources/simpleshell.o
 .debug_abbrev  0x00000885       0xfd ./Sources/pushbutton.o
 .debug_abbrev  0x00000982      0x220 ./Sources/mymalloc.o
 .debug_abbrev  0x00000ba2      0x16f ./Sources/myerror.o
 .debug_abbrev  0x00000d11      0x23c ./Sources/microSD.o
 .debug_abbrev  0x00000f4d       0x3f ./Sources/main.o
 .debug_abbrev  0x00000f8c       0xbe ./Sources/led.o
 .debug_abbrev  0x0000104a      0x16f ./Sources/devices.o
 .debug_abbrev  0x000011b9       0x52 ./Sources/delay.o
 .debug_abbrev  0x0000120b      0x217 ./Sources/bootSector.o
 .debug_abbrev  0x00001422      0x231 ./Sources/SDHC_FAT32_Files.o
 .debug_abbrev  0x00001653      0x21f ./Sources/FAT.o
 .debug_abbrev  0x00001872      0x107 C:/Freescale/CW MCU v10.6/MCU/ARM_GCC_Support/ewl/lib/armv7e-m/fpu\libc.a(printf.o)
 .debug_abbrev  0x00001979      0x10a C:/Freescale/CW MCU v10.6/MCU/ARM_GCC_Support/ewl/lib/armv7e-m/fpu\libc.a(puts.o)
 .debug_abbrev  0x00001a83       0xb1 C:/Freescale/CW MCU v10.6/MCU/ARM_GCC_Support/ewl/lib/armv7e-m/fpu\libc.a(snprintf.o)
 .debug_abbrev  0x00001b34       0xb1 C:/Freescale/CW MCU v10.6/MCU/ARM_GCC_Support/ewl/lib/armv7e-m/fpu\libc.a(sprintf.o)
 .debug_abbrev  0x00001be5       0xf0 C:/Freescale/CW MCU v10.6/MCU/ARM_GCC_Support/ewl/lib/armv7e-m/fpu\libc.a(vsnprintf.o)
 .debug_abbrev  0x00001cd5      0x18f C:/Freescale/CW MCU v10.6/MCU/ARM_GCC_Support/ewl/lib/armv7e-m/fpu\libc.a(alloc.o)
 .debug_abbrev  0x00001e64       0x7a C:/Freescale/CW MCU v10.6/MCU/ARM_GCC_Support/ewl/lib/armv7e-m/fpu\libc.a(exit.o)
 .debug_abbrev  0x00001ede       0xd4 C:/Freescale/CW MCU v10.6/MCU/ARM_GCC_Support/ewl/lib/armv7e-m/fpu\libc.a(strtoul.o)
 .debug_abbrev  0x00001fb2       0x95 C:/Freescale/CW MCU v10.6/MCU/ARM_GCC_Support/ewl/lib/armv7e-m/fpu\libc.a(memcpy.o)
 .debug_abbrev  0x00002047       0x62 C:/Freescale/CW MCU v10.6/MCU/ARM_GCC_Support/ewl/lib/armv7e-m/fpu\libc.a(memset.o)
 .debug_abbrev  0x000020a9       0x7a C:/Freescale/CW MCU v10.6/MCU/ARM_GCC_Support/ewl/lib/armv7e-m/fpu\libc.a(strlen.o)
 .debug_abbrev  0x00002123       0x98 C:/Freescale/CW MCU v10.6/MCU/ARM_GCC_Support/ewl/lib/armv7e-m/fpu\libc.a(strncmp.o)
 .debug_abbrev  0x000021bb      0x200 C:/Freescale/CW MCU v10.6/MCU/ARM_GCC_Support/ewl/lib/armv7e-m/fpu\libc.a(printformat_.o)
 .debug_abbrev  0x000023bb      0x1f0 C:/Freescale/CW MCU v10.6/MCU/ARM_GCC_Support/ewl/lib/armv7e-m/fpu\libc.a(scanformat_.o)
 .debug_abbrev  0x000025ab       0x85 C:/Freescale/CW MCU v10.6/MCU/ARM_GCC_Support/ewl/lib/armv7e-m/fpu\libc.a(ctype_aeabi.o)
 .debug_abbrev  0x00002630       0x44 C:/Freescale/CW MCU v10.6/MCU/ARM_GCC_Support/ewl/lib/armv7e-m/fpu\libc.a(errno.o)
 .debug_abbrev  0x00002674       0xf8 C:/Freescale/CW MCU v10.6/MCU/ARM_GCC_Support/ewl/lib/armv7e-m/fpu\libc.a(__putchar.o)
 .debug_abbrev  0x0000276c       0xfa C:/Freescale/CW MCU v10.6/MCU/ARM_GCC_Support/ewl/lib/armv7e-m/fpu\libc.a(ansi_files.o)
 .debug_abbrev  0x00002866      0x15b C:/Freescale/CW MCU v10.6/MCU/ARM_GCC_Support/ewl/lib/armv7e-m/fpu\libc.a(fwrite.o)
 .debug_abbrev  0x000029c1      0x15f C:/Freescale/CW MCU v10.6/MCU/ARM_GCC_Support/ewl/lib/armv7e-m/fpu\libc.a(vsscanf.o)
 .debug_abbrev  0x00002b20       0xc2 C:/Freescale/CW MCU v10.6/MCU/ARM_GCC_Support/ewl/lib/armv7e-m/fpu\libc.a(__strtoul.o)
 .debug_abbrev  0x00002be2       0x87 C:/Freescale/CW MCU v10.6/MCU/ARM_GCC_Support/ewl/lib/armv7e-m/fpu\libc.a(__filll_mem.o)
 .debug_abbrev  0x00002c69       0x95 C:/Freescale/CW MCU v10.6/MCU/ARM_GCC_Support/ewl/lib/armv7e-m/fpu\libc.a(__memrchr.o)
 .debug_abbrev  0x00002cfe       0x95 C:/Freescale/CW MCU v10.6/MCU/ARM_GCC_Support/ewl/lib/armv7e-m/fpu\libc.a(memchr.o)
 .debug_abbrev  0x00002d93       0x89 C:/Freescale/CW MCU v10.6/MCU/ARM_GCC_Support/ewl/lib/armv7e-m/fpu\libc.a(strchr.o)
 .debug_abbrev  0x00002e1c      0x142 C:/Freescale/CW MCU v10.6/MCU/ARM_GCC_Support/ewl/lib/armv7e-m/fpu\libc.a(__buffer_io.o)
 .debug_abbrev  0x00002f5e       0x99 C:/Freescale/CW MCU v10.6/MCU/ARM_GCC_Support/ewl/lib/armv7e-m/fpu\librt.a(gcc_ctor_dtor.o)
 .debug_abbrev  0x00002ff7      0x137 C:/Freescale/CW MCU v10.6/MCU/ARM_GCC_Support/ewl/lib/armv7e-m/fpu\librt.a(ROMCopy.o)
 .debug_abbrev  0x0000312e      0x1db C:/Freescale/CW MCU v10.6/MCU/ARM_GCC_Support/ewl/lib/armv7e-m/fpu\librt.a(__arm_eabi_init.o)
 .debug_abbrev  0x00003309      0x137 C:/Freescale/CW MCU v10.6/MCU/ARM_GCC_Support/ewl/lib/armv7e-m/fpu\libhosted.a(semihosted_console_io.o)
 .debug_abbrev  0x00003440      0x275 C:/Freescale/CW MCU v10.6/MCU/ARM_GCC_Support/ewl/lib/armv7e-m/fpu\libhosted.a(semihosted_file_io.o)

.debug_loc      0x00000000     0x585b
 .debug_loc     0x00000000       0x58 ./Project_Settings/Startup_Code/kinetis_sysinit.o
 .debug_loc     0x00000058       0x2c ./Project_Settings/Startup_Code/__arm_start.o
 .debug_loc     0x00000084       0x38 ./Project_Settings/Startup_Code/__arm_end.o
 .debug_loc     0x000000bc      0x34a ./Sources/univio.o
 .debug_loc     0x00000406       0x70 ./Sources/uartNL.o
 .debug_loc     0x00000476      0x118 ./Sources/uart.o
 .debug_loc     0x0000058e      0x692 ./Sources/simpleshell.o
 .debug_loc     0x00000c20       0xf4 ./Sources/pushbutton.o
 .debug_loc     0x00000d14      0x33c ./Sources/mymalloc.o
 .debug_loc     0x00001050       0x3a ./Sources/myerror.o
 .debug_loc     0x0000108a      0x54a ./Sources/microSD.o
 .debug_loc     0x000015d4       0x2c ./Sources/main.o
 .debug_loc     0x00001600      0x23c ./Sources/led.o
 .debug_loc     0x0000183c       0x38 ./Sources/devices.o
 .debug_loc     0x00001874       0x38 ./Sources/delay.o
 .debug_loc     0x000018ac      0x154 ./Sources/bootSector.o
 .debug_loc     0x00001a00      0x712 ./Sources/SDHC_FAT32_Files.o
 .debug_loc     0x00002112      0x194 ./Sources/FAT.o
 .debug_loc     0x000022a6       0x2c C:/Freescale/CW MCU v10.6/MCU/ARM_GCC_Support/ewl/lib/armv7e-m/fpu\libc.a(printf.o)
 .debug_loc     0x000022d2       0x67 C:/Freescale/CW MCU v10.6/MCU/ARM_GCC_Support/ewl/lib/armv7e-m/fpu\libc.a(puts.o)
 .debug_loc     0x00002339       0x52 C:/Freescale/CW MCU v10.6/MCU/ARM_GCC_Support/ewl/lib/armv7e-m/fpu\libc.a(snprintf.o)
 .debug_loc     0x0000238b       0x3f C:/Freescale/CW MCU v10.6/MCU/ARM_GCC_Support/ewl/lib/armv7e-m/fpu\libc.a(sprintf.o)
 .debug_loc     0x000023ca      0x105 C:/Freescale/CW MCU v10.6/MCU/ARM_GCC_Support/ewl/lib/armv7e-m/fpu\libc.a(vsnprintf.o)
 .debug_loc     0x000024cf      0x2a8 C:/Freescale/CW MCU v10.6/MCU/ARM_GCC_Support/ewl/lib/armv7e-m/fpu\libc.a(alloc.o)
 .debug_loc     0x00002777       0x3e C:/Freescale/CW MCU v10.6/MCU/ARM_GCC_Support/ewl/lib/armv7e-m/fpu\libc.a(exit.o)
 .debug_loc     0x000027b5       0xc3 C:/Freescale/CW MCU v10.6/MCU/ARM_GCC_Support/ewl/lib/armv7e-m/fpu\libc.a(strtoul.o)
 .debug_loc     0x00002878       0x59 C:/Freescale/CW MCU v10.6/MCU/ARM_GCC_Support/ewl/lib/armv7e-m/fpu\libc.a(memcpy.o)
 .debug_loc     0x000028d1       0x64 C:/Freescale/CW MCU v10.6/MCU/ARM_GCC_Support/ewl/lib/armv7e-m/fpu\libc.a(memset.o)
 .debug_loc     0x00002935       0x26 C:/Freescale/CW MCU v10.6/MCU/ARM_GCC_Support/ewl/lib/armv7e-m/fpu\libc.a(strlen.o)
 .debug_loc     0x0000295b       0xed C:/Freescale/CW MCU v10.6/MCU/ARM_GCC_Support/ewl/lib/armv7e-m/fpu\libc.a(strncmp.o)
 .debug_loc     0x00002a48      0xbdc C:/Freescale/CW MCU v10.6/MCU/ARM_GCC_Support/ewl/lib/armv7e-m/fpu\libc.a(printformat_.o)
 .debug_loc     0x00003624      0x8b6 C:/Freescale/CW MCU v10.6/MCU/ARM_GCC_Support/ewl/lib/armv7e-m/fpu\libc.a(scanformat_.o)
 .debug_loc     0x00003eda      0x18e C:/Freescale/CW MCU v10.6/MCU/ARM_GCC_Support/ewl/lib/armv7e-m/fpu\libc.a(ctype_aeabi.o)
 .debug_loc     0x00004068       0x87 C:/Freescale/CW MCU v10.6/MCU/ARM_GCC_Support/ewl/lib/armv7e-m/fpu\libc.a(__putchar.o)
 .debug_loc     0x000040ef       0xb2 C:/Freescale/CW MCU v10.6/MCU/ARM_GCC_Support/ewl/lib/armv7e-m/fpu\libc.a(ansi_files.o)
 .debug_loc     0x000041a1      0x2e9 C:/Freescale/CW MCU v10.6/MCU/ARM_GCC_Support/ewl/lib/armv7e-m/fpu\libc.a(fwrite.o)
 .debug_loc     0x0000448a      0x162 C:/Freescale/CW MCU v10.6/MCU/ARM_GCC_Support/ewl/lib/armv7e-m/fpu\libc.a(vsscanf.o)
 .debug_loc     0x000045ec      0x2bb C:/Freescale/CW MCU v10.6/MCU/ARM_GCC_Support/ewl/lib/armv7e-m/fpu\libc.a(__strtoul.o)
 .debug_loc     0x000048a7      0x12c C:/Freescale/CW MCU v10.6/MCU/ARM_GCC_Support/ewl/lib/armv7e-m/fpu\libc.a(__filll_mem.o)
 .debug_loc     0x000049d3       0x82 C:/Freescale/CW MCU v10.6/MCU/ARM_GCC_Support/ewl/lib/armv7e-m/fpu\libc.a(__memrchr.o)
 .debug_loc     0x00004a55       0x62 C:/Freescale/CW MCU v10.6/MCU/ARM_GCC_Support/ewl/lib/armv7e-m/fpu\libc.a(memchr.o)
 .debug_loc     0x00004ab7       0x7c C:/Freescale/CW MCU v10.6/MCU/ARM_GCC_Support/ewl/lib/armv7e-m/fpu\libc.a(strchr.o)
 .debug_loc     0x00004b33      0x144 C:/Freescale/CW MCU v10.6/MCU/ARM_GCC_Support/ewl/lib/armv7e-m/fpu\libc.a(__buffer_io.o)
 .debug_loc     0x00004c77       0x9d C:/Freescale/CW MCU v10.6/MCU/ARM_GCC_Support/ewl/lib/armv7e-m/fpu\librt.a(gcc_ctor_dtor.o)
 .debug_loc     0x00004d14       0xb9 C:/Freescale/CW MCU v10.6/MCU/ARM_GCC_Support/ewl/lib/armv7e-m/fpu\librt.a(ROMCopy.o)
 .debug_loc     0x00004dcd      0x144 C:/Freescale/CW MCU v10.6/MCU/ARM_GCC_Support/ewl/lib/armv7e-m/fpu\librt.a(__arm_eabi_init.o)
 .debug_loc     0x00004f11      0x165 C:/Freescale/CW MCU v10.6/MCU/ARM_GCC_Support/ewl/lib/armv7e-m/fpu\libhosted.a(semihosted_console_io.o)
 .debug_loc     0x00005076      0x7e5 C:/Freescale/CW MCU v10.6/MCU/ARM_GCC_Support/ewl/lib/armv7e-m/fpu\libhosted.a(semihosted_file_io.o)

.debug_aranges  0x00000000      0xcc8
 .debug_aranges
                0x00000000       0x28 ./Project_Settings/Startup_Code/kinetis_sysinit.o
 .debug_aranges
                0x00000028       0x30 ./Project_Settings/Startup_Code/__arm_start.o
 .debug_aranges
                0x00000058       0x20 ./Project_Settings/Startup_Code/__arm_end.o
 .debug_aranges
                0x00000078       0x90 ./Sources/univio.o
 .debug_aranges
                0x00000108       0x28 ./Sources/uartNL.o
 .debug_aranges
                0x00000130       0x40 ./Sources/uart.o
 .debug_aranges
                0x00000170      0x108 ./Sources/simpleshell.o
 .debug_aranges
                0x00000278       0x40 ./Sources/pushbutton.o
 .debug_aranges
                0x000002b8       0x90 ./Sources/mymalloc.o
 .debug_aranges
                0x00000348       0x20 ./Sources/myerror.o
 .debug_aranges
                0x00000368       0xe0 ./Sources/microSD.o
 .debug_aranges
                0x00000448       0x20 ./Sources/main.o
 .debug_aranges
                0x00000468       0x80 ./Sources/led.o
 .debug_aranges
                0x000004e8       0x20 ./Sources/devices.o
 .debug_aranges
                0x00000508       0x20 ./Sources/delay.o
 .debug_aranges
                0x00000528       0x48 ./Sources/bootSector.o
 .debug_aranges
                0x00000570      0x120 ./Sources/SDHC_FAT32_Files.o
 .debug_aranges
                0x00000690       0x50 ./Sources/FAT.o
 .debug_aranges
                0x000006e0       0x20 C:/Freescale/CW MCU v10.6/MCU/ARM_GCC_Support/ewl/lib/armv7e-m/fpu\libc.a(printf.o)
 .debug_aranges
                0x00000700       0x20 C:/Freescale/CW MCU v10.6/MCU/ARM_GCC_Support/ewl/lib/armv7e-m/fpu\libc.a(puts.o)
 .debug_aranges
                0x00000720       0x20 C:/Freescale/CW MCU v10.6/MCU/ARM_GCC_Support/ewl/lib/armv7e-m/fpu\libc.a(snprintf.o)
 .debug_aranges
                0x00000740       0x20 C:/Freescale/CW MCU v10.6/MCU/ARM_GCC_Support/ewl/lib/armv7e-m/fpu\libc.a(sprintf.o)
 .debug_aranges
                0x00000760       0x28 C:/Freescale/CW MCU v10.6/MCU/ARM_GCC_Support/ewl/lib/armv7e-m/fpu\libc.a(vsnprintf.o)
 .debug_aranges
                0x00000788       0x40 C:/Freescale/CW MCU v10.6/MCU/ARM_GCC_Support/ewl/lib/armv7e-m/fpu\libc.a(alloc.o)
 .debug_aranges
                0x000007c8       0x20 C:/Freescale/CW MCU v10.6/MCU/ARM_GCC_Support/ewl/lib/armv7e-m/fpu\libc.a(exit.o)
 .debug_aranges
                0x000007e8       0x20 C:/Freescale/CW MCU v10.6/MCU/ARM_GCC_Support/ewl/lib/armv7e-m/fpu\libc.a(strtoul.o)
 .debug_aranges
                0x00000808       0x20 C:/Freescale/CW MCU v10.6/MCU/ARM_GCC_Support/ewl/lib/armv7e-m/fpu\libc.a(memcpy.o)
 .debug_aranges
                0x00000828       0x20 C:/Freescale/CW MCU v10.6/MCU/ARM_GCC_Support/ewl/lib/armv7e-m/fpu\libc.a(memset.o)
 .debug_aranges
                0x00000848       0x20 C:/Freescale/CW MCU v10.6/MCU/ARM_GCC_Support/ewl/lib/armv7e-m/fpu\libc.a(strlen.o)
 .debug_aranges
                0x00000868       0x20 C:/Freescale/CW MCU v10.6/MCU/ARM_GCC_Support/ewl/lib/armv7e-m/fpu\libc.a(strncmp.o)
 .debug_aranges
                0x00000888       0x28 C:/Freescale/CW MCU v10.6/MCU/ARM_GCC_Support/ewl/lib/armv7e-m/fpu\libc.a(printformat_.o)
 .debug_aranges
                0x000008b0       0x20 C:/Freescale/CW MCU v10.6/MCU/ARM_GCC_Support/ewl/lib/armv7e-m/fpu\libc.a(scanformat_.o)
 .debug_aranges
                0x000008d0       0x88 C:/Freescale/CW MCU v10.6/MCU/ARM_GCC_Support/ewl/lib/armv7e-m/fpu\libc.a(ctype_aeabi.o)
 .debug_aranges
                0x00000958       0x18 C:/Freescale/CW MCU v10.6/MCU/ARM_GCC_Support/ewl/lib/armv7e-m/fpu\libc.a(errno.o)
 .debug_aranges
                0x00000970       0x20 C:/Freescale/CW MCU v10.6/MCU/ARM_GCC_Support/ewl/lib/armv7e-m/fpu\libc.a(__putchar.o)
 .debug_aranges
                0x00000990       0x28 C:/Freescale/CW MCU v10.6/MCU/ARM_GCC_Support/ewl/lib/armv7e-m/fpu\libc.a(ansi_files.o)
 .debug_aranges
                0x000009b8       0x30 C:/Freescale/CW MCU v10.6/MCU/ARM_GCC_Support/ewl/lib/armv7e-m/fpu\libc.a(fwrite.o)
 .debug_aranges
                0x000009e8       0x28 C:/Freescale/CW MCU v10.6/MCU/ARM_GCC_Support/ewl/lib/armv7e-m/fpu\libc.a(vsscanf.o)
 .debug_aranges
                0x00000a10       0x20 C:/Freescale/CW MCU v10.6/MCU/ARM_GCC_Support/ewl/lib/armv7e-m/fpu\libc.a(__strtoul.o)
 .debug_aranges
                0x00000a30       0x20 C:/Freescale/CW MCU v10.6/MCU/ARM_GCC_Support/ewl/lib/armv7e-m/fpu\libc.a(__filll_mem.o)
 .debug_aranges
                0x00000a50       0x20 C:/Freescale/CW MCU v10.6/MCU/ARM_GCC_Support/ewl/lib/armv7e-m/fpu\libc.a(__memrchr.o)
 .debug_aranges
                0x00000a70       0x20 C:/Freescale/CW MCU v10.6/MCU/ARM_GCC_Support/ewl/lib/armv7e-m/fpu\libc.a(memchr.o)
 .debug_aranges
                0x00000a90       0x20 C:/Freescale/CW MCU v10.6/MCU/ARM_GCC_Support/ewl/lib/armv7e-m/fpu\libc.a(strchr.o)
 .debug_aranges
                0x00000ab0       0x30 C:/Freescale/CW MCU v10.6/MCU/ARM_GCC_Support/ewl/lib/armv7e-m/fpu\libc.a(__buffer_io.o)
 .debug_aranges
                0x00000ae0       0x28 C:/Freescale/CW MCU v10.6/MCU/ARM_GCC_Support/ewl/lib/armv7e-m/fpu\librt.a(gcc_ctor_dtor.o)
 .debug_aranges
                0x00000b08       0x30 C:/Freescale/CW MCU v10.6/MCU/ARM_GCC_Support/ewl/lib/armv7e-m/fpu\librt.a(ROMCopy.o)
 .debug_aranges
                0x00000b38       0x60 C:/Freescale/CW MCU v10.6/MCU/ARM_GCC_Support/ewl/lib/armv7e-m/fpu\librt.a(__arm_eabi_init.o)
 .debug_aranges
                0x00000b98       0x50 C:/Freescale/CW MCU v10.6/MCU/ARM_GCC_Support/ewl/lib/armv7e-m/fpu\libhosted.a(semihosted_console_io.o)
 .debug_aranges
                0x00000be8       0xe0 C:/Freescale/CW MCU v10.6/MCU/ARM_GCC_Support/ewl/lib/armv7e-m/fpu\libhosted.a(semihosted_file_io.o)

.debug_macinfo  0x00000000   0x807113
 .debug_macinfo
                0x00000000    0x87850 ./Project_Settings/Startup_Code/kinetis_sysinit.o
 .debug_macinfo
                0x00087850     0x3f83 ./Project_Settings/Startup_Code/__arm_start.o
 .debug_macinfo
                0x0008b7d3     0x356c ./Project_Settings/Startup_Code/__arm_end.o
 .debug_macinfo
                0x0008ed3f    0x88b8a ./Sources/univio.o
 .debug_macinfo
                0x001178c9    0x87b4b ./Sources/uartNL.o
 .debug_macinfo
                0x0019f414    0x87ae6 ./Sources/uart.o
 .debug_macinfo
                0x00226efa    0x88c01 ./Sources/simpleshell.o
 .debug_macinfo
                0x002afafb    0x8784d ./Sources/pushbutton.o
 .debug_macinfo
                0x00337348    0x88469 ./Sources/mymalloc.o
 .debug_macinfo
                0x003bf7b1    0x8831f ./Sources/myerror.o
 .debug_macinfo
                0x00447ad0    0x89372 ./Sources/microSD.o
 .debug_macinfo
                0x004d0e42    0x88372 ./Sources/main.o
 .debug_macinfo
                0x005591b4    0x87870 ./Sources/led.o
 .debug_macinfo
                0x005e0a24    0x882e7 ./Sources/devices.o
 .debug_macinfo
                0x00668d0b     0x25fe ./Sources/delay.o
 .debug_macinfo
                0x0066b309    0x891ba ./Sources/bootSector.o
 .debug_macinfo
                0x006f44c3    0x89932 ./Sources/SDHC_FAT32_Files.o
 .debug_macinfo
                0x0077ddf5    0x8931e ./Sources/FAT.o

.debug_line     0x00000000     0x6217
 .debug_line    0x00000000      0x238 ./Project_Settings/Startup_Code/kinetis_sysinit.o
 .debug_line    0x00000238      0x2bc ./Project_Settings/Startup_Code/__arm_start.o
 .debug_line    0x000004f4      0x267 ./Project_Settings/Startup_Code/__arm_end.o
 .debug_line    0x0000075b      0x516 ./Sources/univio.o
 .debug_line    0x00000c71      0x235 ./Sources/uartNL.o
 .debug_line    0x00000ea6      0x27b ./Sources/uart.o
 .debug_line    0x00001121      0x718 ./Sources/simpleshell.o
 .debug_line    0x00001839      0x254 ./Sources/pushbutton.o
 .debug_line    0x00001a8d      0x4c5 ./Sources/mymalloc.o
 .debug_line    0x00001f52      0x326 ./Sources/myerror.o
 .debug_line    0x00002278      0x5bf ./Sources/microSD.o
 .debug_line    0x00002837      0x2cf ./Sources/main.o
 .debug_line    0x00002b06      0x2dc ./Sources/led.o
 .debug_line    0x00002de2      0x306 ./Sources/devices.o
 .debug_line    0x000030e8      0x122 ./Sources/delay.o
 .debug_line    0x0000320a      0x4d8 ./Sources/bootSector.o
 .debug_line    0x000036e2      0x836 ./Sources/SDHC_FAT32_Files.o
 .debug_line    0x00003f18      0x435 ./Sources/FAT.o
 .debug_line    0x0000434d       0xb6 C:/Freescale/CW MCU v10.6/MCU/ARM_GCC_Support/ewl/lib/armv7e-m/fpu\libc.a(printf.o)
 .debug_line    0x00004403       0x9c C:/Freescale/CW MCU v10.6/MCU/ARM_GCC_Support/ewl/lib/armv7e-m/fpu\libc.a(puts.o)
 .debug_line    0x0000449f       0x9f C:/Freescale/CW MCU v10.6/MCU/ARM_GCC_Support/ewl/lib/armv7e-m/fpu\libc.a(snprintf.o)
 .debug_line    0x0000453e       0x94 C:/Freescale/CW MCU v10.6/MCU/ARM_GCC_Support/ewl/lib/armv7e-m/fpu\libc.a(sprintf.o)
 .debug_line    0x000045d2       0xd1 C:/Freescale/CW MCU v10.6/MCU/ARM_GCC_Support/ewl/lib/armv7e-m/fpu\libc.a(vsnprintf.o)
 .debug_line    0x000046a3      0x159 C:/Freescale/CW MCU v10.6/MCU/ARM_GCC_Support/ewl/lib/armv7e-m/fpu\libc.a(alloc.o)
 .debug_line    0x000047fc       0x94 C:/Freescale/CW MCU v10.6/MCU/ARM_GCC_Support/ewl/lib/armv7e-m/fpu\libc.a(exit.o)
 .debug_line    0x00004890       0xaa C:/Freescale/CW MCU v10.6/MCU/ARM_GCC_Support/ewl/lib/armv7e-m/fpu\libc.a(strtoul.o)
 .debug_line    0x0000493a       0x8b C:/Freescale/CW MCU v10.6/MCU/ARM_GCC_Support/ewl/lib/armv7e-m/fpu\libc.a(memcpy.o)
 .debug_line    0x000049c5       0x8f C:/Freescale/CW MCU v10.6/MCU/ARM_GCC_Support/ewl/lib/armv7e-m/fpu\libc.a(memset.o)
 .debug_line    0x00004a54       0x83 C:/Freescale/CW MCU v10.6/MCU/ARM_GCC_Support/ewl/lib/armv7e-m/fpu\libc.a(strlen.o)
 .debug_line    0x00004ad7       0x8e C:/Freescale/CW MCU v10.6/MCU/ARM_GCC_Support/ewl/lib/armv7e-m/fpu\libc.a(strncmp.o)
 .debug_line    0x00004b65      0x2b4 C:/Freescale/CW MCU v10.6/MCU/ARM_GCC_Support/ewl/lib/armv7e-m/fpu\libc.a(printformat_.o)
 .debug_line    0x00004e19      0x2df C:/Freescale/CW MCU v10.6/MCU/ARM_GCC_Support/ewl/lib/armv7e-m/fpu\libc.a(scanformat_.o)
 .debug_line    0x000050f8      0x1a9 C:/Freescale/CW MCU v10.6/MCU/ARM_GCC_Support/ewl/lib/armv7e-m/fpu\libc.a(ctype_aeabi.o)
 .debug_line    0x000052a1       0x4d C:/Freescale/CW MCU v10.6/MCU/ARM_GCC_Support/ewl/lib/armv7e-m/fpu\libc.a(errno.o)
 .debug_line    0x000052ee       0xc2 C:/Freescale/CW MCU v10.6/MCU/ARM_GCC_Support/ewl/lib/armv7e-m/fpu\libc.a(__putchar.o)
 .debug_line    0x000053b0       0xc0 C:/Freescale/CW MCU v10.6/MCU/ARM_GCC_Support/ewl/lib/armv7e-m/fpu\libc.a(ansi_files.o)
 .debug_line    0x00005470      0x155 C:/Freescale/CW MCU v10.6/MCU/ARM_GCC_Support/ewl/lib/armv7e-m/fpu\libc.a(fwrite.o)
 .debug_line    0x000055c5       0xc3 C:/Freescale/CW MCU v10.6/MCU/ARM_GCC_Support/ewl/lib/armv7e-m/fpu\libc.a(vsscanf.o)
 .debug_line    0x00005688      0x11b C:/Freescale/CW MCU v10.6/MCU/ARM_GCC_Support/ewl/lib/armv7e-m/fpu\libc.a(__strtoul.o)
 .debug_line    0x000057a3       0xcd C:/Freescale/CW MCU v10.6/MCU/ARM_GCC_Support/ewl/lib/armv7e-m/fpu\libc.a(__filll_mem.o)
 .debug_line    0x00005870       0x99 C:/Freescale/CW MCU v10.6/MCU/ARM_GCC_Support/ewl/lib/armv7e-m/fpu\libc.a(__memrchr.o)
 .debug_line    0x00005909       0x9f C:/Freescale/CW MCU v10.6/MCU/ARM_GCC_Support/ewl/lib/armv7e-m/fpu\libc.a(memchr.o)
 .debug_line    0x000059a8       0x7d C:/Freescale/CW MCU v10.6/MCU/ARM_GCC_Support/ewl/lib/armv7e-m/fpu\libc.a(strchr.o)
 .debug_line    0x00005a25       0xfa C:/Freescale/CW MCU v10.6/MCU/ARM_GCC_Support/ewl/lib/armv7e-m/fpu\libc.a(__buffer_io.o)
 .debug_line    0x00005b1f       0x67 C:/Freescale/CW MCU v10.6/MCU/ARM_GCC_Support/ewl/lib/armv7e-m/fpu\librt.a(gcc_ctor_dtor.o)
 .debug_line    0x00005b86       0xa9 C:/Freescale/CW MCU v10.6/MCU/ARM_GCC_Support/ewl/lib/armv7e-m/fpu\librt.a(ROMCopy.o)
 .debug_line    0x00005c2f      0x125 C:/Freescale/CW MCU v10.6/MCU/ARM_GCC_Support/ewl/lib/armv7e-m/fpu\librt.a(__arm_eabi_init.o)
 .debug_line    0x00005d54      0x14c C:/Freescale/CW MCU v10.6/MCU/ARM_GCC_Support/ewl/lib/armv7e-m/fpu\libhosted.a(semihosted_console_io.o)
 .debug_line    0x00005ea0      0x377 C:/Freescale/CW MCU v10.6/MCU/ARM_GCC_Support/ewl/lib/armv7e-m/fpu\libhosted.a(semihosted_file_io.o)

.debug_str      0x00000000     0x384f
 .debug_str     0x00000000      0x28e ./Project_Settings/Startup_Code/kinetis_sysinit.o
                                0x2b5 (size before relaxing)
 .debug_str     0x0000028e       0x85 ./Project_Settings/Startup_Code/__arm_start.o
                                0x1b6 (size before relaxing)
 .debug_str     0x00000313       0x3a ./Project_Settings/Startup_Code/__arm_end.o
                                 0xed (size before relaxing)
 .debug_str     0x0000034d      0x3bd ./Sources/univio.o
                                0x542 (size before relaxing)
 .debug_str     0x0000070a       0x46 ./Sources/uartNL.o
                                0x259 (size before relaxing)
 .debug_str     0x00000750      0x15b ./Sources/uart.o
                                0x387 (size before relaxing)
 .debug_str     0x000008ab      0x2c6 ./Sources/simpleshell.o
                                0x5e3 (size before relaxing)
 .debug_str     0x00000b71       0x89 ./Sources/pushbutton.o
                                0x2ea (size before relaxing)
 .debug_str     0x00000bfa      0x150 ./Sources/mymalloc.o
                                0x53a (size before relaxing)
 .debug_str     0x00000d4a       0x3d ./Sources/myerror.o
                                0x333 (size before relaxing)
 .debug_str     0x00000d87      0xa79 ./Sources/microSD.o
                                0xe1f (size before relaxing)
 .debug_str     0x00001800       0x17 ./Sources/main.o
                                0x148 (size before relaxing)
 .debug_str     0x00001817       0x65 ./Sources/led.o
                                0x333 (size before relaxing)
 .debug_str     0x0000187c       0x45 ./Sources/devices.o
                                0x366 (size before relaxing)
 .debug_str     0x000018c1       0x1f ./Sources/delay.o
                                 0xd0 (size before relaxing)
 .debug_str     0x000018e0      0x56c ./Sources/bootSector.o
                                0xc22 (size before relaxing)
 .debug_str     0x00001e4c      0x4cf ./Sources/SDHC_FAT32_Files.o
                                0xc57 (size before relaxing)
 .debug_str     0x0000231b      0x1ae ./Sources/FAT.o
                                0x847 (size before relaxing)
 .debug_str     0x000024c9      0x198 C:/Freescale/CW MCU v10.6/MCU/ARM_GCC_Support/ewl/lib/armv7e-m/fpu\libc.a(printf.o)
                                0x2e9 (size before relaxing)
 .debug_str     0x00002661       0x18 C:/Freescale/CW MCU v10.6/MCU/ARM_GCC_Support/ewl/lib/armv7e-m/fpu\libc.a(puts.o)
                                0x2cc (size before relaxing)
 .debug_str     0x00002679       0x15 C:/Freescale/CW MCU v10.6/MCU/ARM_GCC_Support/ewl/lib/armv7e-m/fpu\libc.a(snprintf.o)
                                0x16c (size before relaxing)
 .debug_str     0x0000268e       0x1c C:/Freescale/CW MCU v10.6/MCU/ARM_GCC_Support/ewl/lib/armv7e-m/fpu\libc.a(sprintf.o)
                                0x163 (size before relaxing)
 .debug_str     0x000026aa       0x83 C:/Freescale/CW MCU v10.6/MCU/ARM_GCC_Support/ewl/lib/armv7e-m/fpu\libc.a(vsnprintf.o)
                                0x1cc (size before relaxing)
 .debug_str     0x0000272d       0xa3 C:/Freescale/CW MCU v10.6/MCU/ARM_GCC_Support/ewl/lib/armv7e-m/fpu\libc.a(alloc.o)
                                0x200 (size before relaxing)
 .debug_str     0x000027d0       0x2e C:/Freescale/CW MCU v10.6/MCU/ARM_GCC_Support/ewl/lib/armv7e-m/fpu\libc.a(exit.o)
                                0x157 (size before relaxing)
 .debug_str     0x000027fe       0x4f C:/Freescale/CW MCU v10.6/MCU/ARM_GCC_Support/ewl/lib/armv7e-m/fpu\libc.a(strtoul.o)
                                0x1aa (size before relaxing)
 .debug_str     0x0000284d       0x1c C:/Freescale/CW MCU v10.6/MCU/ARM_GCC_Support/ewl/lib/armv7e-m/fpu\libc.a(memcpy.o)
                                0x138 (size before relaxing)
 .debug_str     0x00002869       0x15 C:/Freescale/CW MCU v10.6/MCU/ARM_GCC_Support/ewl/lib/armv7e-m/fpu\libc.a(memset.o)
                                0x140 (size before relaxing)
 .debug_str     0x0000287e       0x24 C:/Freescale/CW MCU v10.6/MCU/ARM_GCC_Support/ewl/lib/armv7e-m/fpu\libc.a(strlen.o)
                                0x140 (size before relaxing)
 .debug_str     0x000028a2       0x28 C:/Freescale/CW MCU v10.6/MCU/ARM_GCC_Support/ewl/lib/armv7e-m/fpu\libc.a(strncmp.o)
                                0x152 (size before relaxing)
 .debug_str     0x000028ca      0x213 C:/Freescale/CW MCU v10.6/MCU/ARM_GCC_Support/ewl/lib/armv7e-m/fpu\libc.a(printformat_.o)
                                0x3b3 (size before relaxing)
 .debug_str     0x00002add      0x172 C:/Freescale/CW MCU v10.6/MCU/ARM_GCC_Support/ewl/lib/armv7e-m/fpu\libc.a(scanformat_.o)
                                0x3f9 (size before relaxing)
 .debug_str     0x00002c4f       0x9d C:/Freescale/CW MCU v10.6/MCU/ARM_GCC_Support/ewl/lib/armv7e-m/fpu\libc.a(ctype_aeabi.o)
                                0x1bc (size before relaxing)
 .debug_str     0x00002cec       0x12 C:/Freescale/CW MCU v10.6/MCU/ARM_GCC_Support/ewl/lib/armv7e-m/fpu\libc.a(errno.o)
                                0x12c (size before relaxing)
 .debug_str     0x00002cfe       0xe4 C:/Freescale/CW MCU v10.6/MCU/ARM_GCC_Support/ewl/lib/armv7e-m/fpu\libc.a(__putchar.o)
                                0x39e (size before relaxing)
 .debug_str     0x00002de2       0xc6 C:/Freescale/CW MCU v10.6/MCU/ARM_GCC_Support/ewl/lib/armv7e-m/fpu\libc.a(ansi_files.o)
                                0x442 (size before relaxing)
 .debug_str     0x00002ea8      0x17e C:/Freescale/CW MCU v10.6/MCU/ARM_GCC_Support/ewl/lib/armv7e-m/fpu\libc.a(fwrite.o)
                                0x53b (size before relaxing)
 .debug_str     0x00003026       0x3c C:/Freescale/CW MCU v10.6/MCU/ARM_GCC_Support/ewl/lib/armv7e-m/fpu\libc.a(vsscanf.o)
                                0x1e5 (size before relaxing)
 .debug_str     0x00003062       0x55 C:/Freescale/CW MCU v10.6/MCU/ARM_GCC_Support/ewl/lib/armv7e-m/fpu\libc.a(__strtoul.o)
                                0x1fb (size before relaxing)
 .debug_str     0x000030b7       0x25 C:/Freescale/CW MCU v10.6/MCU/ARM_GCC_Support/ewl/lib/armv7e-m/fpu\libc.a(__filll_mem.o)
                                0x152 (size before relaxing)
 .debug_str     0x000030dc       0x22 C:/Freescale/CW MCU v10.6/MCU/ARM_GCC_Support/ewl/lib/armv7e-m/fpu\libc.a(__memrchr.o)
                                0x145 (size before relaxing)
 .debug_str     0x000030fe       0x1c C:/Freescale/CW MCU v10.6/MCU/ARM_GCC_Support/ewl/lib/armv7e-m/fpu\libc.a(memchr.o)
                                0x148 (size before relaxing)
 .debug_str     0x0000311a       0x1c C:/Freescale/CW MCU v10.6/MCU/ARM_GCC_Support/ewl/lib/armv7e-m/fpu\libc.a(strchr.o)
                                0x137 (size before relaxing)
 .debug_str     0x00003136       0x8b C:/Freescale/CW MCU v10.6/MCU/ARM_GCC_Support/ewl/lib/armv7e-m/fpu\libc.a(__buffer_io.o)
                                0x373 (size before relaxing)
 .debug_str     0x000031c1      0x126 C:/Freescale/CW MCU v10.6/MCU/ARM_GCC_Support/ewl/lib/armv7e-m/fpu\librt.a(gcc_ctor_dtor.o)
                                0x181 (size before relaxing)
 .debug_str     0x000032e7       0x96 C:/Freescale/CW MCU v10.6/MCU/ARM_GCC_Support/ewl/lib/armv7e-m/fpu\librt.a(ROMCopy.o)
                                0x13c (size before relaxing)
 .debug_str     0x0000337d       0xfd C:/Freescale/CW MCU v10.6/MCU/ARM_GCC_Support/ewl/lib/armv7e-m/fpu\librt.a(__arm_eabi_init.o)
                                0x1bf (size before relaxing)
 .debug_str     0x0000347a       0x9b C:/Freescale/CW MCU v10.6/MCU/ARM_GCC_Support/ewl/lib/armv7e-m/fpu\libhosted.a(semihosted_console_io.o)
                                0x1ac (size before relaxing)
 .debug_str     0x00003515      0x33a C:/Freescale/CW MCU v10.6/MCU/ARM_GCC_Support/ewl/lib/armv7e-m/fpu\libhosted.a(semihosted_file_io.o)
                                0x5f2 (size before relaxing)

.comment        0x00000000       0x79
 .comment       0x00000000       0x79 ./Project_Settings/Startup_Code/kinetis_sysinit.o
                                 0x7a (size before relaxing)
 .comment       0x00000000       0x7a ./Project_Settings/Startup_Code/__arm_start.o
 .comment       0x00000000       0x7a ./Project_Settings/Startup_Code/__arm_end.o
 .comment       0x00000000       0x7a ./Sources/univio.o
 .comment       0x00000000       0x7a ./Sources/uartNL.o
 .comment       0x00000000       0x7a ./Sources/uart.o
 .comment       0x00000000       0x7a ./Sources/simpleshell.o
 .comment       0x00000000       0x7a ./Sources/pushbutton.o
 .comment       0x00000000       0x7a ./Sources/mymalloc.o
 .comment       0x00000000       0x7a ./Sources/myerror.o
 .comment       0x00000000       0x7a ./Sources/microSD.o
 .comment       0x00000000       0x7a ./Sources/main.o
 .comment       0x00000000       0x7a ./Sources/led.o
 .comment       0x00000000       0x7a ./Sources/devices.o
 .comment       0x00000000       0x7a ./Sources/delay.o
 .comment       0x00000000       0x7a ./Sources/bootSector.o
 .comment       0x00000000       0x7a ./Sources/SDHC_FAT32_Files.o
 .comment       0x00000000       0x7a ./Sources/FAT.o
 .comment       0x00000000       0x7a C:/Freescale/CW MCU v10.6/MCU/ARM_GCC_Support/ewl/lib/armv7e-m/fpu\libc.a(printf.o)
 .comment       0x00000000       0x7a C:/Freescale/CW MCU v10.6/MCU/ARM_GCC_Support/ewl/lib/armv7e-m/fpu\libc.a(puts.o)
 .comment       0x00000000       0x7a C:/Freescale/CW MCU v10.6/MCU/ARM_GCC_Support/ewl/lib/armv7e-m/fpu\libc.a(snprintf.o)
 .comment       0x00000000       0x7a C:/Freescale/CW MCU v10.6/MCU/ARM_GCC_Support/ewl/lib/armv7e-m/fpu\libc.a(sprintf.o)
 .comment       0x00000000       0x7a C:/Freescale/CW MCU v10.6/MCU/ARM_GCC_Support/ewl/lib/armv7e-m/fpu\libc.a(vsnprintf.o)
 .comment       0x00000000       0x7a C:/Freescale/CW MCU v10.6/MCU/ARM_GCC_Support/ewl/lib/armv7e-m/fpu\libc.a(alloc.o)
 .comment       0x00000000       0x7a C:/Freescale/CW MCU v10.6/MCU/ARM_GCC_Support/ewl/lib/armv7e-m/fpu\libc.a(exit.o)
 .comment       0x00000000       0x7a C:/Freescale/CW MCU v10.6/MCU/ARM_GCC_Support/ewl/lib/armv7e-m/fpu\libc.a(strtoul.o)
 .comment       0x00000000       0x7a C:/Freescale/CW MCU v10.6/MCU/ARM_GCC_Support/ewl/lib/armv7e-m/fpu\libc.a(memcpy.o)
 .comment       0x00000000       0x7a C:/Freescale/CW MCU v10.6/MCU/ARM_GCC_Support/ewl/lib/armv7e-m/fpu\libc.a(memset.o)
 .comment       0x00000000       0x7a C:/Freescale/CW MCU v10.6/MCU/ARM_GCC_Support/ewl/lib/armv7e-m/fpu\libc.a(strlen.o)
 .comment       0x00000000       0x7a C:/Freescale/CW MCU v10.6/MCU/ARM_GCC_Support/ewl/lib/armv7e-m/fpu\libc.a(strncmp.o)
 .comment       0x00000000       0x7a C:/Freescale/CW MCU v10.6/MCU/ARM_GCC_Support/ewl/lib/armv7e-m/fpu\libc.a(printformat_.o)
 .comment       0x00000000       0x7a C:/Freescale/CW MCU v10.6/MCU/ARM_GCC_Support/ewl/lib/armv7e-m/fpu\libc.a(scanformat_.o)
 .comment       0x00000000       0x7a C:/Freescale/CW MCU v10.6/MCU/ARM_GCC_Support/ewl/lib/armv7e-m/fpu\libc.a(ctype_aeabi.o)
 .comment       0x00000000       0x7a C:/Freescale/CW MCU v10.6/MCU/ARM_GCC_Support/ewl/lib/armv7e-m/fpu\libc.a(errno.o)
 .comment       0x00000000       0x7a C:/Freescale/CW MCU v10.6/MCU/ARM_GCC_Support/ewl/lib/armv7e-m/fpu\libc.a(__putchar.o)
 .comment       0x00000000       0x7a C:/Freescale/CW MCU v10.6/MCU/ARM_GCC_Support/ewl/lib/armv7e-m/fpu\libc.a(ansi_files.o)
 .comment       0x00000000       0x7a C:/Freescale/CW MCU v10.6/MCU/ARM_GCC_Support/ewl/lib/armv7e-m/fpu\libc.a(fwrite.o)
 .comment       0x00000000       0x7a C:/Freescale/CW MCU v10.6/MCU/ARM_GCC_Support/ewl/lib/armv7e-m/fpu\libc.a(vsscanf.o)
 .comment       0x00000000       0x7a C:/Freescale/CW MCU v10.6/MCU/ARM_GCC_Support/ewl/lib/armv7e-m/fpu\libc.a(__strtoul.o)
 .comment       0x00000000       0x7a C:/Freescale/CW MCU v10.6/MCU/ARM_GCC_Support/ewl/lib/armv7e-m/fpu\libc.a(__filll_mem.o)
 .comment       0x00000000       0x7a C:/Freescale/CW MCU v10.6/MCU/ARM_GCC_Support/ewl/lib/armv7e-m/fpu\libc.a(__memrchr.o)
 .comment       0x00000000       0x7a C:/Freescale/CW MCU v10.6/MCU/ARM_GCC_Support/ewl/lib/armv7e-m/fpu\libc.a(memchr.o)
 .comment       0x00000000       0x7a C:/Freescale/CW MCU v10.6/MCU/ARM_GCC_Support/ewl/lib/armv7e-m/fpu\libc.a(strchr.o)
 .comment       0x00000000       0x7a C:/Freescale/CW MCU v10.6/MCU/ARM_GCC_Support/ewl/lib/armv7e-m/fpu\libc.a(__buffer_io.o)
 .comment       0x00000000       0x7a C:/Freescale/CW MCU v10.6/MCU/ARM_GCC_Support/ewl/lib/armv7e-m/fpu\librt.a(gcc_ctor_dtor.o)
 .comment       0x00000000       0x7a C:/Freescale/CW MCU v10.6/MCU/ARM_GCC_Support/ewl/lib/armv7e-m/fpu\librt.a(ROMCopy.o)
 .comment       0x00000000       0x7a C:/Freescale/CW MCU v10.6/MCU/ARM_GCC_Support/ewl/lib/armv7e-m/fpu\librt.a(__arm_eabi_init.o)
 .comment       0x00000000       0x7a C:/Freescale/CW MCU v10.6/MCU/ARM_GCC_Support/ewl/lib/armv7e-m/fpu\libhosted.a(semihosted_console_io.o)
 .comment       0x00000000       0x7a C:/Freescale/CW MCU v10.6/MCU/ARM_GCC_Support/ewl/lib/armv7e-m/fpu\libhosted.a(semihosted_file_io.o)

.debug_frame    0x00000000     0x1f20
 .debug_frame   0x00000000       0x40 ./Project_Settings/Startup_Code/kinetis_sysinit.o
 .debug_frame   0x00000040       0x4c ./Project_Settings/Startup_Code/__arm_start.o
 .debug_frame   0x0000008c       0x30 ./Project_Settings/Startup_Code/__arm_end.o
 .debug_frame   0x000000bc      0x1f8 ./Sources/univio.o
 .debug_frame   0x000002b4       0x50 ./Sources/uartNL.o
 .debug_frame   0x00000304       0xa0 ./Sources/uart.o
 .debug_frame   0x000003a4      0x3b8 ./Sources/simpleshell.o
 .debug_frame   0x0000075c       0x94 ./Sources/pushbutton.o
 .debug_frame   0x000007f0      0x1d8 ./Sources/mymalloc.o
 .debug_frame   0x000009c8       0x30 ./Sources/myerror.o
 .debug_frame   0x000009f8      0x308 ./Sources/microSD.o
 .debug_frame   0x00000d00       0x2c ./Sources/main.o
 .debug_frame   0x00000d2c      0x14c ./Sources/led.o
 .debug_frame   0x00000e78       0x30 ./Sources/devices.o
 .debug_frame   0x00000ea8       0x2c ./Sources/delay.o
 .debug_frame   0x00000ed4       0xc4 ./Sources/bootSector.o
 .debug_frame   0x00000f98      0x3f8 ./Sources/SDHC_FAT32_Files.o
 .debug_frame   0x00001390       0xe8 ./Sources/FAT.o
 .debug_frame   0x00001478       0x3c C:/Freescale/CW MCU v10.6/MCU/ARM_GCC_Support/ewl/lib/armv7e-m/fpu\libc.a(printf.o)
 .debug_frame   0x000014b4       0x28 C:/Freescale/CW MCU v10.6/MCU/ARM_GCC_Support/ewl/lib/armv7e-m/fpu\libc.a(puts.o)
 .debug_frame   0x000014dc       0x34 C:/Freescale/CW MCU v10.6/MCU/ARM_GCC_Support/ewl/lib/armv7e-m/fpu\libc.a(snprintf.o)
 .debug_frame   0x00001510       0x34 C:/Freescale/CW MCU v10.6/MCU/ARM_GCC_Support/ewl/lib/armv7e-m/fpu\libc.a(sprintf.o)
 .debug_frame   0x00001544       0x4c C:/Freescale/CW MCU v10.6/MCU/ARM_GCC_Support/ewl/lib/armv7e-m/fpu\libc.a(vsnprintf.o)
 .debug_frame   0x00001590       0x88 C:/Freescale/CW MCU v10.6/MCU/ARM_GCC_Support/ewl/lib/armv7e-m/fpu\libc.a(alloc.o)
 .debug_frame   0x00001618       0x28 C:/Freescale/CW MCU v10.6/MCU/ARM_GCC_Support/ewl/lib/armv7e-m/fpu\libc.a(exit.o)
 .debug_frame   0x00001640       0x2c C:/Freescale/CW MCU v10.6/MCU/ARM_GCC_Support/ewl/lib/armv7e-m/fpu\libc.a(strtoul.o)
 .debug_frame   0x0000166c       0x28 C:/Freescale/CW MCU v10.6/MCU/ARM_GCC_Support/ewl/lib/armv7e-m/fpu\libc.a(memcpy.o)
 .debug_frame   0x00001694       0x28 C:/Freescale/CW MCU v10.6/MCU/ARM_GCC_Support/ewl/lib/armv7e-m/fpu\libc.a(memset.o)
 .debug_frame   0x000016bc       0x20 C:/Freescale/CW MCU v10.6/MCU/ARM_GCC_Support/ewl/lib/armv7e-m/fpu\libc.a(strlen.o)
 .debug_frame   0x000016dc       0x2c C:/Freescale/CW MCU v10.6/MCU/ARM_GCC_Support/ewl/lib/armv7e-m/fpu\libc.a(strncmp.o)
 .debug_frame   0x00001708       0x64 C:/Freescale/CW MCU v10.6/MCU/ARM_GCC_Support/ewl/lib/armv7e-m/fpu\libc.a(printformat_.o)
 .debug_frame   0x0000176c       0x3c C:/Freescale/CW MCU v10.6/MCU/ARM_GCC_Support/ewl/lib/armv7e-m/fpu\libc.a(scanformat_.o)
 .debug_frame   0x000017a8       0xf0 C:/Freescale/CW MCU v10.6/MCU/ARM_GCC_Support/ewl/lib/armv7e-m/fpu\libc.a(ctype_aeabi.o)
 .debug_frame   0x00001898       0x2c C:/Freescale/CW MCU v10.6/MCU/ARM_GCC_Support/ewl/lib/armv7e-m/fpu\libc.a(__putchar.o)
 .debug_frame   0x000018c4       0x48 C:/Freescale/CW MCU v10.6/MCU/ARM_GCC_Support/ewl/lib/armv7e-m/fpu\libc.a(ansi_files.o)
 .debug_frame   0x0000190c       0x64 C:/Freescale/CW MCU v10.6/MCU/ARM_GCC_Support/ewl/lib/armv7e-m/fpu\libc.a(fwrite.o)
 .debug_frame   0x00001970       0x40 C:/Freescale/CW MCU v10.6/MCU/ARM_GCC_Support/ewl/lib/armv7e-m/fpu\libc.a(vsscanf.o)
 .debug_frame   0x000019b0       0x3c C:/Freescale/CW MCU v10.6/MCU/ARM_GCC_Support/ewl/lib/armv7e-m/fpu\libc.a(__strtoul.o)
 .debug_frame   0x000019ec       0x2c C:/Freescale/CW MCU v10.6/MCU/ARM_GCC_Support/ewl/lib/armv7e-m/fpu\libc.a(__filll_mem.o)
 .debug_frame   0x00001a18       0x28 C:/Freescale/CW MCU v10.6/MCU/ARM_GCC_Support/ewl/lib/armv7e-m/fpu\libc.a(__memrchr.o)
 .debug_frame   0x00001a40       0x20 C:/Freescale/CW MCU v10.6/MCU/ARM_GCC_Support/ewl/lib/armv7e-m/fpu\libc.a(memchr.o)
 .debug_frame   0x00001a60       0x20 C:/Freescale/CW MCU v10.6/MCU/ARM_GCC_Support/ewl/lib/armv7e-m/fpu\libc.a(strchr.o)
 .debug_frame   0x00001a80       0x58 C:/Freescale/CW MCU v10.6/MCU/ARM_GCC_Support/ewl/lib/armv7e-m/fpu\libc.a(__buffer_io.o)
 .debug_frame   0x00001ad8       0x40 C:/Freescale/CW MCU v10.6/MCU/ARM_GCC_Support/ewl/lib/armv7e-m/fpu\librt.a(gcc_ctor_dtor.o)
 .debug_frame   0x00001b18       0x48 C:/Freescale/CW MCU v10.6/MCU/ARM_GCC_Support/ewl/lib/armv7e-m/fpu\librt.a(ROMCopy.o)
 .debug_frame   0x00001b60       0xbc C:/Freescale/CW MCU v10.6/MCU/ARM_GCC_Support/ewl/lib/armv7e-m/fpu\librt.a(__arm_eabi_init.o)
 .debug_frame   0x00001c1c       0x90 C:/Freescale/CW MCU v10.6/MCU/ARM_GCC_Support/ewl/lib/armv7e-m/fpu\libhosted.a(semihosted_console_io.o)
 .debug_frame   0x00001cac      0x274 C:/Freescale/CW MCU v10.6/MCU/ARM_GCC_Support/ewl/lib/armv7e-m/fpu\libhosted.a(semihosted_file_io.o)
